10.143.2.91 - - [23/Jan/2022:06:36:13 +0000] "GET / HTTP/1.1" 200 6203 "-" "Mozilla/5.0 (X11; Ubuntu; Linux x86_64; rv:86.0) Gecko/20100101 Firefox/86.0"
10.143.2.91 - - [23/Jan/2022:06:36:14 +0000] "GET /wp-includes/css/dist/block-library/style.min.css?ver=5.8.3 HTTP/1.1" 200 10846 "http://intranet.smith.russellmitchell.com/" "Mozilla/5.0 (X11; Ubuntu; Linux x86_64; rv:86.0) Gecko/20100101 Firefox/86.0"
10.143.2.91 - - [23/Jan/2022:06:36:14 +0000] "GET /wp-includes/js/wp-embed.min.js?ver=5.8.3 HTTP/1.1" 200 1099 "http://intranet.smith.russellmitchell.com/" "Mozilla/5.0 (X11; Ubuntu; Linux x86_64; rv:86.0) Gecko/20100101 Firefox/86.0"
10.143.2.91 - - [23/Jan/2022:06:36:14 +0000] "GET /wp-content/themes/go/dist/js/frontend.min.js?ver=1.5.2 HTTP/1.1" 200 2916 "http://intranet.smith.russellmitchell.com/" "Mozilla/5.0 (X11; Ubuntu; Linux x86_64; rv:86.0) Gecko/20100101 Firefox/86.0"
10.143.2.91 - - [23/Jan/2022:06:36:14 +0000] "GET /wp-content/themes/go/dist/css/style-shared.min.css?ver=1.5.2 HTTP/1.1" 200 23204 "http://intranet.smith.russellmitchell.com/" "Mozilla/5.0 (X11; Ubuntu; Linux x86_64; rv:86.0) Gecko/20100101 Firefox/86.0"
10.143.2.4 - - [23/Jan/2022:06:36:14 +0000] "GET / HTTP/1.1" 200 9138 "-" "WordPress/5.8.3; https://intranet.smith.russellmitchell.com"
10.143.2.91 - - [23/Jan/2022:06:36:14 +0000] "GET /wp-content/themes/go/dist/css/design-styles/style-traditional.min.css?ver=1.5.2 HTTP/1.1" 200 1412 "http://intranet.smith.russellmitchell.com/" "Mozilla/5.0 (X11; Ubuntu; Linux x86_64; rv:86.0) Gecko/20100101 Firefox/86.0"
10.143.2.91 - - [23/Jan/2022:06:36:14 +0000] "GET /wp-includes/js/wp-emoji-release.min.js?ver=5.8.3 HTTP/1.1" 200 5266 "http://intranet.smith.russellmitchell.com/" "Mozilla/5.0 (X11; Ubuntu; Linux x86_64; rv:86.0) Gecko/20100101 Firefox/86.0"
10.143.2.91 - - [23/Jan/2022:06:36:14 +0000] "GET /favicon.ico HTTP/1.1" 404 396 "http://intranet.smith.russellmitchell.com/" "Mozilla/5.0 (X11; Ubuntu; Linux x86_64; rv:86.0) Gecko/20100101 Firefox/86.0"
10.143.2.4 - - [23/Jan/2022:06:36:14 +0000] "POST /wp-cron.php?doing_wp_cron=1642919774.1963219642639160156250 HTTP/1.1" 200 150 "-" "WordPress/5.8.3; https://intranet.smith.russellmitchell.com"
::1 - - [23/Jan/2022:06:36:20 +0000] "OPTIONS * HTTP/1.0" 200 110 "-" "Apache/2.4.29 (Ubuntu) OpenSSL/1.1.1 (internal dummy connection)"
172.19.131.174 - - [23/Jan/2022:07:54:24 +0000] "GET / HTTP/1.1" 200 6203 "-" "Mozilla/5.0 (X11; Linux x86_64) AppleWebKit/537.36 (KHTML, like Gecko) HeadlessChrome/97.0.4692.71 Safari/537.36"
10.143.2.4 - - [23/Jan/2022:07:54:24 +0000] "POST /wp-cron.php?doing_wp_cron=1642924464.4440538883209228515625 HTTP/1.1" 200 150 "-" "WordPress/5.8.3; https://intranet.smith.russellmitchell.com"
172.19.131.174 - - [23/Jan/2022:07:54:24 +0000] "GET /wp-includes/css/dist/block-library/style.min.css?ver=5.8.3 HTTP/1.1" 200 10846 "http://intranet.smith.russellmitchell.com/" "Mozilla/5.0 (X11; Linux x86_64) AppleWebKit/537.36 (KHTML, like Gecko) HeadlessChrome/97.0.4692.71 Safari/537.36"
172.19.131.174 - - [23/Jan/2022:07:54:24 +0000] "GET /wp-content/themes/go/dist/css/design-styles/style-traditional.min.css?ver=1.5.2 HTTP/1.1" 200 1412 "http://intranet.smith.russellmitchell.com/" "Mozilla/5.0 (X11; Linux x86_64) AppleWebKit/537.36 (KHTML, like Gecko) HeadlessChrome/97.0.4692.71 Safari/537.36"
172.19.131.174 - - [23/Jan/2022:07:54:24 +0000] "GET /wp-includes/js/wp-embed.min.js?ver=5.8.3 HTTP/1.1" 200 1099 "http://intranet.smith.russellmitchell.com/" "Mozilla/5.0 (X11; Linux x86_64) AppleWebKit/537.36 (KHTML, like Gecko) HeadlessChrome/97.0.4692.71 Safari/537.36"
172.19.131.174 - - [23/Jan/2022:07:54:24 +0000] "GET /wp-content/themes/go/dist/js/frontend.min.js?ver=1.5.2 HTTP/1.1" 200 2915 "http://intranet.smith.russellmitchell.com/" "Mozilla/5.0 (X11; Linux x86_64) AppleWebKit/537.36 (KHTML, like Gecko) HeadlessChrome/97.0.4692.71 Safari/537.36"
172.19.131.174 - - [23/Jan/2022:07:54:24 +0000] "GET /wp-content/themes/go/dist/css/style-shared.min.css?ver=1.5.2 HTTP/1.1" 200 23204 "http://intranet.smith.russellmitchell.com/" "Mozilla/5.0 (X11; Linux x86_64) AppleWebKit/537.36 (KHTML, like Gecko) HeadlessChrome/97.0.4692.71 Safari/537.36"
172.19.131.174 - - [23/Jan/2022:07:54:24 +0000] "GET /wp-includes/js/wp-emoji-release.min.js?ver=5.8.3 HTTP/1.1" 200 5265 "http://intranet.smith.russellmitchell.com/" "Mozilla/5.0 (X11; Linux x86_64) AppleWebKit/537.36 (KHTML, like Gecko) HeadlessChrome/97.0.4692.71 Safari/537.36"
172.19.131.174 - - [23/Jan/2022:07:55:16 +0000] "-" 408 0 "-" "-"
172.19.131.174 - - [23/Jan/2022:07:59:27 +0000] "GET /?p=5 HTTP/1.1" 200 30160 "-" "Mozilla/5.0 (X11; Linux x86_64) AppleWebKit/537.36 (KHTML, like Gecko) HeadlessChrome/97.0.4692.71 Safari/537.36"
172.19.131.174 - - [23/Jan/2022:07:59:27 +0000] "GET /wp-includes/css/dist/block-library/style.min.css?ver=5.8.3 HTTP/1.1" 200 10934 "https://intranet.smith.russellmitchell.com/?p=5" "Mozilla/5.0 (X11; Linux x86_64) AppleWebKit/537.36 (KHTML, like Gecko) HeadlessChrome/97.0.4692.71 Safari/537.36"
172.19.131.174 - - [23/Jan/2022:07:59:27 +0000] "GET /wp-content/plugins/wpdiscuz/themes/default/style.css?ver=7.0.4 HTTP/1.1" 200 20302 "https://intranet.smith.russellmitchell.com/?p=5" "Mozilla/5.0 (X11; Linux x86_64) AppleWebKit/537.36 (KHTML, like Gecko) HeadlessChrome/97.0.4692.71 Safari/537.36"
172.19.131.174 - - [23/Jan/2022:07:59:27 +0000] "GET /wp-content/plugins/wpdiscuz/assets/third-party/font-awesome-5.13.0/css/fa.min.css?ver=7.0.4 HTTP/1.1" 200 3464 "https://intranet.smith.russellmitchell.com/?p=5" "Mozilla/5.0 (X11; Linux x86_64) AppleWebKit/537.36 (KHTML, like Gecko) HeadlessChrome/97.0.4692.71 Safari/537.36"
172.19.131.174 - - [23/Jan/2022:07:59:27 +0000] "GET /wp-content/themes/go/dist/css/design-styles/style-traditional.min.css?ver=1.5.2 HTTP/1.1" 200 1433 "https://intranet.smith.russellmitchell.com/?p=5" "Mozilla/5.0 (X11; Linux x86_64) AppleWebKit/537.36 (KHTML, like Gecko) HeadlessChrome/97.0.4692.71 Safari/537.36"
172.19.131.174 - - [23/Jan/2022:07:59:27 +0000] "GET /wp-content/plugins/wpdiscuz/assets/css/wpdiscuz-combo.min.css?ver=5.8.3 HTTP/1.1" 200 7375 "https://intranet.smith.russellmitchell.com/?p=5" "Mozilla/5.0 (X11; Linux x86_64) AppleWebKit/537.36 (KHTML, like Gecko) HeadlessChrome/97.0.4692.71 Safari/537.36"
172.19.131.174 - - [23/Jan/2022:07:59:27 +0000] "GET /wp-includes/js/jquery/jquery-migrate.min.js?ver=3.3.2 HTTP/1.1" 200 4570 "https://intranet.smith.russellmitchell.com/?p=5" "Mozilla/5.0 (X11; Linux x86_64) AppleWebKit/537.36 (KHTML, like Gecko) HeadlessChrome/97.0.4692.71 Safari/537.36"
172.19.131.174 - - [23/Jan/2022:07:59:27 +0000] "GET /wp-content/themes/go/dist/css/style-shared.min.css?ver=1.5.2 HTTP/1.1" 200 23889 "https://intranet.smith.russellmitchell.com/?p=5" "Mozilla/5.0 (X11; Linux x86_64) AppleWebKit/537.36 (KHTML, like Gecko) HeadlessChrome/97.0.4692.71 Safari/537.36"
172.19.131.174 - - [23/Jan/2022:07:59:27 +0000] "GET /wp-includes/js/jquery/jquery.min.js?ver=3.6.0 HTTP/1.1" 200 34398 "https://intranet.smith.russellmitchell.com/?p=5" "Mozilla/5.0 (X11; Linux x86_64) AppleWebKit/537.36 (KHTML, like Gecko) HeadlessChrome/97.0.4692.71 Safari/537.36"
172.19.131.174 - - [23/Jan/2022:07:59:28 +0000] "GET /wp-includes/js/wp-emoji-release.min.js?ver=5.8.3 HTTP/1.1" 200 5331 "https://intranet.smith.russellmitchell.com/?p=5" "Mozilla/5.0 (X11; Linux x86_64) AppleWebKit/537.36 (KHTML, like Gecko) HeadlessChrome/97.0.4692.71 Safari/537.36"
172.19.131.174 - - [23/Jan/2022:07:59:28 +0000] "GET /wp-content/plugins/wpdiscuz/themes/default/css/fonts/sqr721c-webfont.woff2 HTTP/1.1" 200 18908 "https://intranet.smith.russellmitchell.com/wp-content/plugins/wpdiscuz/themes/default/style.css?ver=7.0.4" "Mozilla/5.0 (X11; Linux x86_64) AppleWebKit/537.36 (KHTML, like Gecko) HeadlessChrome/97.0.4692.71 Safari/537.36"
172.19.131.174 - - [23/Jan/2022:07:59:28 +0000] "GET /wp-content/plugins/wpdiscuz/assets/third-party/font-awesome-5.13.0/webfonts/fa-regular-400.woff2 HTTP/1.1" 200 13874 "https://intranet.smith.russellmitchell.com/wp-content/plugins/wpdiscuz/assets/third-party/font-awesome-5.13.0/css/fa.min.css?ver=7.0.4" "Mozilla/5.0 (X11; Linux x86_64) AppleWebKit/537.36 (KHTML, like Gecko) HeadlessChrome/97.0.4692.71 Safari/537.36"
172.19.131.174 - - [23/Jan/2022:07:59:28 +0000] "GET /wp-content/plugins/wpdiscuz/assets/third-party/font-awesome-5.13.0/webfonts/fa-solid-900.woff2 HTTP/1.1" 200 79823 "https://intranet.smith.russellmitchell.com/wp-content/plugins/wpdiscuz/assets/third-party/font-awesome-5.13.0/css/fa.min.css?ver=7.0.4" "Mozilla/5.0 (X11; Linux x86_64) AppleWebKit/537.36 (KHTML, like Gecko) HeadlessChrome/97.0.4692.71 Safari/537.36"
172.19.131.174 - - [23/Jan/2022:07:59:28 +0000] "GET /wp-content/plugins/wpdiscuz/assets/third-party/font-awesome-5.13.0/webfonts/fa-brands-400.woff2 HTTP/1.1" 200 76991 "https://intranet.smith.russellmitchell.com/wp-content/plugins/wpdiscuz/assets/third-party/font-awesome-5.13.0/css/fa.min.css?ver=7.0.4" "Mozilla/5.0 (X11; Linux x86_64) AppleWebKit/537.36 (KHTML, like Gecko) HeadlessChrome/97.0.4692.71 Safari/537.36"
172.19.131.174 - - [23/Jan/2022:07:59:29 +0000] "GET /wp-includes/js/comment-reply.min.js?ver=5.8.3 HTTP/1.1" 200 1702 "https://intranet.smith.russellmitchell.com/?p=5" "Mozilla/5.0 (X11; Linux x86_64) AppleWebKit/537.36 (KHTML, like Gecko) HeadlessChrome/97.0.4692.71 Safari/537.36"
172.19.131.174 - - [23/Jan/2022:07:59:29 +0000] "GET /wp-includes/js/wp-embed.min.js?ver=5.8.3 HTTP/1.1" 200 1120 "https://intranet.smith.russellmitchell.com/?p=5" "Mozilla/5.0 (X11; Linux x86_64) AppleWebKit/537.36 (KHTML, like Gecko) HeadlessChrome/97.0.4692.71 Safari/537.36"
172.19.131.174 - - [23/Jan/2022:07:59:29 +0000] "GET /wp-content/themes/go/dist/js/frontend.min.js?ver=1.5.2 HTTP/1.1" 200 2981 "https://intranet.smith.russellmitchell.com/?p=5" "Mozilla/5.0 (X11; Linux x86_64) AppleWebKit/537.36 (KHTML, like Gecko) HeadlessChrome/97.0.4692.71 Safari/537.36"
172.19.131.174 - - [23/Jan/2022:07:59:29 +0000] "GET /wp-content/plugins/wpdiscuz/assets/js/wpdiscuz-combo.min.js?ver=7.0.4 HTTP/1.1" 200 71266 "https://intranet.smith.russellmitchell.com/?p=5" "Mozilla/5.0 (X11; Linux x86_64) AppleWebKit/537.36 (KHTML, like Gecko) HeadlessChrome/97.0.4692.71 Safari/537.36"
::1 - - [23/Jan/2022:07:59:37 +0000] "OPTIONS * HTTP/1.0" 200 110 "-" "Apache/2.4.29 (Ubuntu) OpenSSL/1.1.1 (internal dummy connection)"
172.19.131.174 - - [23/Jan/2022:08:03:03 +0000] "GET /wp-content/plugins/wpdiscuz/assets/img/loading.gif HTTP/1.1" 200 4069 "https://intranet.smith.russellmitchell.com/wp-content/plugins/wpdiscuz/themes/default/style.css?ver=7.0.4" "Mozilla/5.0 (X11; Linux x86_64) AppleWebKit/537.36 (KHTML, like Gecko) HeadlessChrome/97.0.4692.71 Safari/537.36"
172.19.131.174 - - [23/Jan/2022:08:03:03 +0000] "POST /wp-admin/admin-ajax.php HTTP/1.1" 200 5667 "https://intranet.smith.russellmitchell.com/?p=5" "Mozilla/5.0 (X11; Linux x86_64) AppleWebKit/537.36 (KHTML, like Gecko) HeadlessChrome/97.0.4692.71 Safari/537.36"
172.19.131.174 - - [23/Jan/2022:08:03:03 +0000] "POST /wp-admin/admin-ajax.php HTTP/1.1" 200 549 "https://intranet.smith.russellmitchell.com/?p=5" "Mozilla/5.0 (X11; Linux x86_64) AppleWebKit/537.36 (KHTML, like Gecko) HeadlessChrome/97.0.4692.71 Safari/537.36"
172.19.131.174 - - [23/Jan/2022:08:03:41 +0000] "POST /wp-admin/admin-ajax.php HTTP/1.1" 200 1237 "https://intranet.smith.russellmitchell.com/?p=5" "Mozilla/5.0 (X11; Linux x86_64) AppleWebKit/537.36 (KHTML, like Gecko) HeadlessChrome/97.0.4692.71 Safari/537.36"
172.19.131.174 - - [23/Jan/2022:08:03:49 +0000] "GET / HTTP/1.1" 200 6203 "-" "Mozilla/5.0 (X11; Linux x86_64) AppleWebKit/537.36 (KHTML, like Gecko) HeadlessChrome/97.0.4692.71 Safari/537.36"
172.19.131.174 - - [23/Jan/2022:08:15:12 +0000] "GET / HTTP/1.1" 200 6203 "-" "Mozilla/5.0 (X11; Linux x86_64) AppleWebKit/537.36 (KHTML, like Gecko) HeadlessChrome/97.0.4692.71 Safari/537.36"
172.19.131.174 - - [23/Jan/2022:08:15:12 +0000] "GET /wp-includes/css/dist/block-library/style.min.css?ver=5.8.3 HTTP/1.1" 200 10846 "http://intranet.smith.russellmitchell.com/" "Mozilla/5.0 (X11; Linux x86_64) AppleWebKit/537.36 (KHTML, like Gecko) HeadlessChrome/97.0.4692.71 Safari/537.36"
172.19.131.174 - - [23/Jan/2022:08:15:12 +0000] "GET /wp-content/themes/go/dist/css/design-styles/style-traditional.min.css?ver=1.5.2 HTTP/1.1" 200 1412 "http://intranet.smith.russellmitchell.com/" "Mozilla/5.0 (X11; Linux x86_64) AppleWebKit/537.36 (KHTML, like Gecko) HeadlessChrome/97.0.4692.71 Safari/537.36"
172.19.131.174 - - [23/Jan/2022:08:15:12 +0000] "GET /wp-content/themes/go/dist/css/style-shared.min.css?ver=1.5.2 HTTP/1.1" 200 23204 "http://intranet.smith.russellmitchell.com/" "Mozilla/5.0 (X11; Linux x86_64) AppleWebKit/537.36 (KHTML, like Gecko) HeadlessChrome/97.0.4692.71 Safari/537.36"
172.19.131.174 - - [23/Jan/2022:08:15:13 +0000] "GET /wp-content/themes/go/dist/js/frontend.min.js?ver=1.5.2 HTTP/1.1" 200 2915 "http://intranet.smith.russellmitchell.com/" "Mozilla/5.0 (X11; Linux x86_64) AppleWebKit/537.36 (KHTML, like Gecko) HeadlessChrome/97.0.4692.71 Safari/537.36"
172.19.131.174 - - [23/Jan/2022:08:15:13 +0000] "GET /wp-includes/js/wp-embed.min.js?ver=5.8.3 HTTP/1.1" 200 1098 "http://intranet.smith.russellmitchell.com/" "Mozilla/5.0 (X11; Linux x86_64) AppleWebKit/537.36 (KHTML, like Gecko) HeadlessChrome/97.0.4692.71 Safari/537.36"
172.19.131.174 - - [23/Jan/2022:08:15:13 +0000] "GET /wp-includes/js/wp-emoji-release.min.js?ver=5.8.3 HTTP/1.1" 200 5265 "http://intranet.smith.russellmitchell.com/" "Mozilla/5.0 (X11; Linux x86_64) AppleWebKit/537.36 (KHTML, like Gecko) HeadlessChrome/97.0.4692.71 Safari/537.36"
172.19.131.174 - - [23/Jan/2022:09:46:43 +0000] "GET / HTTP/1.1" 200 6203 "-" "Mozilla/5.0 (X11; Linux x86_64) AppleWebKit/537.36 (KHTML, like Gecko) HeadlessChrome/97.0.4692.71 Safari/537.36"
10.143.2.4 - - [23/Jan/2022:09:46:43 +0000] "POST /wp-cron.php?doing_wp_cron=1642931203.8908340930938720703125 HTTP/1.1" 200 150 "-" "WordPress/5.8.3; https://intranet.smith.russellmitchell.com"
172.19.131.174 - - [23/Jan/2022:09:46:44 +0000] "GET /wp-includes/css/dist/block-library/style.min.css?ver=5.8.3 HTTP/1.1" 200 10846 "http://intranet.smith.russellmitchell.com/" "Mozilla/5.0 (X11; Linux x86_64) AppleWebKit/537.36 (KHTML, like Gecko) HeadlessChrome/97.0.4692.71 Safari/537.36"
172.19.131.174 - - [23/Jan/2022:09:46:44 +0000] "GET /wp-content/themes/go/dist/css/style-shared.min.css?ver=1.5.2 HTTP/1.1" 200 23204 "http://intranet.smith.russellmitchell.com/" "Mozilla/5.0 (X11; Linux x86_64) AppleWebKit/537.36 (KHTML, like Gecko) HeadlessChrome/97.0.4692.71 Safari/537.36"
172.19.131.174 - - [23/Jan/2022:09:46:44 +0000] "GET /wp-content/themes/go/dist/css/design-styles/style-traditional.min.css?ver=1.5.2 HTTP/1.1" 200 1411 "http://intranet.smith.russellmitchell.com/" "Mozilla/5.0 (X11; Linux x86_64) AppleWebKit/537.36 (KHTML, like Gecko) HeadlessChrome/97.0.4692.71 Safari/537.36"
172.19.131.174 - - [23/Jan/2022:09:46:44 +0000] "GET /wp-content/themes/go/dist/js/frontend.min.js?ver=1.5.2 HTTP/1.1" 200 2916 "http://intranet.smith.russellmitchell.com/" "Mozilla/5.0 (X11; Linux x86_64) AppleWebKit/537.36 (KHTML, like Gecko) HeadlessChrome/97.0.4692.71 Safari/537.36"
172.19.131.174 - - [23/Jan/2022:09:46:44 +0000] "GET /wp-includes/js/wp-embed.min.js?ver=5.8.3 HTTP/1.1" 200 1099 "http://intranet.smith.russellmitchell.com/" "Mozilla/5.0 (X11; Linux x86_64) AppleWebKit/537.36 (KHTML, like Gecko) HeadlessChrome/97.0.4692.71 Safari/537.36"
172.19.131.174 - - [23/Jan/2022:09:46:44 +0000] "GET /wp-includes/js/wp-emoji-release.min.js?ver=5.8.3 HTTP/1.1" 200 5265 "http://intranet.smith.russellmitchell.com/" "Mozilla/5.0 (X11; Linux x86_64) AppleWebKit/537.36 (KHTML, like Gecko) HeadlessChrome/97.0.4692.71 Safari/537.36"
172.19.131.174 - - [23/Jan/2022:09:51:47 +0000] "GET /?p=5 HTTP/1.1" 200 30288 "-" "Mozilla/5.0 (X11; Linux x86_64) AppleWebKit/537.36 (KHTML, like Gecko) HeadlessChrome/97.0.4692.71 Safari/537.36"
172.19.131.174 - - [23/Jan/2022:09:51:47 +0000] "GET /wp-includes/css/dist/block-library/style.min.css?ver=5.8.3 HTTP/1.1" 200 10934 "https://intranet.smith.russellmitchell.com/?p=5" "Mozilla/5.0 (X11; Linux x86_64) AppleWebKit/537.36 (KHTML, like Gecko) HeadlessChrome/97.0.4692.71 Safari/537.36"
172.19.131.174 - - [23/Jan/2022:09:51:47 +0000] "GET /wp-content/plugins/wpdiscuz/assets/third-party/font-awesome-5.13.0/css/fa.min.css?ver=7.0.4 HTTP/1.1" 200 3464 "https://intranet.smith.russellmitchell.com/?p=5" "Mozilla/5.0 (X11; Linux x86_64) AppleWebKit/537.36 (KHTML, like Gecko) HeadlessChrome/97.0.4692.71 Safari/537.36"
172.19.131.174 - - [23/Jan/2022:09:51:47 +0000] "GET /wp-content/plugins/wpdiscuz/assets/css/wpdiscuz-combo.min.css?ver=5.8.3 HTTP/1.1" 200 9820 "https://intranet.smith.russellmitchell.com/?p=5" "Mozilla/5.0 (X11; Linux x86_64) AppleWebKit/537.36 (KHTML, like Gecko) HeadlessChrome/97.0.4692.71 Safari/537.36"
172.19.131.174 - - [23/Jan/2022:09:51:47 +0000] "GET /wp-content/plugins/wpdiscuz/themes/default/style.css?ver=7.0.4 HTTP/1.1" 200 20302 "https://intranet.smith.russellmitchell.com/?p=5" "Mozilla/5.0 (X11; Linux x86_64) AppleWebKit/537.36 (KHTML, like Gecko) HeadlessChrome/97.0.4692.71 Safari/537.36"
172.19.131.174 - - [23/Jan/2022:09:51:47 +0000] "GET /wp-content/themes/go/dist/css/style-shared.min.css?ver=1.5.2 HTTP/1.1" 200 23313 "https://intranet.smith.russellmitchell.com/?p=5" "Mozilla/5.0 (X11; Linux x86_64) AppleWebKit/537.36 (KHTML, like Gecko) HeadlessChrome/97.0.4692.71 Safari/537.36"
172.19.131.174 - - [23/Jan/2022:09:51:47 +0000] "GET /wp-content/themes/go/dist/css/design-styles/style-traditional.min.css?ver=1.5.2 HTTP/1.1" 200 2009 "https://intranet.smith.russellmitchell.com/?p=5" "Mozilla/5.0 (X11; Linux x86_64) AppleWebKit/537.36 (KHTML, like Gecko) HeadlessChrome/97.0.4692.71 Safari/537.36"
172.19.131.174 - - [23/Jan/2022:09:51:47 +0000] "GET /wp-includes/js/jquery/jquery-migrate.min.js?ver=3.3.2 HTTP/1.1" 200 4570 "https://intranet.smith.russellmitchell.com/?p=5" "Mozilla/5.0 (X11; Linux x86_64) AppleWebKit/537.36 (KHTML, like Gecko) HeadlessChrome/97.0.4692.71 Safari/537.36"
172.19.131.174 - - [23/Jan/2022:09:51:47 +0000] "GET /wp-includes/js/jquery/jquery.min.js?ver=3.6.0 HTTP/1.1" 200 31953 "https://intranet.smith.russellmitchell.com/?p=5" "Mozilla/5.0 (X11; Linux x86_64) AppleWebKit/537.36 (KHTML, like Gecko) HeadlessChrome/97.0.4692.71 Safari/537.36"
172.19.131.174 - - [23/Jan/2022:09:51:47 +0000] "GET /wp-includes/js/wp-emoji-release.min.js?ver=5.8.3 HTTP/1.1" 200 5331 "https://intranet.smith.russellmitchell.com/?p=5" "Mozilla/5.0 (X11; Linux x86_64) AppleWebKit/537.36 (KHTML, like Gecko) HeadlessChrome/97.0.4692.71 Safari/537.36"
172.19.131.174 - - [23/Jan/2022:09:51:47 +0000] "GET /wp-content/plugins/wpdiscuz/assets/third-party/font-awesome-5.13.0/webfonts/fa-regular-400.woff2 HTTP/1.1" 200 13874 "https://intranet.smith.russellmitchell.com/wp-content/plugins/wpdiscuz/assets/third-party/font-awesome-5.13.0/css/fa.min.css?ver=7.0.4" "Mozilla/5.0 (X11; Linux x86_64) AppleWebKit/537.36 (KHTML, like Gecko) HeadlessChrome/97.0.4692.71 Safari/537.36"
172.19.131.174 - - [23/Jan/2022:09:51:47 +0000] "GET /wp-content/plugins/wpdiscuz/themes/default/css/fonts/sqr721c-webfont.woff2 HTTP/1.1" 200 18908 "https://intranet.smith.russellmitchell.com/wp-content/plugins/wpdiscuz/themes/default/style.css?ver=7.0.4" "Mozilla/5.0 (X11; Linux x86_64) AppleWebKit/537.36 (KHTML, like Gecko) HeadlessChrome/97.0.4692.71 Safari/537.36"
172.19.131.174 - - [23/Jan/2022:09:51:47 +0000] "GET /wp-content/plugins/wpdiscuz/assets/third-party/font-awesome-5.13.0/webfonts/fa-brands-400.woff2 HTTP/1.1" 200 76991 "https://intranet.smith.russellmitchell.com/wp-content/plugins/wpdiscuz/assets/third-party/font-awesome-5.13.0/css/fa.min.css?ver=7.0.4" "Mozilla/5.0 (X11; Linux x86_64) AppleWebKit/537.36 (KHTML, like Gecko) HeadlessChrome/97.0.4692.71 Safari/537.36"
172.19.131.174 - - [23/Jan/2022:09:51:47 +0000] "GET /wp-content/plugins/wpdiscuz/assets/third-party/font-awesome-5.13.0/webfonts/fa-solid-900.woff2 HTTP/1.1" 200 79823 "https://intranet.smith.russellmitchell.com/wp-content/plugins/wpdiscuz/assets/third-party/font-awesome-5.13.0/css/fa.min.css?ver=7.0.4" "Mozilla/5.0 (X11; Linux x86_64) AppleWebKit/537.36 (KHTML, like Gecko) HeadlessChrome/97.0.4692.71 Safari/537.36"
172.19.131.174 - - [23/Jan/2022:09:51:48 +0000] "GET /wp-includes/js/comment-reply.min.js?ver=5.8.3 HTTP/1.1" 200 1702 "https://intranet.smith.russellmitchell.com/?p=5" "Mozilla/5.0 (X11; Linux x86_64) AppleWebKit/537.36 (KHTML, like Gecko) HeadlessChrome/97.0.4692.71 Safari/537.36"
172.19.131.174 - - [23/Jan/2022:09:51:48 +0000] "GET /wp-content/themes/go/dist/js/frontend.min.js?ver=1.5.2 HTTP/1.1" 200 2981 "https://intranet.smith.russellmitchell.com/?p=5" "Mozilla/5.0 (X11; Linux x86_64) AppleWebKit/537.36 (KHTML, like Gecko) HeadlessChrome/97.0.4692.71 Safari/537.36"
172.19.131.174 - - [23/Jan/2022:09:51:48 +0000] "GET /wp-includes/js/wp-embed.min.js?ver=5.8.3 HTTP/1.1" 200 1120 "https://intranet.smith.russellmitchell.com/?p=5" "Mozilla/5.0 (X11; Linux x86_64) AppleWebKit/537.36 (KHTML, like Gecko) HeadlessChrome/97.0.4692.71 Safari/537.36"
172.19.131.174 - - [23/Jan/2022:09:51:48 +0000] "GET /wp-content/plugins/wpdiscuz/assets/js/wpdiscuz-combo.min.js?ver=7.0.4 HTTP/1.1" 200 71266 "https://intranet.smith.russellmitchell.com/?p=5" "Mozilla/5.0 (X11; Linux x86_64) AppleWebKit/537.36 (KHTML, like Gecko) HeadlessChrome/97.0.4692.71 Safari/537.36"
::1 - - [23/Jan/2022:09:51:56 +0000] "OPTIONS * HTTP/1.0" 200 110 "-" "Apache/2.4.29 (Ubuntu) OpenSSL/1.1.1 (internal dummy connection)"
172.19.131.174 - - [23/Jan/2022:09:53:02 +0000] "GET / HTTP/1.1" 200 6203 "-" "Mozilla/5.0 (X11; Ubuntu; Linux x86_64; rv:86.0) Gecko/20100101 Firefox/86.0"
172.19.131.174 - - [23/Jan/2022:09:53:02 +0000] "GET /wp-includes/css/dist/block-library/style.min.css?ver=5.8.3 HTTP/1.1" 200 10846 "http://intranet.smith.russellmitchell.com/" "Mozilla/5.0 (X11; Ubuntu; Linux x86_64; rv:86.0) Gecko/20100101 Firefox/86.0"
172.19.131.174 - - [23/Jan/2022:09:53:02 +0000] "GET /wp-includes/js/wp-emoji-release.min.js?ver=5.8.3 HTTP/1.1" 200 5265 "http://intranet.smith.russellmitchell.com/" "Mozilla/5.0 (X11; Ubuntu; Linux x86_64; rv:86.0) Gecko/20100101 Firefox/86.0"
172.19.131.174 - - [23/Jan/2022:09:53:02 +0000] "GET /wp-includes/js/wp-embed.min.js?ver=5.8.3 HTTP/1.1" 200 1099 "http://intranet.smith.russellmitchell.com/" "Mozilla/5.0 (X11; Ubuntu; Linux x86_64; rv:86.0) Gecko/20100101 Firefox/86.0"
172.19.131.174 - - [23/Jan/2022:09:53:02 +0000] "GET /wp-content/themes/go/dist/css/design-styles/style-traditional.min.css?ver=1.5.2 HTTP/1.1" 200 1412 "http://intranet.smith.russellmitchell.com/" "Mozilla/5.0 (X11; Ubuntu; Linux x86_64; rv:86.0) Gecko/20100101 Firefox/86.0"
172.19.131.174 - - [23/Jan/2022:09:53:02 +0000] "GET /wp-content/themes/go/dist/js/frontend.min.js?ver=1.5.2 HTTP/1.1" 200 2916 "http://intranet.smith.russellmitchell.com/" "Mozilla/5.0 (X11; Ubuntu; Linux x86_64; rv:86.0) Gecko/20100101 Firefox/86.0"
172.19.131.174 - - [23/Jan/2022:09:53:02 +0000] "GET /wp-content/themes/go/dist/css/style-shared.min.css?ver=1.5.2 HTTP/1.1" 200 23204 "http://intranet.smith.russellmitchell.com/" "Mozilla/5.0 (X11; Ubuntu; Linux x86_64; rv:86.0) Gecko/20100101 Firefox/86.0"
172.19.131.174 - - [23/Jan/2022:09:53:03 +0000] "GET /favicon.ico HTTP/1.1" 404 396 "http://intranet.smith.russellmitchell.com/" "Mozilla/5.0 (X11; Ubuntu; Linux x86_64; rv:86.0) Gecko/20100101 Firefox/86.0"
172.19.131.174 - - [23/Jan/2022:09:54:20 +0000] "GET /?p=5 HTTP/1.1" 200 30288 "-" "Mozilla/5.0 (X11; Ubuntu; Linux x86_64; rv:86.0) Gecko/20100101 Firefox/86.0"
172.19.131.174 - - [23/Jan/2022:09:54:20 +0000] "GET /wp-includes/css/dist/block-library/style.min.css?ver=5.8.3 HTTP/1.1" 200 10934 "https://intranet.smith.russellmitchell.com/?p=5" "Mozilla/5.0 (X11; Ubuntu; Linux x86_64; rv:86.0) Gecko/20100101 Firefox/86.0"
172.19.131.174 - - [23/Jan/2022:09:54:20 +0000] "GET /wp-content/plugins/wpdiscuz/assets/third-party/font-awesome-5.13.0/css/fa.min.css?ver=7.0.4 HTTP/1.1" 200 2888 "https://intranet.smith.russellmitchell.com/?p=5" "Mozilla/5.0 (X11; Ubuntu; Linux x86_64; rv:86.0) Gecko/20100101 Firefox/86.0"
172.19.131.174 - - [23/Jan/2022:09:54:21 +0000] "GET /wp-content/plugins/wpdiscuz/assets/css/wpdiscuz-combo.min.css?ver=5.8.3 HTTP/1.1" 200 7375 "https://intranet.smith.russellmitchell.com/?p=5" "Mozilla/5.0 (X11; Ubuntu; Linux x86_64; rv:86.0) Gecko/20100101 Firefox/86.0"
172.19.131.174 - - [23/Jan/2022:09:54:20 +0000] "GET /wp-content/plugins/wpdiscuz/themes/default/style.css?ver=7.0.4 HTTP/1.1" 200 19726 "https://intranet.smith.russellmitchell.com/?p=5" "Mozilla/5.0 (X11; Ubuntu; Linux x86_64; rv:86.0) Gecko/20100101 Firefox/86.0"
172.19.131.174 - - [23/Jan/2022:09:54:21 +0000] "GET /wp-content/themes/go/dist/css/design-styles/style-traditional.min.css?ver=1.5.2 HTTP/1.1" 200 2009 "https://intranet.smith.russellmitchell.com/?p=5" "Mozilla/5.0 (X11; Ubuntu; Linux x86_64; rv:86.0) Gecko/20100101 Firefox/86.0"
172.19.131.174 - - [23/Jan/2022:09:54:21 +0000] "GET /wp-includes/js/jquery/jquery-migrate.min.js?ver=3.3.2 HTTP/1.1" 200 5146 "https://intranet.smith.russellmitchell.com/?p=5" "Mozilla/5.0 (X11; Ubuntu; Linux x86_64; rv:86.0) Gecko/20100101 Firefox/86.0"
172.19.131.174 - - [23/Jan/2022:09:54:21 +0000] "GET /wp-content/themes/go/dist/js/frontend.min.js?ver=1.5.2 HTTP/1.1" 200 2981 "https://intranet.smith.russellmitchell.com/?p=5" "Mozilla/5.0 (X11; Ubuntu; Linux x86_64; rv:86.0) Gecko/20100101 Firefox/86.0"
172.19.131.174 - - [23/Jan/2022:09:54:21 +0000] "GET /wp-includes/js/wp-emoji-release.min.js?ver=5.8.3 HTTP/1.1" 200 5331 "https://intranet.smith.russellmitchell.com/?p=5" "Mozilla/5.0 (X11; Ubuntu; Linux x86_64; rv:86.0) Gecko/20100101 Firefox/86.0"
172.19.131.174 - - [23/Jan/2022:09:54:21 +0000] "GET /wp-includes/js/comment-reply.min.js?ver=5.8.3 HTTP/1.1" 200 1702 "https://intranet.smith.russellmitchell.com/?p=5" "Mozilla/5.0 (X11; Ubuntu; Linux x86_64; rv:86.0) Gecko/20100101 Firefox/86.0"
172.19.131.174 - - [23/Jan/2022:09:54:21 +0000] "GET /wp-includes/js/wp-embed.min.js?ver=5.8.3 HTTP/1.1" 200 1120 "https://intranet.smith.russellmitchell.com/?p=5" "Mozilla/5.0 (X11; Ubuntu; Linux x86_64; rv:86.0) Gecko/20100101 Firefox/86.0"
172.19.131.174 - - [23/Jan/2022:09:54:21 +0000] "GET /wp-content/themes/go/dist/css/style-shared.min.css?ver=1.5.2 HTTP/1.1" 200 23889 "https://intranet.smith.russellmitchell.com/?p=5" "Mozilla/5.0 (X11; Ubuntu; Linux x86_64; rv:86.0) Gecko/20100101 Firefox/86.0"
172.19.131.174 - - [23/Jan/2022:09:54:21 +0000] "GET /wp-includes/js/jquery/jquery.min.js?ver=3.6.0 HTTP/1.1" 200 31953 "https://intranet.smith.russellmitchell.com/?p=5" "Mozilla/5.0 (X11; Ubuntu; Linux x86_64; rv:86.0) Gecko/20100101 Firefox/86.0"
172.19.131.174 - - [23/Jan/2022:09:54:21 +0000] "GET /wp-content/plugins/wpdiscuz/assets/js/wpdiscuz-combo.min.js?ver=7.0.4 HTTP/1.1" 200 71266 "https://intranet.smith.russellmitchell.com/?p=5" "Mozilla/5.0 (X11; Ubuntu; Linux x86_64; rv:86.0) Gecko/20100101 Firefox/86.0"
172.19.131.174 - - [23/Jan/2022:09:54:21 +0000] "GET /wp-content/plugins/wpdiscuz/themes/default/css/fonts/sqr721c-webfont.woff2 HTTP/1.1" 200 18908 "https://intranet.smith.russellmitchell.com/wp-content/plugins/wpdiscuz/themes/default/style.css?ver=7.0.4" "Mozilla/5.0 (X11; Ubuntu; Linux x86_64; rv:86.0) Gecko/20100101 Firefox/86.0"
172.19.131.174 - - [23/Jan/2022:09:54:21 +0000] "GET /wp-content/plugins/wpdiscuz/assets/third-party/font-awesome-5.13.0/webfonts/fa-regular-400.woff2 HTTP/1.1" 200 13874 "https://intranet.smith.russellmitchell.com/wp-content/plugins/wpdiscuz/assets/third-party/font-awesome-5.13.0/css/fa.min.css?ver=7.0.4" "Mozilla/5.0 (X11; Ubuntu; Linux x86_64; rv:86.0) Gecko/20100101 Firefox/86.0"
172.19.131.174 - - [23/Jan/2022:09:54:21 +0000] "GET /wp-content/plugins/wpdiscuz/assets/third-party/font-awesome-5.13.0/webfonts/fa-solid-900.woff2 HTTP/1.1" 200 79823 "https://intranet.smith.russellmitchell.com/wp-content/plugins/wpdiscuz/assets/third-party/font-awesome-5.13.0/css/fa.min.css?ver=7.0.4" "Mozilla/5.0 (X11; Ubuntu; Linux x86_64; rv:86.0) Gecko/20100101 Firefox/86.0"
172.19.131.174 - - [23/Jan/2022:09:54:21 +0000] "GET /wp-content/plugins/wpdiscuz/assets/third-party/font-awesome-5.13.0/webfonts/fa-brands-400.woff2 HTTP/1.1" 200 76991 "https://intranet.smith.russellmitchell.com/wp-content/plugins/wpdiscuz/assets/third-party/font-awesome-5.13.0/css/fa.min.css?ver=7.0.4" "Mozilla/5.0 (X11; Ubuntu; Linux x86_64; rv:86.0) Gecko/20100101 Firefox/86.0"
172.19.131.174 - - [23/Jan/2022:09:54:21 +0000] "GET /favicon.ico HTTP/1.1" 404 418 "https://intranet.smith.russellmitchell.com/?p=5" "Mozilla/5.0 (X11; Ubuntu; Linux x86_64; rv:86.0) Gecko/20100101 Firefox/86.0"
::1 - - [23/Jan/2022:09:54:27 +0000] "OPTIONS * HTTP/1.0" 200 110 "-" "Apache/2.4.29 (Ubuntu) OpenSSL/1.1.1 (internal dummy connection)"
172.19.131.174 - - [23/Jan/2022:09:54:39 +0000] "GET /wp-content/plugins/wpdiscuz/assets/img/loading.gif HTTP/1.1" 200 4069 "https://intranet.smith.russellmitchell.com/wp-content/plugins/wpdiscuz/themes/default/style.css?ver=7.0.4" "Mozilla/5.0 (X11; Linux x86_64) AppleWebKit/537.36 (KHTML, like Gecko) HeadlessChrome/97.0.4692.71 Safari/537.36"
172.19.131.174 - - [23/Jan/2022:09:54:39 +0000] "POST /wp-admin/admin-ajax.php HTTP/1.1" 200 1187 "https://intranet.smith.russellmitchell.com/?p=5" "Mozilla/5.0 (X11; Linux x86_64) AppleWebKit/537.36 (KHTML, like Gecko) HeadlessChrome/97.0.4692.71 Safari/537.36"
172.19.131.174 - - [23/Jan/2022:09:55:36 +0000] "POST /wp-admin/admin-ajax.php HTTP/1.1" 200 5800 "https://intranet.smith.russellmitchell.com/?p=5" "Mozilla/5.0 (X11; Linux x86_64) AppleWebKit/537.36 (KHTML, like Gecko) HeadlessChrome/97.0.4692.71 Safari/537.36"
172.19.131.174 - - [23/Jan/2022:09:55:36 +0000] "POST /wp-admin/admin-ajax.php HTTP/1.1" 200 549 "https://intranet.smith.russellmitchell.com/?p=5" "Mozilla/5.0 (X11; Linux x86_64) AppleWebKit/537.36 (KHTML, like Gecko) HeadlessChrome/97.0.4692.71 Safari/537.36"
172.19.131.174 - - [23/Jan/2022:09:56:07 +0000] "POST /wp-admin/admin-ajax.php HTTP/1.1" 200 1187 "https://intranet.smith.russellmitchell.com/?p=5" "Mozilla/5.0 (X11; Linux x86_64) AppleWebKit/537.36 (KHTML, like Gecko) HeadlessChrome/97.0.4692.71 Safari/537.36"
172.19.131.174 - - [23/Jan/2022:09:56:15 +0000] "GET / HTTP/1.1" 200 6203 "-" "Mozilla/5.0 (X11; Linux x86_64) AppleWebKit/537.36 (KHTML, like Gecko) HeadlessChrome/97.0.4692.71 Safari/537.36"
172.19.131.174 - - [23/Jan/2022:09:56:46 +0000] "GET /wp-content/plugins/wpdiscuz/assets/img/loading.gif HTTP/1.1" 200 4069 "https://intranet.smith.russellmitchell.com/wp-content/plugins/wpdiscuz/themes/default/style.css?ver=7.0.4" "Mozilla/5.0 (X11; Ubuntu; Linux x86_64; rv:86.0) Gecko/20100101 Firefox/86.0"
172.19.131.174 - - [23/Jan/2022:09:56:46 +0000] "POST /wp-admin/admin-ajax.php HTTP/1.1" 200 1239 "https://intranet.smith.russellmitchell.com/?p=5" "Mozilla/5.0 (X11; Ubuntu; Linux x86_64; rv:86.0) Gecko/20100101 Firefox/86.0"
172.19.131.174 - - [23/Jan/2022:09:56:54 +0000] "GET / HTTP/1.1" 200 6203 "-" "Mozilla/5.0 (X11; Ubuntu; Linux x86_64; rv:86.0) Gecko/20100101 Firefox/86.0"
10.143.2.25 - - [23/Jan/2022:10:08:51 +0000] "GET / HTTP/1.1" 200 6203 "-" "Mozilla/5.0 (X11; Linux x86_64) AppleWebKit/537.36 (KHTML, like Gecko) HeadlessChrome/97.0.4692.71 Safari/537.36"
10.143.2.25 - - [23/Jan/2022:10:08:51 +0000] "GET /wp-content/themes/go/dist/css/design-styles/style-traditional.min.css?ver=1.5.2 HTTP/1.1" 200 1412 "http://intranet.smith.russellmitchell.com/" "Mozilla/5.0 (X11; Linux x86_64) AppleWebKit/537.36 (KHTML, like Gecko) HeadlessChrome/97.0.4692.71 Safari/537.36"
10.143.2.25 - - [23/Jan/2022:10:08:51 +0000] "GET /wp-content/themes/go/dist/js/frontend.min.js?ver=1.5.2 HTTP/1.1" 200 2916 "http://intranet.smith.russellmitchell.com/" "Mozilla/5.0 (X11; Linux x86_64) AppleWebKit/537.36 (KHTML, like Gecko) HeadlessChrome/97.0.4692.71 Safari/537.36"
10.143.2.25 - - [23/Jan/2022:10:08:51 +0000] "GET /wp-includes/css/dist/block-library/style.min.css?ver=5.8.3 HTTP/1.1" 200 10846 "http://intranet.smith.russellmitchell.com/" "Mozilla/5.0 (X11; Linux x86_64) AppleWebKit/537.36 (KHTML, like Gecko) HeadlessChrome/97.0.4692.71 Safari/537.36"
10.143.2.25 - - [23/Jan/2022:10:08:51 +0000] "GET /wp-content/themes/go/dist/css/style-shared.min.css?ver=1.5.2 HTTP/1.1" 200 23204 "http://intranet.smith.russellmitchell.com/" "Mozilla/5.0 (X11; Linux x86_64) AppleWebKit/537.36 (KHTML, like Gecko) HeadlessChrome/97.0.4692.71 Safari/537.36"
10.143.2.25 - - [23/Jan/2022:10:08:51 +0000] "GET /wp-includes/js/wp-embed.min.js?ver=5.8.3 HTTP/1.1" 200 1098 "http://intranet.smith.russellmitchell.com/" "Mozilla/5.0 (X11; Linux x86_64) AppleWebKit/537.36 (KHTML, like Gecko) HeadlessChrome/97.0.4692.71 Safari/537.36"
10.143.2.25 - - [23/Jan/2022:10:08:51 +0000] "GET /wp-includes/js/wp-emoji-release.min.js?ver=5.8.3 HTTP/1.1" 200 5265 "http://intranet.smith.russellmitchell.com/" "Mozilla/5.0 (X11; Linux x86_64) AppleWebKit/537.36 (KHTML, like Gecko) HeadlessChrome/97.0.4692.71 Safari/537.36"
10.143.2.91 - - [23/Jan/2022:10:15:06 +0000] "GET / HTTP/1.1" 200 6203 "-" "Mozilla/5.0 (X11; Ubuntu; Linux x86_64; rv:86.0) Gecko/20100101 Firefox/86.0"
10.143.2.91 - - [23/Jan/2022:10:15:06 +0000] "GET /wp-content/themes/go/dist/css/style-shared.min.css?ver=1.5.2 HTTP/1.1" 200 4194 "http://intranet.smith.russellmitchell.com/" "Mozilla/5.0 (X11; Ubuntu; Linux x86_64; rv:86.0) Gecko/20100101 Firefox/86.0"
10.143.2.91 - - [23/Jan/2022:10:16:53 +0000] "GET /?p=5 HTTP/1.1" 200 30382 "-" "Mozilla/5.0 (X11; Ubuntu; Linux x86_64; rv:86.0) Gecko/20100101 Firefox/86.0"
10.143.2.91 - - [23/Jan/2022:10:16:54 +0000] "GET /wp-includes/css/dist/block-library/style.min.css?ver=5.8.3 HTTP/1.1" 200 10934 "https://intranet.smith.russellmitchell.com/?p=5" "Mozilla/5.0 (X11; Ubuntu; Linux x86_64; rv:86.0) Gecko/20100101 Firefox/86.0"
10.143.2.91 - - [23/Jan/2022:10:16:54 +0000] "GET /wp-content/plugins/wpdiscuz/themes/default/style.css?ver=7.0.4 HTTP/1.1" 200 19726 "https://intranet.smith.russellmitchell.com/?p=5" "Mozilla/5.0 (X11; Ubuntu; Linux x86_64; rv:86.0) Gecko/20100101 Firefox/86.0"
10.143.2.91 - - [23/Jan/2022:10:16:54 +0000] "GET /wp-content/plugins/wpdiscuz/assets/third-party/font-awesome-5.13.0/css/fa.min.css?ver=7.0.4 HTTP/1.1" 200 2888 "https://intranet.smith.russellmitchell.com/?p=5" "Mozilla/5.0 (X11; Ubuntu; Linux x86_64; rv:86.0) Gecko/20100101 Firefox/86.0"
10.143.2.91 - - [23/Jan/2022:10:16:54 +0000] "GET /wp-content/themes/go/dist/css/design-styles/style-traditional.min.css?ver=1.5.2 HTTP/1.1" 200 2009 "https://intranet.smith.russellmitchell.com/?p=5" "Mozilla/5.0 (X11; Ubuntu; Linux x86_64; rv:86.0) Gecko/20100101 Firefox/86.0"
10.143.2.91 - - [23/Jan/2022:10:16:54 +0000] "GET /wp-includes/js/wp-emoji-release.min.js?ver=5.8.3 HTTP/1.1" 200 5331 "https://intranet.smith.russellmitchell.com/?p=5" "Mozilla/5.0 (X11; Ubuntu; Linux x86_64; rv:86.0) Gecko/20100101 Firefox/86.0"
10.143.2.91 - - [23/Jan/2022:10:16:54 +0000] "GET /wp-content/plugins/wpdiscuz/assets/css/wpdiscuz-combo.min.css?ver=5.8.3 HTTP/1.1" 200 7375 "https://intranet.smith.russellmitchell.com/?p=5" "Mozilla/5.0 (X11; Ubuntu; Linux x86_64; rv:86.0) Gecko/20100101 Firefox/86.0"
10.143.2.91 - - [23/Jan/2022:10:16:54 +0000] "GET /wp-includes/js/jquery/jquery.min.js?ver=3.6.0 HTTP/1.1" 200 31953 "https://intranet.smith.russellmitchell.com/?p=5" "Mozilla/5.0 (X11; Ubuntu; Linux x86_64; rv:86.0) Gecko/20100101 Firefox/86.0"
10.143.2.91 - - [23/Jan/2022:10:16:54 +0000] "GET /wp-content/themes/go/dist/css/style-shared.min.css?ver=1.5.2 HTTP/1.1" 200 23889 "https://intranet.smith.russellmitchell.com/?p=5" "Mozilla/5.0 (X11; Ubuntu; Linux x86_64; rv:86.0) Gecko/20100101 Firefox/86.0"
10.143.2.91 - - [23/Jan/2022:10:16:54 +0000] "GET /wp-includes/js/jquery/jquery-migrate.min.js?ver=3.3.2 HTTP/1.1" 200 5146 "https://intranet.smith.russellmitchell.com/?p=5" "Mozilla/5.0 (X11; Ubuntu; Linux x86_64; rv:86.0) Gecko/20100101 Firefox/86.0"
10.143.2.91 - - [23/Jan/2022:10:16:54 +0000] "GET /wp-includes/js/wp-embed.min.js?ver=5.8.3 HTTP/1.1" 200 1120 "https://intranet.smith.russellmitchell.com/?p=5" "Mozilla/5.0 (X11; Ubuntu; Linux x86_64; rv:86.0) Gecko/20100101 Firefox/86.0"
10.143.2.91 - - [23/Jan/2022:10:16:54 +0000] "GET /wp-content/themes/go/dist/js/frontend.min.js?ver=1.5.2 HTTP/1.1" 200 2981 "https://intranet.smith.russellmitchell.com/?p=5" "Mozilla/5.0 (X11; Ubuntu; Linux x86_64; rv:86.0) Gecko/20100101 Firefox/86.0"
10.143.2.91 - - [23/Jan/2022:10:16:54 +0000] "GET /wp-includes/js/comment-reply.min.js?ver=5.8.3 HTTP/1.1" 200 1702 "https://intranet.smith.russellmitchell.com/?p=5" "Mozilla/5.0 (X11; Ubuntu; Linux x86_64; rv:86.0) Gecko/20100101 Firefox/86.0"
10.143.2.91 - - [23/Jan/2022:10:16:54 +0000] "GET /wp-content/plugins/wpdiscuz/assets/js/wpdiscuz-combo.min.js?ver=7.0.4 HTTP/1.1" 200 71266 "https://intranet.smith.russellmitchell.com/?p=5" "Mozilla/5.0 (X11; Ubuntu; Linux x86_64; rv:86.0) Gecko/20100101 Firefox/86.0"
10.143.2.91 - - [23/Jan/2022:10:16:54 +0000] "GET /wp-content/plugins/wpdiscuz/themes/default/css/fonts/sqr721c-webfont.woff2 HTTP/1.1" 200 18908 "https://intranet.smith.russellmitchell.com/wp-content/plugins/wpdiscuz/themes/default/style.css?ver=7.0.4" "Mozilla/5.0 (X11; Ubuntu; Linux x86_64; rv:86.0) Gecko/20100101 Firefox/86.0"
10.143.2.91 - - [23/Jan/2022:10:16:54 +0000] "GET /wp-content/plugins/wpdiscuz/assets/third-party/font-awesome-5.13.0/webfonts/fa-regular-400.woff2 HTTP/1.1" 200 13874 "https://intranet.smith.russellmitchell.com/wp-content/plugins/wpdiscuz/assets/third-party/font-awesome-5.13.0/css/fa.min.css?ver=7.0.4" "Mozilla/5.0 (X11; Ubuntu; Linux x86_64; rv:86.0) Gecko/20100101 Firefox/86.0"
10.143.2.91 - - [23/Jan/2022:10:16:54 +0000] "GET /wp-content/plugins/wpdiscuz/assets/third-party/font-awesome-5.13.0/webfonts/fa-solid-900.woff2 HTTP/1.1" 200 79823 "https://intranet.smith.russellmitchell.com/wp-content/plugins/wpdiscuz/assets/third-party/font-awesome-5.13.0/css/fa.min.css?ver=7.0.4" "Mozilla/5.0 (X11; Ubuntu; Linux x86_64; rv:86.0) Gecko/20100101 Firefox/86.0"
10.143.2.91 - - [23/Jan/2022:10:16:54 +0000] "GET /wp-content/plugins/wpdiscuz/assets/third-party/font-awesome-5.13.0/webfonts/fa-brands-400.woff2 HTTP/1.1" 200 76991 "https://intranet.smith.russellmitchell.com/wp-content/plugins/wpdiscuz/assets/third-party/font-awesome-5.13.0/css/fa.min.css?ver=7.0.4" "Mozilla/5.0 (X11; Ubuntu; Linux x86_64; rv:86.0) Gecko/20100101 Firefox/86.0"
10.143.2.91 - - [23/Jan/2022:10:16:54 +0000] "GET /favicon.ico HTTP/1.1" 404 418 "https://intranet.smith.russellmitchell.com/?p=5" "Mozilla/5.0 (X11; Ubuntu; Linux x86_64; rv:86.0) Gecko/20100101 Firefox/86.0"
::1 - - [23/Jan/2022:10:17:00 +0000] "OPTIONS * HTTP/1.0" 200 110 "-" "Apache/2.4.29 (Ubuntu) OpenSSL/1.1.1 (internal dummy connection)"
172.19.131.174 - - [23/Jan/2022:10:19:53 +0000] "GET / HTTP/1.1" 200 6203 "-" "Mozilla/5.0 (X11; Linux x86_64) AppleWebKit/537.36 (KHTML, like Gecko) HeadlessChrome/97.0.4692.71 Safari/537.36"
10.143.2.91 - - [23/Jan/2022:10:21:35 +0000] "GET /wp-content/plugins/wpdiscuz/assets/img/loading.gif HTTP/1.1" 200 4069 "https://intranet.smith.russellmitchell.com/wp-content/plugins/wpdiscuz/themes/default/style.css?ver=7.0.4" "Mozilla/5.0 (X11; Ubuntu; Linux x86_64; rv:86.0) Gecko/20100101 Firefox/86.0"
10.143.2.91 - - [23/Jan/2022:10:21:35 +0000] "POST /wp-admin/admin-ajax.php HTTP/1.1" 200 1238 "https://intranet.smith.russellmitchell.com/?p=5" "Mozilla/5.0 (X11; Ubuntu; Linux x86_64; rv:86.0) Gecko/20100101 Firefox/86.0"
10.143.2.91 - - [23/Jan/2022:10:22:16 +0000] "POST /wp-admin/admin-ajax.php HTTP/1.1" 200 5751 "https://intranet.smith.russellmitchell.com/?p=5" "Mozilla/5.0 (X11; Ubuntu; Linux x86_64; rv:86.0) Gecko/20100101 Firefox/86.0"
10.143.2.91 - - [23/Jan/2022:10:22:16 +0000] "POST /wp-admin/admin-ajax.php HTTP/1.1" 200 549 "https://intranet.smith.russellmitchell.com/?p=5" "Mozilla/5.0 (X11; Ubuntu; Linux x86_64; rv:86.0) Gecko/20100101 Firefox/86.0"
10.143.2.91 - - [23/Jan/2022:10:23:02 +0000] "POST /wp-admin/admin-ajax.php HTTP/1.1" 200 5698 "https://intranet.smith.russellmitchell.com/?p=5" "Mozilla/5.0 (X11; Ubuntu; Linux x86_64; rv:86.0) Gecko/20100101 Firefox/86.0"
10.143.2.91 - - [23/Jan/2022:10:23:02 +0000] "POST /wp-admin/admin-ajax.php HTTP/1.1" 200 549 "https://intranet.smith.russellmitchell.com/?p=5" "Mozilla/5.0 (X11; Ubuntu; Linux x86_64; rv:86.0) Gecko/20100101 Firefox/86.0"
10.143.2.91 - - [23/Jan/2022:10:23:20 +0000] "GET / HTTP/1.1" 200 6203 "-" "Mozilla/5.0 (X11; Ubuntu; Linux x86_64; rv:86.0) Gecko/20100101 Firefox/86.0"
10.143.2.91 - - [23/Jan/2022:10:23:21 +0000] "GET /favicon.ico HTTP/1.1" 404 396 "http://intranet.smith.russellmitchell.com/" "Mozilla/5.0 (X11; Ubuntu; Linux x86_64; rv:86.0) Gecko/20100101 Firefox/86.0"
172.19.131.174 - - [23/Jan/2022:10:25:39 +0000] "GET /?p=5 HTTP/1.1" 200 30707 "-" "Mozilla/5.0 (X11; Linux x86_64) AppleWebKit/537.36 (KHTML, like Gecko) HeadlessChrome/97.0.4692.71 Safari/537.36"
172.19.131.174 - - [23/Jan/2022:10:25:39 +0000] "GET /wp-includes/css/dist/block-library/style.min.css?ver=5.8.3 HTTP/1.1" 200 10934 "https://intranet.smith.russellmitchell.com/?p=5" "Mozilla/5.0 (X11; Linux x86_64) AppleWebKit/537.36 (KHTML, like Gecko) HeadlessChrome/97.0.4692.71 Safari/537.36"
172.19.131.174 - - [23/Jan/2022:10:25:39 +0000] "GET /wp-content/plugins/wpdiscuz/assets/third-party/font-awesome-5.13.0/css/fa.min.css?ver=7.0.4 HTTP/1.1" 200 3464 "https://intranet.smith.russellmitchell.com/?p=5" "Mozilla/5.0 (X11; Linux x86_64) AppleWebKit/537.36 (KHTML, like Gecko) HeadlessChrome/97.0.4692.71 Safari/537.36"
172.19.131.174 - - [23/Jan/2022:10:25:39 +0000] "GET /wp-content/plugins/wpdiscuz/assets/css/wpdiscuz-combo.min.css?ver=5.8.3 HTTP/1.1" 200 6799 "https://intranet.smith.russellmitchell.com/?p=5" "Mozilla/5.0 (X11; Linux x86_64) AppleWebKit/537.36 (KHTML, like Gecko) HeadlessChrome/97.0.4692.71 Safari/537.36"
172.19.131.174 - - [23/Jan/2022:10:25:39 +0000] "GET /wp-content/plugins/wpdiscuz/themes/default/style.css?ver=7.0.4 HTTP/1.1" 200 20302 "https://intranet.smith.russellmitchell.com/?p=5" "Mozilla/5.0 (X11; Linux x86_64) AppleWebKit/537.36 (KHTML, like Gecko) HeadlessChrome/97.0.4692.71 Safari/537.36"
172.19.131.174 - - [23/Jan/2022:10:25:39 +0000] "GET /wp-content/themes/go/dist/css/style-shared.min.css?ver=1.5.2 HTTP/1.1" 200 23889 "https://intranet.smith.russellmitchell.com/?p=5" "Mozilla/5.0 (X11; Linux x86_64) AppleWebKit/537.36 (KHTML, like Gecko) HeadlessChrome/97.0.4692.71 Safari/537.36"
172.19.131.174 - - [23/Jan/2022:10:25:39 +0000] "GET /wp-content/themes/go/dist/css/design-styles/style-traditional.min.css?ver=1.5.2 HTTP/1.1" 200 1433 "https://intranet.smith.russellmitchell.com/?p=5" "Mozilla/5.0 (X11; Linux x86_64) AppleWebKit/537.36 (KHTML, like Gecko) HeadlessChrome/97.0.4692.71 Safari/537.36"
172.19.131.174 - - [23/Jan/2022:10:25:39 +0000] "GET /wp-includes/js/jquery/jquery-migrate.min.js?ver=3.3.2 HTTP/1.1" 200 7591 "https://intranet.smith.russellmitchell.com/?p=5" "Mozilla/5.0 (X11; Linux x86_64) AppleWebKit/537.36 (KHTML, like Gecko) HeadlessChrome/97.0.4692.71 Safari/537.36"
172.19.131.174 - - [23/Jan/2022:10:25:39 +0000] "GET /wp-includes/js/jquery/jquery.min.js?ver=3.6.0 HTTP/1.1" 200 34398 "https://intranet.smith.russellmitchell.com/?p=5" "Mozilla/5.0 (X11; Linux x86_64) AppleWebKit/537.36 (KHTML, like Gecko) HeadlessChrome/97.0.4692.71 Safari/537.36"
172.19.131.174 - - [23/Jan/2022:10:25:39 +0000] "GET /wp-includes/js/wp-emoji-release.min.js?ver=5.8.3 HTTP/1.1" 200 5331 "https://intranet.smith.russellmitchell.com/?p=5" "Mozilla/5.0 (X11; Linux x86_64) AppleWebKit/537.36 (KHTML, like Gecko) HeadlessChrome/97.0.4692.71 Safari/537.36"
172.19.131.174 - - [23/Jan/2022:10:25:40 +0000] "GET /wp-content/plugins/wpdiscuz/themes/default/css/fonts/sqr721c-webfont.woff2 HTTP/1.1" 200 18908 "https://intranet.smith.russellmitchell.com/wp-content/plugins/wpdiscuz/themes/default/style.css?ver=7.0.4" "Mozilla/5.0 (X11; Linux x86_64) AppleWebKit/537.36 (KHTML, like Gecko) HeadlessChrome/97.0.4692.71 Safari/537.36"
172.19.131.174 - - [23/Jan/2022:10:25:40 +0000] "GET /wp-content/plugins/wpdiscuz/assets/third-party/font-awesome-5.13.0/webfonts/fa-regular-400.woff2 HTTP/1.1" 200 13874 "https://intranet.smith.russellmitchell.com/wp-content/plugins/wpdiscuz/assets/third-party/font-awesome-5.13.0/css/fa.min.css?ver=7.0.4" "Mozilla/5.0 (X11; Linux x86_64) AppleWebKit/537.36 (KHTML, like Gecko) HeadlessChrome/97.0.4692.71 Safari/537.36"
172.19.131.174 - - [23/Jan/2022:10:25:40 +0000] "GET /wp-content/plugins/wpdiscuz/assets/third-party/font-awesome-5.13.0/webfonts/fa-solid-900.woff2 HTTP/1.1" 200 79823 "https://intranet.smith.russellmitchell.com/wp-content/plugins/wpdiscuz/assets/third-party/font-awesome-5.13.0/css/fa.min.css?ver=7.0.4" "Mozilla/5.0 (X11; Linux x86_64) AppleWebKit/537.36 (KHTML, like Gecko) HeadlessChrome/97.0.4692.71 Safari/537.36"
172.19.131.174 - - [23/Jan/2022:10:25:40 +0000] "GET /wp-content/plugins/wpdiscuz/assets/third-party/font-awesome-5.13.0/webfonts/fa-brands-400.woff2 HTTP/1.1" 200 76991 "https://intranet.smith.russellmitchell.com/wp-content/plugins/wpdiscuz/assets/third-party/font-awesome-5.13.0/css/fa.min.css?ver=7.0.4" "Mozilla/5.0 (X11; Linux x86_64) AppleWebKit/537.36 (KHTML, like Gecko) HeadlessChrome/97.0.4692.71 Safari/537.36"
172.19.131.174 - - [23/Jan/2022:10:25:40 +0000] "GET /wp-content/themes/go/dist/js/frontend.min.js?ver=1.5.2 HTTP/1.1" 200 2981 "https://intranet.smith.russellmitchell.com/?p=5" "Mozilla/5.0 (X11; Linux x86_64) AppleWebKit/537.36 (KHTML, like Gecko) HeadlessChrome/97.0.4692.71 Safari/537.36"
172.19.131.174 - - [23/Jan/2022:10:25:40 +0000] "GET /wp-includes/js/comment-reply.min.js?ver=5.8.3 HTTP/1.1" 200 1702 "https://intranet.smith.russellmitchell.com/?p=5" "Mozilla/5.0 (X11; Linux x86_64) AppleWebKit/537.36 (KHTML, like Gecko) HeadlessChrome/97.0.4692.71 Safari/537.36"
172.19.131.174 - - [23/Jan/2022:10:25:40 +0000] "GET /wp-includes/js/wp-embed.min.js?ver=5.8.3 HTTP/1.1" 200 1120 "https://intranet.smith.russellmitchell.com/?p=5" "Mozilla/5.0 (X11; Linux x86_64) AppleWebKit/537.36 (KHTML, like Gecko) HeadlessChrome/97.0.4692.71 Safari/537.36"
172.19.131.174 - - [23/Jan/2022:10:25:40 +0000] "GET /wp-content/plugins/wpdiscuz/assets/js/wpdiscuz-combo.min.js?ver=7.0.4 HTTP/1.1" 200 71266 "https://intranet.smith.russellmitchell.com/?p=5" "Mozilla/5.0 (X11; Linux x86_64) AppleWebKit/537.36 (KHTML, like Gecko) HeadlessChrome/97.0.4692.71 Safari/537.36"
::1 - - [23/Jan/2022:10:25:48 +0000] "OPTIONS * HTTP/1.0" 200 110 "-" "Apache/2.4.29 (Ubuntu) OpenSSL/1.1.1 (internal dummy connection)"
10.143.2.91 - - [23/Jan/2022:10:26:15 +0000] "GET /?p=5 HTTP/1.1" 200 28347 "-" "Mozilla/5.0 (X11; Ubuntu; Linux x86_64; rv:86.0) Gecko/20100101 Firefox/86.0"
10.143.2.91 - - [23/Jan/2022:10:30:40 +0000] "POST /wp-admin/admin-ajax.php HTTP/1.1" 200 5655 "https://intranet.smith.russellmitchell.com/?p=5" "Mozilla/5.0 (X11; Ubuntu; Linux x86_64; rv:86.0) Gecko/20100101 Firefox/86.0"
10.143.2.91 - - [23/Jan/2022:10:30:40 +0000] "POST /wp-admin/admin-ajax.php HTTP/1.1" 200 549 "https://intranet.smith.russellmitchell.com/?p=5" "Mozilla/5.0 (X11; Ubuntu; Linux x86_64; rv:86.0) Gecko/20100101 Firefox/86.0"
172.19.131.174 - - [23/Jan/2022:10:30:51 +0000] "GET /wp-content/plugins/wpdiscuz/assets/img/loading.gif HTTP/1.1" 200 6514 "https://intranet.smith.russellmitchell.com/wp-content/plugins/wpdiscuz/themes/default/style.css?ver=7.0.4" "Mozilla/5.0 (X11; Linux x86_64) AppleWebKit/537.36 (KHTML, like Gecko) HeadlessChrome/97.0.4692.71 Safari/537.36"
172.19.131.174 - - [23/Jan/2022:10:30:51 +0000] "POST /wp-admin/admin-ajax.php HTTP/1.1" 200 3682 "https://intranet.smith.russellmitchell.com/?p=5" "Mozilla/5.0 (X11; Linux x86_64) AppleWebKit/537.36 (KHTML, like Gecko) HeadlessChrome/97.0.4692.71 Safari/537.36"
172.19.131.174 - - [23/Jan/2022:10:31:01 +0000] "GET / HTTP/1.1" 200 6203 "-" "Mozilla/5.0 (X11; Linux x86_64) AppleWebKit/537.36 (KHTML, like Gecko) HeadlessChrome/97.0.4692.71 Safari/537.36"
10.143.2.91 - - [23/Jan/2022:10:31:31 +0000] "POST /wp-admin/admin-ajax.php HTTP/1.1" 200 5587 "https://intranet.smith.russellmitchell.com/?p=5" "Mozilla/5.0 (X11; Ubuntu; Linux x86_64; rv:86.0) Gecko/20100101 Firefox/86.0"
10.143.2.91 - - [23/Jan/2022:10:31:31 +0000] "POST /wp-admin/admin-ajax.php HTTP/1.1" 200 549 "https://intranet.smith.russellmitchell.com/?p=5" "Mozilla/5.0 (X11; Ubuntu; Linux x86_64; rv:86.0) Gecko/20100101 Firefox/86.0"
10.143.2.91 - - [23/Jan/2022:10:31:50 +0000] "GET / HTTP/1.1" 200 6203 "-" "Mozilla/5.0 (X11; Ubuntu; Linux x86_64; rv:86.0) Gecko/20100101 Firefox/86.0"
10.143.2.4 - - [23/Jan/2022:10:31:50 +0000] "POST /wp-cron.php?doing_wp_cron=1642933910.1559660434722900390625 HTTP/1.1" 200 150 "-" "WordPress/5.8.3; https://intranet.smith.russellmitchell.com"
10.143.2.25 - - [23/Jan/2022:10:34:08 +0000] "GET / HTTP/1.1" 200 6203 "-" "Mozilla/5.0 (X11; Linux x86_64) AppleWebKit/537.36 (KHTML, like Gecko) HeadlessChrome/97.0.4692.71 Safari/537.36"
10.143.2.25 - - [23/Jan/2022:10:37:52 +0000] "GET /?p=5 HTTP/1.1" 200 30689 "-" "Mozilla/5.0 (X11; Linux x86_64) AppleWebKit/537.36 (KHTML, like Gecko) HeadlessChrome/97.0.4692.71 Safari/537.36"
10.143.2.25 - - [23/Jan/2022:10:37:52 +0000] "GET /wp-content/plugins/wpdiscuz/assets/third-party/font-awesome-5.13.0/css/fa.min.css?ver=7.0.4 HTTP/1.1" 200 3464 "https://intranet.smith.russellmitchell.com/?p=5" "Mozilla/5.0 (X11; Linux x86_64) AppleWebKit/537.36 (KHTML, like Gecko) HeadlessChrome/97.0.4692.71 Safari/537.36"
