10.143.2.25 - - [23/Jan/2022:10:37:52 +0000] "GET /wp-content/themes/go/dist/css/design-styles/style-traditional.min.css?ver=1.5.2 HTTP/1.1" 200 1433 "https://intranet.smith.russellmitchell.com/?p=5" "Mozilla/5.0 (X11; Linux x86_64) AppleWebKit/537.36 (KHTML, like Gecko) HeadlessChrome/97.0.4692.71 Safari/537.36"
10.143.2.25 - - [23/Jan/2022:10:37:52 +0000] "GET /wp-content/plugins/wpdiscuz/assets/css/wpdiscuz-combo.min.css?ver=5.8.3 HTTP/1.1" 200 7375 "https://intranet.smith.russellmitchell.com/?p=5" "Mozilla/5.0 (X11; Linux x86_64) AppleWebKit/537.36 (KHTML, like Gecko) HeadlessChrome/97.0.4692.71 Safari/537.36"
10.143.2.25 - - [23/Jan/2022:10:37:52 +0000] "GET /wp-includes/js/jquery/jquery-migrate.min.js?ver=3.3.2 HTTP/1.1" 200 4570 "https://intranet.smith.russellmitchell.com/?p=5" "Mozilla/5.0 (X11; Linux x86_64) AppleWebKit/537.36 (KHTML, like Gecko) HeadlessChrome/97.0.4692.71 Safari/537.36"
10.143.2.25 - - [23/Jan/2022:10:37:52 +0000] "GET /wp-includes/css/dist/block-library/style.min.css?ver=5.8.3 HTTP/1.1" 200 10934 "https://intranet.smith.russellmitchell.com/?p=5" "Mozilla/5.0 (X11; Linux x86_64) AppleWebKit/537.36 (KHTML, like Gecko) HeadlessChrome/97.0.4692.71 Safari/537.36"
10.143.2.25 - - [23/Jan/2022:10:37:52 +0000] "GET /wp-content/plugins/wpdiscuz/themes/default/style.css?ver=7.0.4 HTTP/1.1" 200 20302 "https://intranet.smith.russellmitchell.com/?p=5" "Mozilla/5.0 (X11; Linux x86_64) AppleWebKit/537.36 (KHTML, like Gecko) HeadlessChrome/97.0.4692.71 Safari/537.36"
10.143.2.25 - - [23/Jan/2022:10:37:52 +0000] "GET /wp-content/themes/go/dist/css/style-shared.min.css?ver=1.5.2 HTTP/1.1" 200 23889 "https://intranet.smith.russellmitchell.com/?p=5" "Mozilla/5.0 (X11; Linux x86_64) AppleWebKit/537.36 (KHTML, like Gecko) HeadlessChrome/97.0.4692.71 Safari/537.36"
10.143.2.25 - - [23/Jan/2022:10:37:52 +0000] "GET /wp-includes/js/wp-emoji-release.min.js?ver=5.8.3 HTTP/1.1" 200 5331 "https://intranet.smith.russellmitchell.com/?p=5" "Mozilla/5.0 (X11; Linux x86_64) AppleWebKit/537.36 (KHTML, like Gecko) HeadlessChrome/97.0.4692.71 Safari/537.36"
10.143.2.25 - - [23/Jan/2022:10:37:52 +0000] "GET /wp-includes/js/jquery/jquery.min.js?ver=3.6.0 HTTP/1.1" 200 31377 "https://intranet.smith.russellmitchell.com/?p=5" "Mozilla/5.0 (X11; Linux x86_64) AppleWebKit/537.36 (KHTML, like Gecko) HeadlessChrome/97.0.4692.71 Safari/537.36"
10.143.2.25 - - [23/Jan/2022:10:37:53 +0000] "GET /wp-content/plugins/wpdiscuz/assets/js/wpdiscuz-combo.min.js?ver=7.0.4 HTTP/1.1" 200 71266 "https://intranet.smith.russellmitchell.com/?p=5" "Mozilla/5.0 (X11; Linux x86_64) AppleWebKit/537.36 (KHTML, like Gecko) HeadlessChrome/97.0.4692.71 Safari/537.36"
10.143.2.25 - - [23/Jan/2022:10:37:53 +0000] "GET /wp-includes/js/comment-reply.min.js?ver=5.8.3 HTTP/1.1" 200 1702 "https://intranet.smith.russellmitchell.com/?p=5" "Mozilla/5.0 (X11; Linux x86_64) AppleWebKit/537.36 (KHTML, like Gecko) HeadlessChrome/97.0.4692.71 Safari/537.36"
10.143.2.25 - - [23/Jan/2022:10:37:53 +0000] "GET /wp-content/plugins/wpdiscuz/themes/default/css/fonts/sqr721c-webfont.woff2 HTTP/1.1" 200 18908 "https://intranet.smith.russellmitchell.com/wp-content/plugins/wpdiscuz/themes/default/style.css?ver=7.0.4" "Mozilla/5.0 (X11; Linux x86_64) AppleWebKit/537.36 (KHTML, like Gecko) HeadlessChrome/97.0.4692.71 Safari/537.36"
10.143.2.25 - - [23/Jan/2022:10:37:53 +0000] "GET /wp-includes/js/wp-embed.min.js?ver=5.8.3 HTTP/1.1" 200 1120 "https://intranet.smith.russellmitchell.com/?p=5" "Mozilla/5.0 (X11; Linux x86_64) AppleWebKit/537.36 (KHTML, like Gecko) HeadlessChrome/97.0.4692.71 Safari/537.36"
10.143.2.25 - - [23/Jan/2022:10:37:53 +0000] "GET /wp-content/plugins/wpdiscuz/assets/third-party/font-awesome-5.13.0/webfonts/fa-regular-400.woff2 HTTP/1.1" 200 16895 "https://intranet.smith.russellmitchell.com/wp-content/plugins/wpdiscuz/assets/third-party/font-awesome-5.13.0/css/fa.min.css?ver=7.0.4" "Mozilla/5.0 (X11; Linux x86_64) AppleWebKit/537.36 (KHTML, like Gecko) HeadlessChrome/97.0.4692.71 Safari/537.36"
10.143.2.25 - - [23/Jan/2022:10:37:53 +0000] "GET /wp-content/themes/go/dist/js/frontend.min.js?ver=1.5.2 HTTP/1.1" 200 2981 "https://intranet.smith.russellmitchell.com/?p=5" "Mozilla/5.0 (X11; Linux x86_64) AppleWebKit/537.36 (KHTML, like Gecko) HeadlessChrome/97.0.4692.71 Safari/537.36"
10.143.2.25 - - [23/Jan/2022:10:37:53 +0000] "GET /wp-content/plugins/wpdiscuz/assets/third-party/font-awesome-5.13.0/webfonts/fa-solid-900.woff2 HTTP/1.1" 200 79823 "https://intranet.smith.russellmitchell.com/wp-content/plugins/wpdiscuz/assets/third-party/font-awesome-5.13.0/css/fa.min.css?ver=7.0.4" "Mozilla/5.0 (X11; Linux x86_64) AppleWebKit/537.36 (KHTML, like Gecko) HeadlessChrome/97.0.4692.71 Safari/537.36"
10.143.2.25 - - [23/Jan/2022:10:37:53 +0000] "GET /wp-content/plugins/wpdiscuz/assets/third-party/font-awesome-5.13.0/webfonts/fa-brands-400.woff2 HTTP/1.1" 200 76991 "https://intranet.smith.russellmitchell.com/wp-content/plugins/wpdiscuz/assets/third-party/font-awesome-5.13.0/css/fa.min.css?ver=7.0.4" "Mozilla/5.0 (X11; Linux x86_64) AppleWebKit/537.36 (KHTML, like Gecko) HeadlessChrome/97.0.4692.71 Safari/537.36"
::1 - - [23/Jan/2022:10:38:00 +0000] "OPTIONS * HTTP/1.0" 200 110 "-" "Apache/2.4.29 (Ubuntu) OpenSSL/1.1.1 (internal dummy connection)"
10.143.2.25 - - [23/Jan/2022:10:42:44 +0000] "GET /wp-content/plugins/wpdiscuz/assets/img/loading.gif HTTP/1.1" 200 4069 "https://intranet.smith.russellmitchell.com/wp-content/plugins/wpdiscuz/themes/default/style.css?ver=7.0.4" "Mozilla/5.0 (X11; Linux x86_64) AppleWebKit/537.36 (KHTML, like Gecko) HeadlessChrome/97.0.4692.71 Safari/537.36"
10.143.2.25 - - [23/Jan/2022:10:42:44 +0000] "POST /wp-admin/admin-ajax.php HTTP/1.1" 200 1239 "https://intranet.smith.russellmitchell.com/?p=5" "Mozilla/5.0 (X11; Linux x86_64) AppleWebKit/537.36 (KHTML, like Gecko) HeadlessChrome/97.0.4692.71 Safari/537.36"
10.143.2.25 - - [23/Jan/2022:10:43:41 +0000] "POST /wp-admin/admin-ajax.php HTTP/1.1" 200 5814 "https://intranet.smith.russellmitchell.com/?p=5" "Mozilla/5.0 (X11; Linux x86_64) AppleWebKit/537.36 (KHTML, like Gecko) HeadlessChrome/97.0.4692.71 Safari/537.36"
10.143.2.25 - - [23/Jan/2022:10:43:42 +0000] "POST /wp-admin/admin-ajax.php HTTP/1.1" 200 549 "https://intranet.smith.russellmitchell.com/?p=5" "Mozilla/5.0 (X11; Linux x86_64) AppleWebKit/537.36 (KHTML, like Gecko) HeadlessChrome/97.0.4692.71 Safari/537.36"
10.143.2.25 - - [23/Jan/2022:10:44:40 +0000] "POST /wp-admin/admin-ajax.php HTTP/1.1" 200 5541 "https://intranet.smith.russellmitchell.com/?p=5" "Mozilla/5.0 (X11; Linux x86_64) AppleWebKit/537.36 (KHTML, like Gecko) HeadlessChrome/97.0.4692.71 Safari/537.36"
10.143.2.25 - - [23/Jan/2022:10:44:40 +0000] "POST /wp-admin/admin-ajax.php HTTP/1.1" 200 549 "https://intranet.smith.russellmitchell.com/?p=5" "Mozilla/5.0 (X11; Linux x86_64) AppleWebKit/537.36 (KHTML, like Gecko) HeadlessChrome/97.0.4692.71 Safari/537.36"
10.143.2.25 - - [23/Jan/2022:10:45:26 +0000] "GET / HTTP/1.1" 200 6203 "-" "Mozilla/5.0 (X11; Linux x86_64) AppleWebKit/537.36 (KHTML, like Gecko) HeadlessChrome/97.0.4692.71 Safari/537.36"
10.143.2.91 - - [23/Jan/2022:10:54:50 +0000] "GET / HTTP/1.1" 200 6203 "-" "Mozilla/5.0 (X11; Ubuntu; Linux x86_64; rv:86.0) Gecko/20100101 Firefox/86.0"
10.143.2.91 - - [23/Jan/2022:10:59:24 +0000] "GET /?p=5 HTTP/1.1" 200 30931 "-" "Mozilla/5.0 (X11; Ubuntu; Linux x86_64; rv:86.0) Gecko/20100101 Firefox/86.0"
10.143.2.91 - - [23/Jan/2022:10:59:25 +0000] "GET /wp-includes/css/dist/block-library/style.min.css?ver=5.8.3 HTTP/1.1" 200 10934 "https://intranet.smith.russellmitchell.com/?p=5" "Mozilla/5.0 (X11; Ubuntu; Linux x86_64; rv:86.0) Gecko/20100101 Firefox/86.0"
10.143.2.91 - - [23/Jan/2022:11:01:19 +0000] "POST /wp-admin/admin-ajax.php HTTP/1.1" 200 1238 "https://intranet.smith.russellmitchell.com/?p=5" "Mozilla/5.0 (X11; Ubuntu; Linux x86_64; rv:86.0) Gecko/20100101 Firefox/86.0"
10.143.2.91 - - [23/Jan/2022:11:01:26 +0000] "POST /wp-admin/admin-ajax.php HTTP/1.1" 200 1237 "https://intranet.smith.russellmitchell.com/?p=5" "Mozilla/5.0 (X11; Ubuntu; Linux x86_64; rv:86.0) Gecko/20100101 Firefox/86.0"
10.143.2.91 - - [23/Jan/2022:11:02:02 +0000] "POST /wp-admin/admin-ajax.php HTTP/1.1" 200 5709 "https://intranet.smith.russellmitchell.com/?p=5" "Mozilla/5.0 (X11; Ubuntu; Linux x86_64; rv:86.0) Gecko/20100101 Firefox/86.0"
10.143.2.91 - - [23/Jan/2022:11:02:02 +0000] "POST /wp-admin/admin-ajax.php HTTP/1.1" 200 549 "https://intranet.smith.russellmitchell.com/?p=5" "Mozilla/5.0 (X11; Ubuntu; Linux x86_64; rv:86.0) Gecko/20100101 Firefox/86.0"
10.143.2.91 - - [23/Jan/2022:11:02:23 +0000] "GET / HTTP/1.1" 200 6203 "-" "Mozilla/5.0 (X11; Ubuntu; Linux x86_64; rv:86.0) Gecko/20100101 Firefox/86.0"
10.143.2.91 - - [23/Jan/2022:11:02:23 +0000] "GET /favicon.ico HTTP/1.1" 404 396 "http://intranet.smith.russellmitchell.com/" "Mozilla/5.0 (X11; Ubuntu; Linux x86_64; rv:86.0) Gecko/20100101 Firefox/86.0"
172.19.131.174 - - [23/Jan/2022:11:02:54 +0000] "GET / HTTP/1.1" 200 6203 "-" "Mozilla/5.0 (X11; Linux x86_64) AppleWebKit/537.36 (KHTML, like Gecko) HeadlessChrome/97.0.4692.71 Safari/537.36"
172.19.131.174 - - [23/Jan/2022:11:02:54 +0000] "GET /wp-includes/css/dist/block-library/style.min.css?ver=5.8.3 HTTP/1.1" 200 10846 "http://intranet.smith.russellmitchell.com/" "Mozilla/5.0 (X11; Linux x86_64) AppleWebKit/537.36 (KHTML, like Gecko) HeadlessChrome/97.0.4692.71 Safari/537.36"
172.19.131.174 - - [23/Jan/2022:11:02:54 +0000] "GET /wp-content/themes/go/dist/css/style-shared.min.css?ver=1.5.2 HTTP/1.1" 200 23204 "http://intranet.smith.russellmitchell.com/" "Mozilla/5.0 (X11; Linux x86_64) AppleWebKit/537.36 (KHTML, like Gecko) HeadlessChrome/97.0.4692.71 Safari/537.36"
172.19.131.174 - - [23/Jan/2022:11:02:54 +0000] "GET /wp-content/themes/go/dist/css/design-styles/style-traditional.min.css?ver=1.5.2 HTTP/1.1" 200 1411 "http://intranet.smith.russellmitchell.com/" "Mozilla/5.0 (X11; Linux x86_64) AppleWebKit/537.36 (KHTML, like Gecko) HeadlessChrome/97.0.4692.71 Safari/537.36"
172.19.131.174 - - [23/Jan/2022:11:02:54 +0000] "GET /wp-content/themes/go/dist/js/frontend.min.js?ver=1.5.2 HTTP/1.1" 200 2915 "http://intranet.smith.russellmitchell.com/" "Mozilla/5.0 (X11; Linux x86_64) AppleWebKit/537.36 (KHTML, like Gecko) HeadlessChrome/97.0.4692.71 Safari/537.36"
172.19.131.174 - - [23/Jan/2022:11:02:54 +0000] "GET /wp-includes/js/wp-embed.min.js?ver=5.8.3 HTTP/1.1" 200 1099 "http://intranet.smith.russellmitchell.com/" "Mozilla/5.0 (X11; Linux x86_64) AppleWebKit/537.36 (KHTML, like Gecko) HeadlessChrome/97.0.4692.71 Safari/537.36"
172.19.131.174 - - [23/Jan/2022:11:02:54 +0000] "GET /wp-includes/js/wp-emoji-release.min.js?ver=5.8.3 HTTP/1.1" 200 5265 "http://intranet.smith.russellmitchell.com/" "Mozilla/5.0 (X11; Linux x86_64) AppleWebKit/537.36 (KHTML, like Gecko) HeadlessChrome/97.0.4692.71 Safari/537.36"
172.19.131.174 - - [23/Jan/2022:11:03:45 +0000] "-" 408 0 "-" "-"
10.143.2.91 - - [23/Jan/2022:11:04:10 +0000] "GET /?p=5 HTTP/1.1" 200 28651 "-" "Mozilla/5.0 (X11; Ubuntu; Linux x86_64; rv:86.0) Gecko/20100101 Firefox/86.0"
10.143.2.91 - - [23/Jan/2022:11:04:10 +0000] "GET /wp-includes/css/dist/block-library/style.min.css?ver=5.8.3 HTTP/1.1" 200 8473 "https://intranet.smith.russellmitchell.com/?p=5" "Mozilla/5.0 (X11; Ubuntu; Linux x86_64; rv:86.0) Gecko/20100101 Firefox/86.0"
172.19.131.174 - - [23/Jan/2022:11:04:19 +0000] "GET /?p=5 HTTP/1.1" 200 31008 "-" "Mozilla/5.0 (X11; Linux x86_64) AppleWebKit/537.36 (KHTML, like Gecko) HeadlessChrome/97.0.4692.71 Safari/537.36"
172.19.131.174 - - [23/Jan/2022:11:04:19 +0000] "GET /wp-includes/css/dist/block-library/style.min.css?ver=5.8.3 HTTP/1.1" 200 10934 "https://intranet.smith.russellmitchell.com/?p=5" "Mozilla/5.0 (X11; Linux x86_64) AppleWebKit/537.36 (KHTML, like Gecko) HeadlessChrome/97.0.4692.71 Safari/537.36"
172.19.131.174 - - [23/Jan/2022:11:04:20 +0000] "GET /wp-content/plugins/wpdiscuz/assets/third-party/font-awesome-5.13.0/css/fa.min.css?ver=7.0.4 HTTP/1.1" 200 3464 "https://intranet.smith.russellmitchell.com/?p=5" "Mozilla/5.0 (X11; Linux x86_64) AppleWebKit/537.36 (KHTML, like Gecko) HeadlessChrome/97.0.4692.71 Safari/537.36"
172.19.131.174 - - [23/Jan/2022:11:04:20 +0000] "GET /wp-content/plugins/wpdiscuz/assets/css/wpdiscuz-combo.min.css?ver=5.8.3 HTTP/1.1" 200 9820 "https://intranet.smith.russellmitchell.com/?p=5" "Mozilla/5.0 (X11; Linux x86_64) AppleWebKit/537.36 (KHTML, like Gecko) HeadlessChrome/97.0.4692.71 Safari/537.36"
172.19.131.174 - - [23/Jan/2022:11:04:20 +0000] "GET /wp-content/plugins/wpdiscuz/themes/default/style.css?ver=7.0.4 HTTP/1.1" 200 20302 "https://intranet.smith.russellmitchell.com/?p=5" "Mozilla/5.0 (X11; Linux x86_64) AppleWebKit/537.36 (KHTML, like Gecko) HeadlessChrome/97.0.4692.71 Safari/537.36"
172.19.131.174 - - [23/Jan/2022:11:04:20 +0000] "GET /wp-content/themes/go/dist/css/design-styles/style-traditional.min.css?ver=1.5.2 HTTP/1.1" 200 2009 "https://intranet.smith.russellmitchell.com/?p=5" "Mozilla/5.0 (X11; Linux x86_64) AppleWebKit/537.36 (KHTML, like Gecko) HeadlessChrome/97.0.4692.71 Safari/537.36"
172.19.131.174 - - [23/Jan/2022:11:04:20 +0000] "GET /wp-includes/js/jquery/jquery-migrate.min.js?ver=3.3.2 HTTP/1.1" 200 4570 "https://intranet.smith.russellmitchell.com/?p=5" "Mozilla/5.0 (X11; Linux x86_64) AppleWebKit/537.36 (KHTML, like Gecko) HeadlessChrome/97.0.4692.71 Safari/537.36"
172.19.131.174 - - [23/Jan/2022:11:04:20 +0000] "GET /wp-content/themes/go/dist/css/style-shared.min.css?ver=1.5.2 HTTP/1.1" 200 23313 "https://intranet.smith.russellmitchell.com/?p=5" "Mozilla/5.0 (X11; Linux x86_64) AppleWebKit/537.36 (KHTML, like Gecko) HeadlessChrome/97.0.4692.71 Safari/537.36"
172.19.131.174 - - [23/Jan/2022:11:04:20 +0000] "GET /wp-includes/js/jquery/jquery.min.js?ver=3.6.0 HTTP/1.1" 200 31953 "https://intranet.smith.russellmitchell.com/?p=5" "Mozilla/5.0 (X11; Linux x86_64) AppleWebKit/537.36 (KHTML, like Gecko) HeadlessChrome/97.0.4692.71 Safari/537.36"
172.19.131.174 - - [23/Jan/2022:11:04:20 +0000] "GET /wp-includes/js/wp-emoji-release.min.js?ver=5.8.3 HTTP/1.1" 200 5331 "https://intranet.smith.russellmitchell.com/?p=5" "Mozilla/5.0 (X11; Linux x86_64) AppleWebKit/537.36 (KHTML, like Gecko) HeadlessChrome/97.0.4692.71 Safari/537.36"
172.19.131.174 - - [23/Jan/2022:11:04:20 +0000] "GET /wp-content/plugins/wpdiscuz/themes/default/css/fonts/sqr721c-webfont.woff2 HTTP/1.1" 200 18908 "https://intranet.smith.russellmitchell.com/wp-content/plugins/wpdiscuz/themes/default/style.css?ver=7.0.4" "Mozilla/5.0 (X11; Linux x86_64) AppleWebKit/537.36 (KHTML, like Gecko) HeadlessChrome/97.0.4692.71 Safari/537.36"
172.19.131.174 - - [23/Jan/2022:11:04:20 +0000] "GET /wp-content/plugins/wpdiscuz/assets/third-party/font-awesome-5.13.0/webfonts/fa-regular-400.woff2 HTTP/1.1" 200 13874 "https://intranet.smith.russellmitchell.com/wp-content/plugins/wpdiscuz/assets/third-party/font-awesome-5.13.0/css/fa.min.css?ver=7.0.4" "Mozilla/5.0 (X11; Linux x86_64) AppleWebKit/537.36 (KHTML, like Gecko) HeadlessChrome/97.0.4692.71 Safari/537.36"
172.19.131.174 - - [23/Jan/2022:11:04:20 +0000] "GET /wp-content/plugins/wpdiscuz/assets/third-party/font-awesome-5.13.0/webfonts/fa-solid-900.woff2 HTTP/1.1" 200 79823 "https://intranet.smith.russellmitchell.com/wp-content/plugins/wpdiscuz/assets/third-party/font-awesome-5.13.0/css/fa.min.css?ver=7.0.4" "Mozilla/5.0 (X11; Linux x86_64) AppleWebKit/537.36 (KHTML, like Gecko) HeadlessChrome/97.0.4692.71 Safari/537.36"
172.19.131.174 - - [23/Jan/2022:11:04:20 +0000] "GET /wp-content/plugins/wpdiscuz/assets/third-party/font-awesome-5.13.0/webfonts/fa-brands-400.woff2 HTTP/1.1" 200 76991 "https://intranet.smith.russellmitchell.com/wp-content/plugins/wpdiscuz/assets/third-party/font-awesome-5.13.0/css/fa.min.css?ver=7.0.4" "Mozilla/5.0 (X11; Linux x86_64) AppleWebKit/537.36 (KHTML, like Gecko) HeadlessChrome/97.0.4692.71 Safari/537.36"
172.19.131.174 - - [23/Jan/2022:11:04:21 +0000] "GET /wp-content/themes/go/dist/js/frontend.min.js?ver=1.5.2 HTTP/1.1" 200 2981 "https://intranet.smith.russellmitchell.com/?p=5" "Mozilla/5.0 (X11; Linux x86_64) AppleWebKit/537.36 (KHTML, like Gecko) HeadlessChrome/97.0.4692.71 Safari/537.36"
172.19.131.174 - - [23/Jan/2022:11:04:21 +0000] "GET /wp-includes/js/comment-reply.min.js?ver=5.8.3 HTTP/1.1" 200 1702 "https://intranet.smith.russellmitchell.com/?p=5" "Mozilla/5.0 (X11; Linux x86_64) AppleWebKit/537.36 (KHTML, like Gecko) HeadlessChrome/97.0.4692.71 Safari/537.36"
172.19.131.174 - - [23/Jan/2022:11:04:21 +0000] "GET /wp-includes/js/wp-embed.min.js?ver=5.8.3 HTTP/1.1" 200 1120 "https://intranet.smith.russellmitchell.com/?p=5" "Mozilla/5.0 (X11; Linux x86_64) AppleWebKit/537.36 (KHTML, like Gecko) HeadlessChrome/97.0.4692.71 Safari/537.36"
172.19.131.174 - - [23/Jan/2022:11:04:21 +0000] "GET /wp-content/plugins/wpdiscuz/assets/js/wpdiscuz-combo.min.js?ver=7.0.4 HTTP/1.1" 200 71266 "https://intranet.smith.russellmitchell.com/?p=5" "Mozilla/5.0 (X11; Linux x86_64) AppleWebKit/537.36 (KHTML, like Gecko) HeadlessChrome/97.0.4692.71 Safari/537.36"
::1 - - [23/Jan/2022:11:04:28 +0000] "OPTIONS * HTTP/1.0" 200 110 "-" "Apache/2.4.29 (Ubuntu) OpenSSL/1.1.1 (internal dummy connection)"
172.19.131.174 - - [23/Jan/2022:11:07:15 +0000] "GET / HTTP/1.1" 200 6203 "-" "Mozilla/5.0 (X11; Linux x86_64) AppleWebKit/537.36 (KHTML, like Gecko) HeadlessChrome/97.0.4692.71 Safari/537.36"
10.143.2.91 - - [23/Jan/2022:11:09:17 +0000] "POST /wp-admin/admin-ajax.php HTTP/1.1" 200 3684 "https://intranet.smith.russellmitchell.com/?p=5" "Mozilla/5.0 (X11; Ubuntu; Linux x86_64; rv:86.0) Gecko/20100101 Firefox/86.0"
10.143.2.91 - - [23/Jan/2022:11:10:03 +0000] "POST /wp-admin/admin-ajax.php HTTP/1.1" 200 5624 "https://intranet.smith.russellmitchell.com/?p=5" "Mozilla/5.0 (X11; Ubuntu; Linux x86_64; rv:86.0) Gecko/20100101 Firefox/86.0"
10.143.2.91 - - [23/Jan/2022:11:10:03 +0000] "POST /wp-admin/admin-ajax.php HTTP/1.1" 200 549 "https://intranet.smith.russellmitchell.com/?p=5" "Mozilla/5.0 (X11; Ubuntu; Linux x86_64; rv:86.0) Gecko/20100101 Firefox/86.0"
10.143.2.91 - - [23/Jan/2022:11:10:24 +0000] "GET / HTTP/1.1" 200 6203 "-" "Mozilla/5.0 (X11; Ubuntu; Linux x86_64; rv:86.0) Gecko/20100101 Firefox/86.0"
10.143.2.91 - - [23/Jan/2022:11:15:20 +0000] "GET / HTTP/1.1" 200 6203 "-" "Mozilla/5.0 (X11; Ubuntu; Linux x86_64; rv:86.0) Gecko/20100101 Firefox/86.0"
10.143.2.91 - - [23/Jan/2022:11:46:35 +0000] "GET / HTTP/1.1" 200 6203 "-" "Mozilla/5.0 (X11; Ubuntu; Linux x86_64; rv:86.0) Gecko/20100101 Firefox/86.0"
10.143.2.4 - - [23/Jan/2022:11:46:36 +0000] "POST /wp-cron.php?doing_wp_cron=1642938395.9767909049987792968750 HTTP/1.1" 200 150 "-" "WordPress/5.8.3; https://intranet.smith.russellmitchell.com"
10.143.2.91 - - [23/Jan/2022:11:46:36 +0000] "GET /wp-includes/css/dist/block-library/style.min.css?ver=5.8.3 HTTP/1.1" 200 10846 "http://intranet.smith.russellmitchell.com/" "Mozilla/5.0 (X11; Ubuntu; Linux x86_64; rv:86.0) Gecko/20100101 Firefox/86.0"
10.143.2.91 - - [23/Jan/2022:11:46:36 +0000] "GET /wp-includes/js/wp-embed.min.js?ver=5.8.3 HTTP/1.1" 200 1099 "http://intranet.smith.russellmitchell.com/" "Mozilla/5.0 (X11; Ubuntu; Linux x86_64; rv:86.0) Gecko/20100101 Firefox/86.0"
10.143.2.91 - - [23/Jan/2022:11:46:36 +0000] "GET /wp-content/themes/go/dist/css/design-styles/style-traditional.min.css?ver=1.5.2 HTTP/1.1" 200 1412 "http://intranet.smith.russellmitchell.com/" "Mozilla/5.0 (X11; Ubuntu; Linux x86_64; rv:86.0) Gecko/20100101 Firefox/86.0"
10.143.2.91 - - [23/Jan/2022:11:46:36 +0000] "GET /wp-content/themes/go/dist/js/frontend.min.js?ver=1.5.2 HTTP/1.1" 200 2916 "http://intranet.smith.russellmitchell.com/" "Mozilla/5.0 (X11; Ubuntu; Linux x86_64; rv:86.0) Gecko/20100101 Firefox/86.0"
10.143.2.91 - - [23/Jan/2022:11:46:36 +0000] "GET /wp-includes/js/wp-emoji-release.min.js?ver=5.8.3 HTTP/1.1" 200 5265 "http://intranet.smith.russellmitchell.com/" "Mozilla/5.0 (X11; Ubuntu; Linux x86_64; rv:86.0) Gecko/20100101 Firefox/86.0"
10.143.2.91 - - [23/Jan/2022:11:46:36 +0000] "GET /wp-content/themes/go/dist/css/style-shared.min.css?ver=1.5.2 HTTP/1.1" 200 23204 "http://intranet.smith.russellmitchell.com/" "Mozilla/5.0 (X11; Ubuntu; Linux x86_64; rv:86.0) Gecko/20100101 Firefox/86.0"
10.143.2.91 - - [23/Jan/2022:11:46:36 +0000] "GET /favicon.ico HTTP/1.1" 404 396 "http://intranet.smith.russellmitchell.com/" "Mozilla/5.0 (X11; Ubuntu; Linux x86_64; rv:86.0) Gecko/20100101 Firefox/86.0"
10.143.2.91 - - [23/Jan/2022:11:51:12 +0000] "GET /?p=5 HTTP/1.1" 200 30973 "-" "Mozilla/5.0 (X11; Ubuntu; Linux x86_64; rv:86.0) Gecko/20100101 Firefox/86.0"
10.143.2.91 - - [23/Jan/2022:11:51:12 +0000] "GET /wp-includes/css/dist/block-library/style.min.css?ver=5.8.3 HTTP/1.1" 200 10934 "https://intranet.smith.russellmitchell.com/?p=5" "Mozilla/5.0 (X11; Ubuntu; Linux x86_64; rv:86.0) Gecko/20100101 Firefox/86.0"
10.143.2.91 - - [23/Jan/2022:11:51:12 +0000] "GET /wp-content/plugins/wpdiscuz/themes/default/style.css?ver=7.0.4 HTTP/1.1" 200 19726 "https://intranet.smith.russellmitchell.com/?p=5" "Mozilla/5.0 (X11; Ubuntu; Linux x86_64; rv:86.0) Gecko/20100101 Firefox/86.0"
10.143.2.91 - - [23/Jan/2022:11:51:12 +0000] "GET /wp-content/plugins/wpdiscuz/assets/third-party/font-awesome-5.13.0/css/fa.min.css?ver=7.0.4 HTTP/1.1" 200 2888 "https://intranet.smith.russellmitchell.com/?p=5" "Mozilla/5.0 (X11; Ubuntu; Linux x86_64; rv:86.0) Gecko/20100101 Firefox/86.0"
10.143.2.91 - - [23/Jan/2022:11:51:12 +0000] "GET /wp-includes/js/jquery/jquery-migrate.min.js?ver=3.3.2 HTTP/1.1" 200 5146 "https://intranet.smith.russellmitchell.com/?p=5" "Mozilla/5.0 (X11; Ubuntu; Linux x86_64; rv:86.0) Gecko/20100101 Firefox/86.0"
10.143.2.91 - - [23/Jan/2022:11:51:12 +0000] "GET /wp-includes/js/jquery/jquery.min.js?ver=3.6.0 HTTP/1.1" 200 31377 "https://intranet.smith.russellmitchell.com/?p=5" "Mozilla/5.0 (X11; Ubuntu; Linux x86_64; rv:86.0) Gecko/20100101 Firefox/86.0"
10.143.2.91 - - [23/Jan/2022:11:51:12 +0000] "GET /wp-includes/js/wp-emoji-release.min.js?ver=5.8.3 HTTP/1.1" 200 5907 "https://intranet.smith.russellmitchell.com/?p=5" "Mozilla/5.0 (X11; Ubuntu; Linux x86_64; rv:86.0) Gecko/20100101 Firefox/86.0"
10.143.2.91 - - [23/Jan/2022:11:51:12 +0000] "GET /wp-content/plugins/wpdiscuz/assets/css/wpdiscuz-combo.min.css?ver=5.8.3 HTTP/1.1" 200 7375 "https://intranet.smith.russellmitchell.com/?p=5" "Mozilla/5.0 (X11; Ubuntu; Linux x86_64; rv:86.0) Gecko/20100101 Firefox/86.0"
10.143.2.91 - - [23/Jan/2022:11:51:12 +0000] "GET /wp-content/themes/go/dist/js/frontend.min.js?ver=1.5.2 HTTP/1.1" 200 2981 "https://intranet.smith.russellmitchell.com/?p=5" "Mozilla/5.0 (X11; Ubuntu; Linux x86_64; rv:86.0) Gecko/20100101 Firefox/86.0"
10.143.2.91 - - [23/Jan/2022:11:51:12 +0000] "GET /wp-content/themes/go/dist/css/design-styles/style-traditional.min.css?ver=1.5.2 HTTP/1.1" 200 2009 "https://intranet.smith.russellmitchell.com/?p=5" "Mozilla/5.0 (X11; Ubuntu; Linux x86_64; rv:86.0) Gecko/20100101 Firefox/86.0"
10.143.2.91 - - [23/Jan/2022:11:51:12 +0000] "GET /wp-includes/js/wp-embed.min.js?ver=5.8.3 HTTP/1.1" 200 1120 "https://intranet.smith.russellmitchell.com/?p=5" "Mozilla/5.0 (X11; Ubuntu; Linux x86_64; rv:86.0) Gecko/20100101 Firefox/86.0"
10.143.2.91 - - [23/Jan/2022:11:51:12 +0000] "GET /wp-includes/js/comment-reply.min.js?ver=5.8.3 HTTP/1.1" 200 1702 "https://intranet.smith.russellmitchell.com/?p=5" "Mozilla/5.0 (X11; Ubuntu; Linux x86_64; rv:86.0) Gecko/20100101 Firefox/86.0"
10.143.2.91 - - [23/Jan/2022:11:51:12 +0000] "GET /wp-content/themes/go/dist/css/style-shared.min.css?ver=1.5.2 HTTP/1.1" 200 23889 "https://intranet.smith.russellmitchell.com/?p=5" "Mozilla/5.0 (X11; Ubuntu; Linux x86_64; rv:86.0) Gecko/20100101 Firefox/86.0"
10.143.2.91 - - [23/Jan/2022:11:51:12 +0000] "GET /wp-content/plugins/wpdiscuz/assets/js/wpdiscuz-combo.min.js?ver=7.0.4 HTTP/1.1" 200 71266 "https://intranet.smith.russellmitchell.com/?p=5" "Mozilla/5.0 (X11; Ubuntu; Linux x86_64; rv:86.0) Gecko/20100101 Firefox/86.0"
10.143.2.91 - - [23/Jan/2022:11:51:13 +0000] "GET /wp-content/plugins/wpdiscuz/themes/default/css/fonts/sqr721c-webfont.woff2 HTTP/1.1" 200 18908 "https://intranet.smith.russellmitchell.com/wp-content/plugins/wpdiscuz/themes/default/style.css?ver=7.0.4" "Mozilla/5.0 (X11; Ubuntu; Linux x86_64; rv:86.0) Gecko/20100101 Firefox/86.0"
10.143.2.91 - - [23/Jan/2022:11:51:13 +0000] "GET /wp-content/plugins/wpdiscuz/assets/third-party/font-awesome-5.13.0/webfonts/fa-regular-400.woff2 HTTP/1.1" 200 13874 "https://intranet.smith.russellmitchell.com/wp-content/plugins/wpdiscuz/assets/third-party/font-awesome-5.13.0/css/fa.min.css?ver=7.0.4" "Mozilla/5.0 (X11; Ubuntu; Linux x86_64; rv:86.0) Gecko/20100101 Firefox/86.0"
10.143.2.91 - - [23/Jan/2022:11:51:13 +0000] "GET /wp-content/plugins/wpdiscuz/assets/third-party/font-awesome-5.13.0/webfonts/fa-solid-900.woff2 HTTP/1.1" 200 79823 "https://intranet.smith.russellmitchell.com/wp-content/plugins/wpdiscuz/assets/third-party/font-awesome-5.13.0/css/fa.min.css?ver=7.0.4" "Mozilla/5.0 (X11; Ubuntu; Linux x86_64; rv:86.0) Gecko/20100101 Firefox/86.0"
10.143.2.91 - - [23/Jan/2022:11:51:13 +0000] "GET /wp-content/plugins/wpdiscuz/assets/third-party/font-awesome-5.13.0/webfonts/fa-brands-400.woff2 HTTP/1.1" 200 76991 "https://intranet.smith.russellmitchell.com/wp-content/plugins/wpdiscuz/assets/third-party/font-awesome-5.13.0/css/fa.min.css?ver=7.0.4" "Mozilla/5.0 (X11; Ubuntu; Linux x86_64; rv:86.0) Gecko/20100101 Firefox/86.0"
10.143.2.91 - - [23/Jan/2022:11:51:13 +0000] "GET /favicon.ico HTTP/1.1" 404 418 "https://intranet.smith.russellmitchell.com/?p=5" "Mozilla/5.0 (X11; Ubuntu; Linux x86_64; rv:86.0) Gecko/20100101 Firefox/86.0"
::1 - - [23/Jan/2022:11:51:19 +0000] "OPTIONS * HTTP/1.0" 200 110 "-" "Apache/2.4.29 (Ubuntu) OpenSSL/1.1.1 (internal dummy connection)"
10.143.2.91 - - [23/Jan/2022:11:54:21 +0000] "GET / HTTP/1.1" 200 6203 "-" "Mozilla/5.0 (X11; Ubuntu; Linux x86_64; rv:86.0) Gecko/20100101 Firefox/86.0"
10.143.2.25 - - [23/Jan/2022:12:01:50 +0000] "GET / HTTP/1.1" 200 6203 "-" "Mozilla/5.0 (X11; Linux x86_64) AppleWebKit/537.36 (KHTML, like Gecko) HeadlessChrome/97.0.4692.71 Safari/537.36"
10.143.2.25 - - [23/Jan/2022:12:06:54 +0000] "GET /?p=5 HTTP/1.1" 200 30992 "-" "Mozilla/5.0 (X11; Linux x86_64) AppleWebKit/537.36 (KHTML, like Gecko) HeadlessChrome/97.0.4692.71 Safari/537.36"
10.143.2.25 - - [23/Jan/2022:12:06:55 +0000] "GET /wp-includes/css/dist/block-library/style.min.css?ver=5.8.3 HTTP/1.1" 200 10934 "https://intranet.smith.russellmitchell.com/?p=5" "Mozilla/5.0 (X11; Linux x86_64) AppleWebKit/537.36 (KHTML, like Gecko) HeadlessChrome/97.0.4692.71 Safari/537.36"
10.143.2.25 - - [23/Jan/2022:12:06:55 +0000] "GET /wp-content/plugins/wpdiscuz/assets/third-party/font-awesome-5.13.0/css/fa.min.css?ver=7.0.4 HTTP/1.1" 200 3464 "https://intranet.smith.russellmitchell.com/?p=5" "Mozilla/5.0 (X11; Linux x86_64) AppleWebKit/537.36 (KHTML, like Gecko) HeadlessChrome/97.0.4692.71 Safari/537.36"
10.143.2.25 - - [23/Jan/2022:12:06:55 +0000] "GET /wp-content/plugins/wpdiscuz/themes/default/style.css?ver=7.0.4 HTTP/1.1" 200 20302 "https://intranet.smith.russellmitchell.com/?p=5" "Mozilla/5.0 (X11; Linux x86_64) AppleWebKit/537.36 (KHTML, like Gecko) HeadlessChrome/97.0.4692.71 Safari/537.36"
10.143.2.25 - - [23/Jan/2022:12:06:55 +0000] "GET /wp-content/plugins/wpdiscuz/assets/css/wpdiscuz-combo.min.css?ver=5.8.3 HTTP/1.1" 200 6799 "https://intranet.smith.russellmitchell.com/?p=5" "Mozilla/5.0 (X11; Linux x86_64) AppleWebKit/537.36 (KHTML, like Gecko) HeadlessChrome/97.0.4692.71 Safari/537.36"
10.143.2.25 - - [23/Jan/2022:12:06:55 +0000] "GET /wp-content/themes/go/dist/css/design-styles/style-traditional.min.css?ver=1.5.2 HTTP/1.1" 200 2009 "https://intranet.smith.russellmitchell.com/?p=5" "Mozilla/5.0 (X11; Linux x86_64) AppleWebKit/537.36 (KHTML, like Gecko) HeadlessChrome/97.0.4692.71 Safari/537.36"
10.143.2.25 - - [23/Jan/2022:12:06:55 +0000] "GET /wp-content/themes/go/dist/css/style-shared.min.css?ver=1.5.2 HTTP/1.1" 200 23313 "https://intranet.smith.russellmitchell.com/?p=5" "Mozilla/5.0 (X11; Linux x86_64) AppleWebKit/537.36 (KHTML, like Gecko) HeadlessChrome/97.0.4692.71 Safari/537.36"
10.143.2.25 - - [23/Jan/2022:12:06:55 +0000] "GET /wp-includes/js/jquery/jquery.min.js?ver=3.6.0 HTTP/1.1" 200 31953 "https://intranet.smith.russellmitchell.com/?p=5" "Mozilla/5.0 (X11; Linux x86_64) AppleWebKit/537.36 (KHTML, like Gecko) HeadlessChrome/97.0.4692.71 Safari/537.36"
10.143.2.25 - - [23/Jan/2022:12:06:55 +0000] "GET /wp-includes/js/jquery/jquery-migrate.min.js?ver=3.3.2 HTTP/1.1" 200 7591 "https://intranet.smith.russellmitchell.com/?p=5" "Mozilla/5.0 (X11; Linux x86_64) AppleWebKit/537.36 (KHTML, like Gecko) HeadlessChrome/97.0.4692.71 Safari/537.36"
10.143.2.25 - - [23/Jan/2022:12:06:55 +0000] "GET /wp-includes/js/wp-emoji-release.min.js?ver=5.8.3 HTTP/1.1" 200 5331 "https://intranet.smith.russellmitchell.com/?p=5" "Mozilla/5.0 (X11; Linux x86_64) AppleWebKit/537.36 (KHTML, like Gecko) HeadlessChrome/97.0.4692.71 Safari/537.36"
10.143.2.25 - - [23/Jan/2022:12:06:55 +0000] "GET /wp-content/plugins/wpdiscuz/themes/default/css/fonts/sqr721c-webfont.woff2 HTTP/1.1" 200 18908 "https://intranet.smith.russellmitchell.com/wp-content/plugins/wpdiscuz/themes/default/style.css?ver=7.0.4" "Mozilla/5.0 (X11; Linux x86_64) AppleWebKit/537.36 (KHTML, like Gecko) HeadlessChrome/97.0.4692.71 Safari/537.36"
10.143.2.25 - - [23/Jan/2022:12:06:55 +0000] "GET /wp-content/plugins/wpdiscuz/assets/third-party/font-awesome-5.13.0/webfonts/fa-regular-400.woff2 HTTP/1.1" 200 13874 "https://intranet.smith.russellmitchell.com/wp-content/plugins/wpdiscuz/assets/third-party/font-awesome-5.13.0/css/fa.min.css?ver=7.0.4" "Mozilla/5.0 (X11; Linux x86_64) AppleWebKit/537.36 (KHTML, like Gecko) HeadlessChrome/97.0.4692.71 Safari/537.36"
10.143.2.25 - - [23/Jan/2022:12:06:55 +0000] "GET /wp-content/plugins/wpdiscuz/assets/third-party/font-awesome-5.13.0/webfonts/fa-solid-900.woff2 HTTP/1.1" 200 79823 "https://intranet.smith.russellmitchell.com/wp-content/plugins/wpdiscuz/assets/third-party/font-awesome-5.13.0/css/fa.min.css?ver=7.0.4" "Mozilla/5.0 (X11; Linux x86_64) AppleWebKit/537.36 (KHTML, like Gecko) HeadlessChrome/97.0.4692.71 Safari/537.36"
10.143.2.25 - - [23/Jan/2022:12:06:55 +0000] "GET /wp-content/plugins/wpdiscuz/assets/third-party/font-awesome-5.13.0/webfonts/fa-brands-400.woff2 HTTP/1.1" 200 76991 "https://intranet.smith.russellmitchell.com/wp-content/plugins/wpdiscuz/assets/third-party/font-awesome-5.13.0/css/fa.min.css?ver=7.0.4" "Mozilla/5.0 (X11; Linux x86_64) AppleWebKit/537.36 (KHTML, like Gecko) HeadlessChrome/97.0.4692.71 Safari/537.36"
10.143.2.25 - - [23/Jan/2022:12:06:55 +0000] "GET /wp-content/themes/go/dist/js/frontend.min.js?ver=1.5.2 HTTP/1.1" 200 2981 "https://intranet.smith.russellmitchell.com/?p=5" "Mozilla/5.0 (X11; Linux x86_64) AppleWebKit/537.36 (KHTML, like Gecko) HeadlessChrome/97.0.4692.71 Safari/537.36"
10.143.2.25 - - [23/Jan/2022:12:06:55 +0000] "GET /wp-includes/js/comment-reply.min.js?ver=5.8.3 HTTP/1.1" 200 1702 "https://intranet.smith.russellmitchell.com/?p=5" "Mozilla/5.0 (X11; Linux x86_64) AppleWebKit/537.36 (KHTML, like Gecko) HeadlessChrome/97.0.4692.71 Safari/537.36"
10.143.2.25 - - [23/Jan/2022:12:06:55 +0000] "GET /wp-includes/js/wp-embed.min.js?ver=5.8.3 HTTP/1.1" 200 1120 "https://intranet.smith.russellmitchell.com/?p=5" "Mozilla/5.0 (X11; Linux x86_64) AppleWebKit/537.36 (KHTML, like Gecko) HeadlessChrome/97.0.4692.71 Safari/537.36"
10.143.2.25 - - [23/Jan/2022:12:06:55 +0000] "GET /wp-content/plugins/wpdiscuz/assets/js/wpdiscuz-combo.min.js?ver=7.0.4 HTTP/1.1" 200 71266 "https://intranet.smith.russellmitchell.com/?p=5" "Mozilla/5.0 (X11; Linux x86_64) AppleWebKit/537.36 (KHTML, like Gecko) HeadlessChrome/97.0.4692.71 Safari/537.36"
::1 - - [23/Jan/2022:12:07:03 +0000] "OPTIONS * HTTP/1.0" 200 110 "-" "Apache/2.4.29 (Ubuntu) OpenSSL/1.1.1 (internal dummy connection)"
10.143.2.25 - - [23/Jan/2022:12:10:23 +0000] "GET /wp-content/plugins/wpdiscuz/assets/img/loading.gif HTTP/1.1" 200 4069 "https://intranet.smith.russellmitchell.com/wp-content/plugins/wpdiscuz/themes/default/style.css?ver=7.0.4" "Mozilla/5.0 (X11; Linux x86_64) AppleWebKit/537.36 (KHTML, like Gecko) HeadlessChrome/97.0.4692.71 Safari/537.36"
10.143.2.25 - - [23/Jan/2022:12:10:23 +0000] "POST /wp-admin/admin-ajax.php HTTP/1.1" 200 1237 "https://intranet.smith.russellmitchell.com/?p=5" "Mozilla/5.0 (X11; Linux x86_64) AppleWebKit/537.36 (KHTML, like Gecko) HeadlessChrome/97.0.4692.71 Safari/537.36"
10.143.2.25 - - [23/Jan/2022:12:10:33 +0000] "GET / HTTP/1.1" 200 6203 "-" "Mozilla/5.0 (X11; Linux x86_64) AppleWebKit/537.36 (KHTML, like Gecko) HeadlessChrome/97.0.4692.71 Safari/537.36"
10.143.2.25 - - [23/Jan/2022:12:16:06 +0000] "GET /?p=5 HTTP/1.1" 200 30991 "-" "Mozilla/5.0 (X11; Linux x86_64) AppleWebKit/537.36 (KHTML, like Gecko) HeadlessChrome/97.0.4692.71 Safari/537.36"
10.143.2.25 - - [23/Jan/2022:12:16:06 +0000] "GET /wp-content/plugins/wpdiscuz/assets/third-party/font-awesome-5.13.0/css/fa.min.css?ver=7.0.4 HTTP/1.1" 200 3464 "https://intranet.smith.russellmitchell.com/?p=5" "Mozilla/5.0 (X11; Linux x86_64) AppleWebKit/537.36 (KHTML, like Gecko) HeadlessChrome/97.0.4692.71 Safari/537.36"
10.143.2.25 - - [23/Jan/2022:12:16:06 +0000] "GET /wp-includes/css/dist/block-library/style.min.css?ver=5.8.3 HTTP/1.1" 200 10934 "https://intranet.smith.russellmitchell.com/?p=5" "Mozilla/5.0 (X11; Linux x86_64) AppleWebKit/537.36 (KHTML, like Gecko) HeadlessChrome/97.0.4692.71 Safari/537.36"
10.143.2.25 - - [23/Jan/2022:12:16:06 +0000] "GET /wp-content/plugins/wpdiscuz/assets/css/wpdiscuz-combo.min.css?ver=5.8.3 HTTP/1.1" 200 6799 "https://intranet.smith.russellmitchell.com/?p=5" "Mozilla/5.0 (X11; Linux x86_64) AppleWebKit/537.36 (KHTML, like Gecko) HeadlessChrome/97.0.4692.71 Safari/537.36"
10.143.2.25 - - [23/Jan/2022:12:16:06 +0000] "GET /wp-content/themes/go/dist/css/design-styles/style-traditional.min.css?ver=1.5.2 HTTP/1.1" 200 1433 "https://intranet.smith.russellmitchell.com/?p=5" "Mozilla/5.0 (X11; Linux x86_64) AppleWebKit/537.36 (KHTML, like Gecko) HeadlessChrome/97.0.4692.71 Safari/537.36"
10.143.2.25 - - [23/Jan/2022:12:16:06 +0000] "GET /wp-content/plugins/wpdiscuz/themes/default/style.css?ver=7.0.4 HTTP/1.1" 200 20302 "https://intranet.smith.russellmitchell.com/?p=5" "Mozilla/5.0 (X11; Linux x86_64) AppleWebKit/537.36 (KHTML, like Gecko) HeadlessChrome/97.0.4692.71 Safari/537.36"
10.143.2.25 - - [23/Jan/2022:12:16:06 +0000] "GET /wp-includes/js/jquery/jquery-migrate.min.js?ver=3.3.2 HTTP/1.1" 200 4570 "https://intranet.smith.russellmitchell.com/?p=5" "Mozilla/5.0 (X11; Linux x86_64) AppleWebKit/537.36 (KHTML, like Gecko) HeadlessChrome/97.0.4692.71 Safari/537.36"
10.143.2.25 - - [23/Jan/2022:12:16:06 +0000] "GET /wp-content/themes/go/dist/css/style-shared.min.css?ver=1.5.2 HTTP/1.1" 200 23313 "https://intranet.smith.russellmitchell.com/?p=5" "Mozilla/5.0 (X11; Linux x86_64) AppleWebKit/537.36 (KHTML, like Gecko) HeadlessChrome/97.0.4692.71 Safari/537.36"
10.143.2.25 - - [23/Jan/2022:12:16:06 +0000] "GET /wp-includes/js/jquery/jquery.min.js?ver=3.6.0 HTTP/1.1" 200 31377 "https://intranet.smith.russellmitchell.com/?p=5" "Mozilla/5.0 (X11; Linux x86_64) AppleWebKit/537.36 (KHTML, like Gecko) HeadlessChrome/97.0.4692.71 Safari/537.36"
10.143.2.25 - - [23/Jan/2022:12:16:07 +0000] "GET /wp-includes/js/wp-emoji-release.min.js?ver=5.8.3 HTTP/1.1" 200 5331 "https://intranet.smith.russellmitchell.com/?p=5" "Mozilla/5.0 (X11; Linux x86_64) AppleWebKit/537.36 (KHTML, like Gecko) HeadlessChrome/97.0.4692.71 Safari/537.36"
10.143.2.25 - - [23/Jan/2022:12:16:07 +0000] "GET /wp-content/plugins/wpdiscuz/assets/third-party/font-awesome-5.13.0/webfonts/fa-regular-400.woff2 HTTP/1.1" 200 13874 "https://intranet.smith.russellmitchell.com/wp-content/plugins/wpdiscuz/assets/third-party/font-awesome-5.13.0/css/fa.min.css?ver=7.0.4" "Mozilla/5.0 (X11; Linux x86_64) AppleWebKit/537.36 (KHTML, like Gecko) HeadlessChrome/97.0.4692.71 Safari/537.36"
10.143.2.25 - - [23/Jan/2022:12:16:07 +0000] "GET /wp-content/plugins/wpdiscuz/assets/third-party/font-awesome-5.13.0/webfonts/fa-solid-900.woff2 HTTP/1.1" 200 79823 "https://intranet.smith.russellmitchell.com/wp-content/plugins/wpdiscuz/assets/third-party/font-awesome-5.13.0/css/fa.min.css?ver=7.0.4" "Mozilla/5.0 (X11; Linux x86_64) AppleWebKit/537.36 (KHTML, like Gecko) HeadlessChrome/97.0.4692.71 Safari/537.36"
10.143.2.25 - - [23/Jan/2022:12:16:07 +0000] "GET /wp-content/plugins/wpdiscuz/assets/third-party/font-awesome-5.13.0/webfonts/fa-brands-400.woff2 HTTP/1.1" 200 80012 "https://intranet.smith.russellmitchell.com/wp-content/plugins/wpdiscuz/assets/third-party/font-awesome-5.13.0/css/fa.min.css?ver=7.0.4" "Mozilla/5.0 (X11; Linux x86_64) AppleWebKit/537.36 (KHTML, like Gecko) HeadlessChrome/97.0.4692.71 Safari/537.36"
10.143.2.25 - - [23/Jan/2022:12:16:07 +0000] "GET /wp-content/plugins/wpdiscuz/themes/default/css/fonts/sqr721c-webfont.woff2 HTTP/1.1" 200 18908 "https://intranet.smith.russellmitchell.com/wp-content/plugins/wpdiscuz/themes/default/style.css?ver=7.0.4" "Mozilla/5.0 (X11; Linux x86_64) AppleWebKit/537.36 (KHTML, like Gecko) HeadlessChrome/97.0.4692.71 Safari/537.36"
10.143.2.25 - - [23/Jan/2022:12:16:07 +0000] "GET /wp-content/themes/go/dist/js/frontend.min.js?ver=1.5.2 HTTP/1.1" 200 2981 "https://intranet.smith.russellmitchell.com/?p=5" "Mozilla/5.0 (X11; Linux x86_64) AppleWebKit/537.36 (KHTML, like Gecko) HeadlessChrome/97.0.4692.71 Safari/537.36"
10.143.2.25 - - [23/Jan/2022:12:16:07 +0000] "GET /wp-includes/js/comment-reply.min.js?ver=5.8.3 HTTP/1.1" 200 1702 "https://intranet.smith.russellmitchell.com/?p=5" "Mozilla/5.0 (X11; Linux x86_64) AppleWebKit/537.36 (KHTML, like Gecko) HeadlessChrome/97.0.4692.71 Safari/537.36"
10.143.2.25 - - [23/Jan/2022:12:16:07 +0000] "GET /wp-includes/js/wp-embed.min.js?ver=5.8.3 HTTP/1.1" 200 1120 "https://intranet.smith.russellmitchell.com/?p=5" "Mozilla/5.0 (X11; Linux x86_64) AppleWebKit/537.36 (KHTML, like Gecko) HeadlessChrome/97.0.4692.71 Safari/537.36"
10.143.2.25 - - [23/Jan/2022:12:16:07 +0000] "GET /wp-content/plugins/wpdiscuz/assets/js/wpdiscuz-combo.min.js?ver=7.0.4 HTTP/1.1" 200 71266 "https://intranet.smith.russellmitchell.com/?p=5" "Mozilla/5.0 (X11; Linux x86_64) AppleWebKit/537.36 (KHTML, like Gecko) HeadlessChrome/97.0.4692.71 Safari/537.36"
10.143.2.25 - - [23/Jan/2022:12:16:27 +0000] "-" 408 3020 "-" "-"
10.143.2.25 - - [23/Jan/2022:12:16:27 +0000] "-" 408 3020 "-" "-"
::1 - - [23/Jan/2022:12:16:29 +0000] "OPTIONS * HTTP/1.0" 200 110 "-" "Apache/2.4.29 (Ubuntu) OpenSSL/1.1.1 (internal dummy connection)"
10.143.2.25 - - [23/Jan/2022:12:21:34 +0000] "GET /wp-content/plugins/wpdiscuz/assets/img/loading.gif HTTP/1.1" 200 6514 "https://intranet.smith.russellmitchell.com/wp-content/plugins/wpdiscuz/themes/default/style.css?ver=7.0.4" "Mozilla/5.0 (X11; Linux x86_64) AppleWebKit/537.36 (KHTML, like Gecko) HeadlessChrome/97.0.4692.71 Safari/537.36"
10.143.2.25 - - [23/Jan/2022:12:21:34 +0000] "POST /wp-admin/admin-ajax.php HTTP/1.1" 200 3684 "https://intranet.smith.russellmitchell.com/?p=5" "Mozilla/5.0 (X11; Linux x86_64) AppleWebKit/537.36 (KHTML, like Gecko) HeadlessChrome/97.0.4692.71 Safari/537.36"
10.143.2.25 - - [23/Jan/2022:12:21:41 +0000] "POST /wp-admin/admin-ajax.php HTTP/1.1" 200 1237 "https://intranet.smith.russellmitchell.com/?p=5" "Mozilla/5.0 (X11; Linux x86_64) AppleWebKit/537.36 (KHTML, like Gecko) HeadlessChrome/97.0.4692.71 Safari/537.36"
10.143.2.25 - - [23/Jan/2022:12:21:49 +0000] "GET / HTTP/1.1" 200 6203 "-" "Mozilla/5.0 (X11; Linux x86_64) AppleWebKit/537.36 (KHTML, like Gecko) HeadlessChrome/97.0.4692.71 Safari/537.36"
10.143.2.91 - - [23/Jan/2022:12:47:41 +0000] "GET / HTTP/1.1" 200 6203 "-" "Mozilla/5.0 (X11; Ubuntu; Linux x86_64; rv:86.0) Gecko/20100101 Firefox/86.0"
10.143.2.4 - - [23/Jan/2022:12:47:41 +0000] "GET / HTTP/1.1" 200 9138 "-" "WordPress/5.8.3; https://intranet.smith.russellmitchell.com"
10.143.2.91 - - [23/Jan/2022:12:47:41 +0000] "GET /wp-includes/css/dist/block-library/style.min.css?ver=5.8.3 HTTP/1.1" 200 10846 "http://intranet.smith.russellmitchell.com/" "Mozilla/5.0 (X11; Ubuntu; Linux x86_64; rv:86.0) Gecko/20100101 Firefox/86.0"
10.143.2.91 - - [23/Jan/2022:12:47:41 +0000] "GET /wp-content/themes/go/dist/css/style-shared.min.css?ver=1.5.2 HTTP/1.1" 200 23203 "http://intranet.smith.russellmitchell.com/" "Mozilla/5.0 (X11; Ubuntu; Linux x86_64; rv:86.0) Gecko/20100101 Firefox/86.0"
10.143.2.91 - - [23/Jan/2022:12:47:41 +0000] "GET /wp-content/themes/go/dist/css/design-styles/style-traditional.min.css?ver=1.5.2 HTTP/1.1" 200 1412 "http://intranet.smith.russellmitchell.com/" "Mozilla/5.0 (X11; Ubuntu; Linux x86_64; rv:86.0) Gecko/20100101 Firefox/86.0"
10.143.2.91 - - [23/Jan/2022:12:47:41 +0000] "GET /wp-content/themes/go/dist/js/frontend.min.js?ver=1.5.2 HTTP/1.1" 200 2916 "http://intranet.smith.russellmitchell.com/" "Mozilla/5.0 (X11; Ubuntu; Linux x86_64; rv:86.0) Gecko/20100101 Firefox/86.0"
10.143.2.91 - - [23/Jan/2022:12:47:41 +0000] "GET /wp-includes/js/wp-emoji-release.min.js?ver=5.8.3 HTTP/1.1" 200 5266 "http://intranet.smith.russellmitchell.com/" "Mozilla/5.0 (X11; Ubuntu; Linux x86_64; rv:86.0) Gecko/20100101 Firefox/86.0"
10.143.2.91 - - [23/Jan/2022:12:47:41 +0000] "GET /wp-includes/js/wp-embed.min.js?ver=5.8.3 HTTP/1.1" 200 1098 "http://intranet.smith.russellmitchell.com/" "Mozilla/5.0 (X11; Ubuntu; Linux x86_64; rv:86.0) Gecko/20100101 Firefox/86.0"
10.143.2.91 - - [23/Jan/2022:12:47:41 +0000] "GET /favicon.ico HTTP/1.1" 404 396 "http://intranet.smith.russellmitchell.com/" "Mozilla/5.0 (X11; Ubuntu; Linux x86_64; rv:86.0) Gecko/20100101 Firefox/86.0"
10.143.2.4 - - [23/Jan/2022:12:47:41 +0000] "POST /wp-cron.php?doing_wp_cron=1642942061.2528750896453857421875 HTTP/1.1" 200 150 "-" "WordPress/5.8.3; https://intranet.smith.russellmitchell.com"
10.143.2.91 - - [23/Jan/2022:12:50:22 +0000] "GET /?p=5 HTTP/1.1" 200 30936 "-" "Mozilla/5.0 (X11; Ubuntu; Linux x86_64; rv:86.0) Gecko/20100101 Firefox/86.0"
10.143.2.91 - - [23/Jan/2022:12:50:22 +0000] "GET /wp-includes/css/dist/block-library/style.min.css?ver=5.8.3 HTTP/1.1" 200 10934 "https://intranet.smith.russellmitchell.com/?p=5" "Mozilla/5.0 (X11; Ubuntu; Linux x86_64; rv:86.0) Gecko/20100101 Firefox/86.0"
10.143.2.91 - - [23/Jan/2022:12:50:22 +0000] "GET /wp-content/plugins/wpdiscuz/themes/default/style.css?ver=7.0.4 HTTP/1.1" 200 19726 "https://intranet.smith.russellmitchell.com/?p=5" "Mozilla/5.0 (X11; Ubuntu; Linux x86_64; rv:86.0) Gecko/20100101 Firefox/86.0"
10.143.2.91 - - [23/Jan/2022:12:50:22 +0000] "GET /wp-content/plugins/wpdiscuz/assets/third-party/font-awesome-5.13.0/css/fa.min.css?ver=7.0.4 HTTP/1.1" 200 2888 "https://intranet.smith.russellmitchell.com/?p=5" "Mozilla/5.0 (X11; Ubuntu; Linux x86_64; rv:86.0) Gecko/20100101 Firefox/86.0"
10.143.2.91 - - [23/Jan/2022:12:50:22 +0000] "GET /wp-content/plugins/wpdiscuz/assets/css/wpdiscuz-combo.min.css?ver=5.8.3 HTTP/1.1" 200 7375 "https://intranet.smith.russellmitchell.com/?p=5" "Mozilla/5.0 (X11; Ubuntu; Linux x86_64; rv:86.0) Gecko/20100101 Firefox/86.0"
10.143.2.91 - - [23/Jan/2022:12:50:22 +0000] "GET /wp-includes/js/jquery/jquery-migrate.min.js?ver=3.3.2 HTTP/1.1" 200 5146 "https://intranet.smith.russellmitchell.com/?p=5" "Mozilla/5.0 (X11; Ubuntu; Linux x86_64; rv:86.0) Gecko/20100101 Firefox/86.0"
10.143.2.91 - - [23/Jan/2022:12:50:22 +0000] "GET /wp-includes/js/jquery/jquery.min.js?ver=3.6.0 HTTP/1.1" 200 31377 "https://intranet.smith.russellmitchell.com/?p=5" "Mozilla/5.0 (X11; Ubuntu; Linux x86_64; rv:86.0) Gecko/20100101 Firefox/86.0"
10.143.2.91 - - [23/Jan/2022:12:50:22 +0000] "GET /wp-content/themes/go/dist/css/style-shared.min.css?ver=1.5.2 HTTP/1.1" 200 23889 "https://intranet.smith.russellmitchell.com/?p=5" "Mozilla/5.0 (X11; Ubuntu; Linux x86_64; rv:86.0) Gecko/20100101 Firefox/86.0"
10.143.2.91 - - [23/Jan/2022:12:50:22 +0000] "GET /wp-includes/js/comment-reply.min.js?ver=5.8.3 HTTP/1.1" 200 1702 "https://intranet.smith.russellmitchell.com/?p=5" "Mozilla/5.0 (X11; Ubuntu; Linux x86_64; rv:86.0) Gecko/20100101 Firefox/86.0"
10.143.2.91 - - [23/Jan/2022:12:50:22 +0000] "GET /wp-content/themes/go/dist/js/frontend.min.js?ver=1.5.2 HTTP/1.1" 200 2981 "https://intranet.smith.russellmitchell.com/?p=5" "Mozilla/5.0 (X11; Ubuntu; Linux x86_64; rv:86.0) Gecko/20100101 Firefox/86.0"
10.143.2.91 - - [23/Jan/2022:12:50:22 +0000] "GET /wp-content/themes/go/dist/css/design-styles/style-traditional.min.css?ver=1.5.2 HTTP/1.1" 200 2009 "https://intranet.smith.russellmitchell.com/?p=5" "Mozilla/5.0 (X11; Ubuntu; Linux x86_64; rv:86.0) Gecko/20100101 Firefox/86.0"
10.143.2.91 - - [23/Jan/2022:12:50:22 +0000] "GET /wp-includes/js/wp-emoji-release.min.js?ver=5.8.3 HTTP/1.1" 200 5907 "https://intranet.smith.russellmitchell.com/?p=5" "Mozilla/5.0 (X11; Ubuntu; Linux x86_64; rv:86.0) Gecko/20100101 Firefox/86.0"
10.143.2.91 - - [23/Jan/2022:12:50:22 +0000] "GET /wp-includes/js/wp-embed.min.js?ver=5.8.3 HTTP/1.1" 200 1120 "https://intranet.smith.russellmitchell.com/?p=5" "Mozilla/5.0 (X11; Ubuntu; Linux x86_64; rv:86.0) Gecko/20100101 Firefox/86.0"
10.143.2.91 - - [23/Jan/2022:12:50:22 +0000] "GET /wp-content/plugins/wpdiscuz/assets/js/wpdiscuz-combo.min.js?ver=7.0.4 HTTP/1.1" 200 71266 "https://intranet.smith.russellmitchell.com/?p=5" "Mozilla/5.0 (X11; Ubuntu; Linux x86_64; rv:86.0) Gecko/20100101 Firefox/86.0"
10.143.2.91 - - [23/Jan/2022:12:50:23 +0000] "GET /wp-content/plugins/wpdiscuz/themes/default/css/fonts/sqr721c-webfont.woff2 HTTP/1.1" 200 18908 "https://intranet.smith.russellmitchell.com/wp-content/plugins/wpdiscuz/themes/default/style.css?ver=7.0.4" "Mozilla/5.0 (X11; Ubuntu; Linux x86_64; rv:86.0) Gecko/20100101 Firefox/86.0"
10.143.2.91 - - [23/Jan/2022:12:50:23 +0000] "GET /wp-content/plugins/wpdiscuz/assets/third-party/font-awesome-5.13.0/webfonts/fa-regular-400.woff2 HTTP/1.1" 200 13874 "https://intranet.smith.russellmitchell.com/wp-content/plugins/wpdiscuz/assets/third-party/font-awesome-5.13.0/css/fa.min.css?ver=7.0.4" "Mozilla/5.0 (X11; Ubuntu; Linux x86_64; rv:86.0) Gecko/20100101 Firefox/86.0"
10.143.2.91 - - [23/Jan/2022:12:50:23 +0000] "GET /wp-content/plugins/wpdiscuz/assets/third-party/font-awesome-5.13.0/webfonts/fa-solid-900.woff2 HTTP/1.1" 200 79823 "https://intranet.smith.russellmitchell.com/wp-content/plugins/wpdiscuz/assets/third-party/font-awesome-5.13.0/css/fa.min.css?ver=7.0.4" "Mozilla/5.0 (X11; Ubuntu; Linux x86_64; rv:86.0) Gecko/20100101 Firefox/86.0"
10.143.2.91 - - [23/Jan/2022:12:50:23 +0000] "GET /wp-content/plugins/wpdiscuz/assets/third-party/font-awesome-5.13.0/webfonts/fa-brands-400.woff2 HTTP/1.1" 200 76991 "https://intranet.smith.russellmitchell.com/wp-content/plugins/wpdiscuz/assets/third-party/font-awesome-5.13.0/css/fa.min.css?ver=7.0.4" "Mozilla/5.0 (X11; Ubuntu; Linux x86_64; rv:86.0) Gecko/20100101 Firefox/86.0"
10.143.2.91 - - [23/Jan/2022:12:50:23 +0000] "GET /favicon.ico HTTP/1.1" 404 418 "https://intranet.smith.russellmitchell.com/?p=5" "Mozilla/5.0 (X11; Ubuntu; Linux x86_64; rv:86.0) Gecko/20100101 Firefox/86.0"
::1 - - [23/Jan/2022:12:50:28 +0000] "OPTIONS * HTTP/1.0" 200 110 "-" "Apache/2.4.29 (Ubuntu) OpenSSL/1.1.1 (internal dummy connection)"
10.143.2.91 - - [23/Jan/2022:12:53:04 +0000] "GET / HTTP/1.1" 200 6203 "-" "Mozilla/5.0 (X11; Ubuntu; Linux x86_64; rv:86.0) Gecko/20100101 Firefox/86.0"
10.143.3.65 - - [23/Jan/2022:13:14:17 +0000] "GET / HTTP/1.1" 200 6203 "-" "Mozilla/5.0 (X11; Ubuntu; Linux x86_64; rv:86.0) Gecko/20100101 Firefox/86.0"
10.143.3.65 - - [23/Jan/2022:13:14:17 +0000] "GET /wp-includes/css/dist/block-library/style.min.css?ver=5.8.3 HTTP/1.1" 200 10846 "http://intranet.smith.russellmitchell.com/" "Mozilla/5.0 (X11; Ubuntu; Linux x86_64; rv:86.0) Gecko/20100101 Firefox/86.0"
10.143.3.65 - - [23/Jan/2022:13:14:17 +0000] "GET /wp-content/themes/go/dist/css/design-styles/style-traditional.min.css?ver=1.5.2 HTTP/1.1" 200 1412 "http://intranet.smith.russellmitchell.com/" "Mozilla/5.0 (X11; Ubuntu; Linux x86_64; rv:86.0) Gecko/20100101 Firefox/86.0"
10.143.3.65 - - [23/Jan/2022:13:14:17 +0000] "GET /wp-includes/js/wp-embed.min.js?ver=5.8.3 HTTP/1.1" 200 1099 "http://intranet.smith.russellmitchell.com/" "Mozilla/5.0 (X11; Ubuntu; Linux x86_64; rv:86.0) Gecko/20100101 Firefox/86.0"
10.143.3.65 - - [23/Jan/2022:13:14:17 +0000] "GET /wp-content/themes/go/dist/js/frontend.min.js?ver=1.5.2 HTTP/1.1" 200 2916 "http://intranet.smith.russellmitchell.com/" "Mozilla/5.0 (X11; Ubuntu; Linux x86_64; rv:86.0) Gecko/20100101 Firefox/86.0"
10.143.3.65 - - [23/Jan/2022:13:14:17 +0000] "GET /wp-includes/js/wp-emoji-release.min.js?ver=5.8.3 HTTP/1.1" 200 5265 "http://intranet.smith.russellmitchell.com/" "Mozilla/5.0 (X11; Ubuntu; Linux x86_64; rv:86.0) Gecko/20100101 Firefox/86.0"
10.143.3.65 - - [23/Jan/2022:13:14:17 +0000] "GET /wp-content/themes/go/dist/css/style-shared.min.css?ver=1.5.2 HTTP/1.1" 200 23204 "http://intranet.smith.russellmitchell.com/" "Mozilla/5.0 (X11; Ubuntu; Linux x86_64; rv:86.0) Gecko/20100101 Firefox/86.0"
10.143.3.65 - - [23/Jan/2022:13:14:17 +0000] "GET /favicon.ico HTTP/1.1" 404 396 "http://intranet.smith.russellmitchell.com/" "Mozilla/5.0 (X11; Ubuntu; Linux x86_64; rv:86.0) Gecko/20100101 Firefox/86.0"
10.143.3.65 - - [23/Jan/2022:13:17:28 +0000] "GET /?p=5 HTTP/1.1" 200 30960 "-" "Mozilla/5.0 (X11; Ubuntu; Linux x86_64; rv:86.0) Gecko/20100101 Firefox/86.0"
10.143.3.65 - - [23/Jan/2022:13:17:28 +0000] "GET /wp-includes/css/dist/block-library/style.min.css?ver=5.8.3 HTTP/1.1" 200 10934 "https://intranet.smith.russellmitchell.com/?p=5" "Mozilla/5.0 (X11; Ubuntu; Linux x86_64; rv:86.0) Gecko/20100101 Firefox/86.0"
