172.19.131.174 - - [21/Jan/2022:18:55:56 +0000] "GET / HTTP/1.1" 200 6202 "-" "Mozilla/5.0 (X11; Ubuntu; Linux x86_64; rv:86.0) Gecko/20100101 Firefox/86.0"
172.19.131.174 - - [21/Jan/2022:18:55:56 +0000] "GET /favicon.ico HTTP/1.1" 404 396 "http://intranet.smith.russellmitchell.com/" "Mozilla/5.0 (X11; Ubuntu; Linux x86_64; rv:86.0) Gecko/20100101 Firefox/86.0"
10.143.3.65 - - [21/Jan/2022:19:21:13 +0000] "GET / HTTP/1.1" 200 6202 "-" "Mozilla/5.0 (X11; Ubuntu; Linux x86_64; rv:86.0) Gecko/20100101 Firefox/86.0"
10.143.3.65 - - [21/Jan/2022:19:21:13 +0000] "GET /wp-content/themes/go/dist/css/style-shared.min.css?ver=1.5.2 HTTP/1.1" 200 6990 "http://intranet.smith.russellmitchell.com/" "Mozilla/5.0 (X11; Ubuntu; Linux x86_64; rv:86.0) Gecko/20100101 Firefox/86.0"
10.143.3.65 - - [21/Jan/2022:19:23:48 +0000] "GET /?p=5 HTTP/1.1" 200 26231 "-" "Mozilla/5.0 (X11; Ubuntu; Linux x86_64; rv:86.0) Gecko/20100101 Firefox/86.0"
10.143.3.65 - - [21/Jan/2022:19:27:18 +0000] "POST /wp-admin/admin-ajax.php HTTP/1.1" 200 1239 "https://intranet.smith.russellmitchell.com/?p=5" "Mozilla/5.0 (X11; Ubuntu; Linux x86_64; rv:86.0) Gecko/20100101 Firefox/86.0"
10.143.3.65 - - [21/Jan/2022:19:28:03 +0000] "POST /wp-admin/admin-ajax.php HTTP/1.1" 200 5617 "https://intranet.smith.russellmitchell.com/?p=5" "Mozilla/5.0 (X11; Ubuntu; Linux x86_64; rv:86.0) Gecko/20100101 Firefox/86.0"
10.143.3.65 - - [21/Jan/2022:19:28:03 +0000] "POST /wp-admin/admin-ajax.php HTTP/1.1" 200 549 "https://intranet.smith.russellmitchell.com/?p=5" "Mozilla/5.0 (X11; Ubuntu; Linux x86_64; rv:86.0) Gecko/20100101 Firefox/86.0"
172.19.131.174 - - [21/Jan/2022:19:28:17 +0000] "GET /?p=5 HTTP/1.1" 200 26456 "-" "Mozilla/5.0 (X11; Ubuntu; Linux x86_64; rv:86.0) Gecko/20100101 Firefox/86.0"
172.19.131.174 - - [21/Jan/2022:19:28:17 +0000] "GET /wp-includes/css/dist/block-library/style.min.css?ver=5.8.3 HTTP/1.1" 200 10934 "https://intranet.smith.russellmitchell.com/?p=5" "Mozilla/5.0 (X11; Ubuntu; Linux x86_64; rv:86.0) Gecko/20100101 Firefox/86.0"
10.143.3.65 - - [21/Jan/2022:19:28:30 +0000] "GET / HTTP/1.1" 200 6202 "-" "Mozilla/5.0 (X11; Ubuntu; Linux x86_64; rv:86.0) Gecko/20100101 Firefox/86.0"
10.143.2.4 - - [21/Jan/2022:19:28:30 +0000] "POST /wp-cron.php?doing_wp_cron=1642793310.6770749092102050781250 HTTP/1.1" 200 150 "-" "WordPress/5.8.3; https://intranet.smith.russellmitchell.com"
10.143.3.65 - - [21/Jan/2022:19:30:28 +0000] "GET /?p=5 HTTP/1.1" 200 24072 "-" "Mozilla/5.0 (X11; Ubuntu; Linux x86_64; rv:86.0) Gecko/20100101 Firefox/86.0"
172.19.131.174 - - [21/Jan/2022:19:31:26 +0000] "POST /wp-admin/admin-ajax.php HTTP/1.1" 200 5773 "https://intranet.smith.russellmitchell.com/?p=5" "Mozilla/5.0 (X11; Ubuntu; Linux x86_64; rv:86.0) Gecko/20100101 Firefox/86.0"
172.19.131.174 - - [21/Jan/2022:19:31:26 +0000] "POST /wp-admin/admin-ajax.php HTTP/1.1" 200 549 "https://intranet.smith.russellmitchell.com/?p=5" "Mozilla/5.0 (X11; Ubuntu; Linux x86_64; rv:86.0) Gecko/20100101 Firefox/86.0"
172.19.131.174 - - [21/Jan/2022:19:32:29 +0000] "POST /wp-admin/admin-ajax.php HTTP/1.1" 200 5565 "https://intranet.smith.russellmitchell.com/?p=5" "Mozilla/5.0 (X11; Ubuntu; Linux x86_64; rv:86.0) Gecko/20100101 Firefox/86.0"
172.19.131.174 - - [21/Jan/2022:19:32:29 +0000] "POST /wp-admin/admin-ajax.php HTTP/1.1" 200 549 "https://intranet.smith.russellmitchell.com/?p=5" "Mozilla/5.0 (X11; Ubuntu; Linux x86_64; rv:86.0) Gecko/20100101 Firefox/86.0"
172.19.131.174 - - [21/Jan/2022:19:32:55 +0000] "GET / HTTP/1.1" 200 6202 "-" "Mozilla/5.0 (X11; Linux x86_64) AppleWebKit/537.36 (KHTML, like Gecko) HeadlessChrome/97.0.4692.71 Safari/537.36"
172.19.131.174 - - [21/Jan/2022:19:32:55 +0000] "GET /wp-includes/css/dist/block-library/style.min.css?ver=5.8.3 HTTP/1.1" 200 10846 "http://intranet.smith.russellmitchell.com/" "Mozilla/5.0 (X11; Linux x86_64) AppleWebKit/537.36 (KHTML, like Gecko) HeadlessChrome/97.0.4692.71 Safari/537.36"
172.19.131.174 - - [21/Jan/2022:19:32:55 +0000] "GET /wp-content/themes/go/dist/css/design-styles/style-traditional.min.css?ver=1.5.2 HTTP/1.1" 200 1412 "http://intranet.smith.russellmitchell.com/" "Mozilla/5.0 (X11; Linux x86_64) AppleWebKit/537.36 (KHTML, like Gecko) HeadlessChrome/97.0.4692.71 Safari/537.36"
172.19.131.174 - - [21/Jan/2022:19:32:55 +0000] "GET /wp-includes/js/wp-embed.min.js?ver=5.8.3 HTTP/1.1" 200 1099 "http://intranet.smith.russellmitchell.com/" "Mozilla/5.0 (X11; Linux x86_64) AppleWebKit/537.36 (KHTML, like Gecko) HeadlessChrome/97.0.4692.71 Safari/537.36"
172.19.131.174 - - [21/Jan/2022:19:32:55 +0000] "GET /wp-content/themes/go/dist/js/frontend.min.js?ver=1.5.2 HTTP/1.1" 200 2916 "http://intranet.smith.russellmitchell.com/" "Mozilla/5.0 (X11; Linux x86_64) AppleWebKit/537.36 (KHTML, like Gecko) HeadlessChrome/97.0.4692.71 Safari/537.36"
172.19.131.174 - - [21/Jan/2022:19:32:55 +0000] "GET /wp-content/themes/go/dist/css/style-shared.min.css?ver=1.5.2 HTTP/1.1" 200 23203 "http://intranet.smith.russellmitchell.com/" "Mozilla/5.0 (X11; Linux x86_64) AppleWebKit/537.36 (KHTML, like Gecko) HeadlessChrome/97.0.4692.71 Safari/537.36"
172.19.131.174 - - [21/Jan/2022:19:32:55 +0000] "GET /wp-includes/js/wp-emoji-release.min.js?ver=5.8.3 HTTP/1.1" 200 5265 "http://intranet.smith.russellmitchell.com/" "Mozilla/5.0 (X11; Linux x86_64) AppleWebKit/537.36 (KHTML, like Gecko) HeadlessChrome/97.0.4692.71 Safari/537.36"
172.19.131.174 - - [21/Jan/2022:19:33:23 +0000] "POST /wp-admin/admin-ajax.php HTTP/1.1" 200 5563 "https://intranet.smith.russellmitchell.com/?p=5" "Mozilla/5.0 (X11; Ubuntu; Linux x86_64; rv:86.0) Gecko/20100101 Firefox/86.0"
172.19.131.174 - - [21/Jan/2022:19:33:23 +0000] "POST /wp-admin/admin-ajax.php HTTP/1.1" 200 549 "https://intranet.smith.russellmitchell.com/?p=5" "Mozilla/5.0 (X11; Ubuntu; Linux x86_64; rv:86.0) Gecko/20100101 Firefox/86.0"
10.143.3.65 - - [21/Jan/2022:19:33:49 +0000] "POST /wp-admin/admin-ajax.php HTTP/1.1" 200 1237 "https://intranet.smith.russellmitchell.com/?p=5" "Mozilla/5.0 (X11; Ubuntu; Linux x86_64; rv:86.0) Gecko/20100101 Firefox/86.0"
172.19.131.174 - - [21/Jan/2022:19:34:18 +0000] "POST /wp-admin/admin-ajax.php HTTP/1.1" 200 5507 "https://intranet.smith.russellmitchell.com/?p=5" "Mozilla/5.0 (X11; Ubuntu; Linux x86_64; rv:86.0) Gecko/20100101 Firefox/86.0"
172.19.131.174 - - [21/Jan/2022:19:34:18 +0000] "POST /wp-admin/admin-ajax.php HTTP/1.1" 200 549 "https://intranet.smith.russellmitchell.com/?p=5" "Mozilla/5.0 (X11; Ubuntu; Linux x86_64; rv:86.0) Gecko/20100101 Firefox/86.0"
10.143.3.65 - - [21/Jan/2022:19:34:28 +0000] "POST /wp-admin/admin-ajax.php HTTP/1.1" 200 5719 "https://intranet.smith.russellmitchell.com/?p=5" "Mozilla/5.0 (X11; Ubuntu; Linux x86_64; rv:86.0) Gecko/20100101 Firefox/86.0"
10.143.3.65 - - [21/Jan/2022:19:34:28 +0000] "POST /wp-admin/admin-ajax.php HTTP/1.1" 200 549 "https://intranet.smith.russellmitchell.com/?p=5" "Mozilla/5.0 (X11; Ubuntu; Linux x86_64; rv:86.0) Gecko/20100101 Firefox/86.0"
172.19.131.174 - - [21/Jan/2022:19:34:45 +0000] "GET / HTTP/1.1" 200 6202 "-" "Mozilla/5.0 (X11; Ubuntu; Linux x86_64; rv:86.0) Gecko/20100101 Firefox/86.0"
172.19.131.174 - - [21/Jan/2022:19:34:45 +0000] "GET /favicon.ico HTTP/1.1" 404 396 "http://intranet.smith.russellmitchell.com/" "Mozilla/5.0 (X11; Ubuntu; Linux x86_64; rv:86.0) Gecko/20100101 Firefox/86.0"
10.143.3.65 - - [21/Jan/2022:19:35:18 +0000] "POST /wp-admin/admin-ajax.php HTTP/1.1" 200 5683 "https://intranet.smith.russellmitchell.com/?p=5" "Mozilla/5.0 (X11; Ubuntu; Linux x86_64; rv:86.0) Gecko/20100101 Firefox/86.0"
10.143.3.65 - - [21/Jan/2022:19:35:18 +0000] "POST /wp-admin/admin-ajax.php HTTP/1.1" 200 549 "https://intranet.smith.russellmitchell.com/?p=5" "Mozilla/5.0 (X11; Ubuntu; Linux x86_64; rv:86.0) Gecko/20100101 Firefox/86.0"
10.143.3.65 - - [21/Jan/2022:19:35:57 +0000] "GET / HTTP/1.1" 200 6202 "-" "Mozilla/5.0 (X11; Ubuntu; Linux x86_64; rv:86.0) Gecko/20100101 Firefox/86.0"
172.19.131.174 - - [21/Jan/2022:19:36:56 +0000] "GET /?p=5 HTTP/1.1" 200 24744 "-" "Mozilla/5.0 (X11; Ubuntu; Linux x86_64; rv:86.0) Gecko/20100101 Firefox/86.0"
172.19.131.174 - - [21/Jan/2022:19:36:57 +0000] "GET /wp-includes/css/dist/block-library/style.min.css?ver=5.8.3 HTTP/1.1" 200 10934 "https://intranet.smith.russellmitchell.com/?p=5" "Mozilla/5.0 (X11; Ubuntu; Linux x86_64; rv:86.0) Gecko/20100101 Firefox/86.0"
172.19.131.174 - - [21/Jan/2022:19:37:03 +0000] "GET / HTTP/1.1" 200 6202 "-" "Mozilla/5.0 (X11; Linux x86_64) AppleWebKit/537.36 (KHTML, like Gecko) HeadlessChrome/97.0.4692.71 Safari/537.36"
172.19.131.174 - - [21/Jan/2022:19:39:37 +0000] "POST /wp-admin/admin-ajax.php HTTP/1.1" 200 1187 "https://intranet.smith.russellmitchell.com/?p=5" "Mozilla/5.0 (X11; Ubuntu; Linux x86_64; rv:86.0) Gecko/20100101 Firefox/86.0"
172.19.131.174 - - [21/Jan/2022:19:40:08 +0000] "POST /wp-admin/admin-ajax.php HTTP/1.1" 200 5662 "https://intranet.smith.russellmitchell.com/?p=5" "Mozilla/5.0 (X11; Ubuntu; Linux x86_64; rv:86.0) Gecko/20100101 Firefox/86.0"
172.19.131.174 - - [21/Jan/2022:19:40:08 +0000] "POST /wp-admin/admin-ajax.php HTTP/1.1" 200 549 "https://intranet.smith.russellmitchell.com/?p=5" "Mozilla/5.0 (X11; Ubuntu; Linux x86_64; rv:86.0) Gecko/20100101 Firefox/86.0"
172.19.131.174 - - [21/Jan/2022:19:40:39 +0000] "GET / HTTP/1.1" 200 6202 "-" "Mozilla/5.0 (X11; Ubuntu; Linux x86_64; rv:86.0) Gecko/20100101 Firefox/86.0"
172.19.131.174 - - [21/Jan/2022:19:40:39 +0000] "GET /favicon.ico HTTP/1.1" 404 396 "http://intranet.smith.russellmitchell.com/" "Mozilla/5.0 (X11; Ubuntu; Linux x86_64; rv:86.0) Gecko/20100101 Firefox/86.0"
172.19.131.174 - - [21/Jan/2022:19:42:41 +0000] "GET /?p=5 HTTP/1.1" 200 24827 "-" "Mozilla/5.0 (X11; Ubuntu; Linux x86_64; rv:86.0) Gecko/20100101 Firefox/86.0"
172.19.131.174 - - [21/Jan/2022:19:42:41 +0000] "GET /wp-content/plugins/wpdiscuz/themes/default/style.css?ver=7.0.4 HTTP/1.1" 200 19726 "https://intranet.smith.russellmitchell.com/?p=5" "Mozilla/5.0 (X11; Ubuntu; Linux x86_64; rv:86.0) Gecko/20100101 Firefox/86.0"
10.143.3.65 - - [21/Jan/2022:19:42:52 +0000] "GET /?p=5 HTTP/1.1" 200 27381 "-" "Mozilla/5.0 (X11; Ubuntu; Linux x86_64; rv:86.0) Gecko/20100101 Firefox/86.0"
10.143.3.65 - - [21/Jan/2022:19:45:55 +0000] "POST /wp-admin/admin-ajax.php HTTP/1.1" 200 5697 "https://intranet.smith.russellmitchell.com/?p=5" "Mozilla/5.0 (X11; Ubuntu; Linux x86_64; rv:86.0) Gecko/20100101 Firefox/86.0"
10.143.3.65 - - [21/Jan/2022:19:45:55 +0000] "POST /wp-admin/admin-ajax.php HTTP/1.1" 200 549 "https://intranet.smith.russellmitchell.com/?p=5" "Mozilla/5.0 (X11; Ubuntu; Linux x86_64; rv:86.0) Gecko/20100101 Firefox/86.0"
172.19.131.174 - - [21/Jan/2022:19:46:30 +0000] "POST /wp-admin/admin-ajax.php HTTP/1.1" 200 1187 "https://intranet.smith.russellmitchell.com/?p=5" "Mozilla/5.0 (X11; Ubuntu; Linux x86_64; rv:86.0) Gecko/20100101 Firefox/86.0"
172.19.131.174 - - [21/Jan/2022:19:46:39 +0000] "GET / HTTP/1.1" 200 6202 "-" "Mozilla/5.0 (X11; Ubuntu; Linux x86_64; rv:86.0) Gecko/20100101 Firefox/86.0"
10.143.3.65 - - [21/Jan/2022:19:46:51 +0000] "POST /wp-admin/admin-ajax.php HTTP/1.1" 200 1237 "https://intranet.smith.russellmitchell.com/?p=5" "Mozilla/5.0 (X11; Ubuntu; Linux x86_64; rv:86.0) Gecko/20100101 Firefox/86.0"
10.143.3.65 - - [21/Jan/2022:19:46:59 +0000] "GET / HTTP/1.1" 200 6202 "-" "Mozilla/5.0 (X11; Ubuntu; Linux x86_64; rv:86.0) Gecko/20100101 Firefox/86.0"
10.143.3.65 - - [21/Jan/2022:19:54:52 +0000] "GET /?p=5 HTTP/1.1" 200 27279 "-" "Mozilla/5.0 (X11; Ubuntu; Linux x86_64; rv:86.0) Gecko/20100101 Firefox/86.0"
10.143.3.65 - - [21/Jan/2022:19:58:37 +0000] "POST /wp-admin/admin-ajax.php HTTP/1.1" 200 5685 "https://intranet.smith.russellmitchell.com/?p=5" "Mozilla/5.0 (X11; Ubuntu; Linux x86_64; rv:86.0) Gecko/20100101 Firefox/86.0"
10.143.3.65 - - [21/Jan/2022:19:58:37 +0000] "POST /wp-admin/admin-ajax.php HTTP/1.1" 200 549 "https://intranet.smith.russellmitchell.com/?p=5" "Mozilla/5.0 (X11; Ubuntu; Linux x86_64; rv:86.0) Gecko/20100101 Firefox/86.0"
10.143.3.65 - - [21/Jan/2022:19:59:23 +0000] "POST /wp-admin/admin-ajax.php HTTP/1.1" 200 5663 "https://intranet.smith.russellmitchell.com/?p=5" "Mozilla/5.0 (X11; Ubuntu; Linux x86_64; rv:86.0) Gecko/20100101 Firefox/86.0"
10.143.3.65 - - [21/Jan/2022:19:59:24 +0000] "POST /wp-admin/admin-ajax.php HTTP/1.1" 200 549 "https://intranet.smith.russellmitchell.com/?p=5" "Mozilla/5.0 (X11; Ubuntu; Linux x86_64; rv:86.0) Gecko/20100101 Firefox/86.0"
10.143.3.65 - - [21/Jan/2022:19:59:46 +0000] "GET / HTTP/1.1" 200 6202 "-" "Mozilla/5.0 (X11; Ubuntu; Linux x86_64; rv:86.0) Gecko/20100101 Firefox/86.0"
10.143.3.65 - - [21/Jan/2022:20:02:09 +0000] "GET /?p=5 HTTP/1.1" 200 25095 "-" "Mozilla/5.0 (X11; Ubuntu; Linux x86_64; rv:86.0) Gecko/20100101 Firefox/86.0"
172.19.131.174 - - [21/Jan/2022:20:04:47 +0000] "GET / HTTP/1.1" 200 6202 "-" "Mozilla/5.0 (X11; Ubuntu; Linux x86_64; rv:86.0) Gecko/20100101 Firefox/86.0"
10.143.3.65 - - [21/Jan/2022:20:05:43 +0000] "POST /wp-admin/admin-ajax.php HTTP/1.1" 200 5715 "https://intranet.smith.russellmitchell.com/?p=5" "Mozilla/5.0 (X11; Ubuntu; Linux x86_64; rv:86.0) Gecko/20100101 Firefox/86.0"
10.143.3.65 - - [21/Jan/2022:20:05:43 +0000] "POST /wp-admin/admin-ajax.php HTTP/1.1" 200 549 "https://intranet.smith.russellmitchell.com/?p=5" "Mozilla/5.0 (X11; Ubuntu; Linux x86_64; rv:86.0) Gecko/20100101 Firefox/86.0"
10.143.3.65 - - [21/Jan/2022:20:06:35 +0000] "GET / HTTP/1.1" 200 6202 "-" "Mozilla/5.0 (X11; Ubuntu; Linux x86_64; rv:86.0) Gecko/20100101 Firefox/86.0"
10.143.3.65 - - [21/Jan/2022:20:09:10 +0000] "GET /?p=5 HTTP/1.1" 200 25199 "-" "Mozilla/5.0 (X11; Ubuntu; Linux x86_64; rv:86.0) Gecko/20100101 Firefox/86.0"
10.143.3.65 - - [21/Jan/2022:20:12:50 +0000] "POST /wp-admin/admin-ajax.php HTTP/1.1" 200 5798 "https://intranet.smith.russellmitchell.com/?p=5" "Mozilla/5.0 (X11; Ubuntu; Linux x86_64; rv:86.0) Gecko/20100101 Firefox/86.0"
10.143.3.65 - - [21/Jan/2022:20:12:50 +0000] "POST /wp-admin/admin-ajax.php HTTP/1.1" 200 549 "https://intranet.smith.russellmitchell.com/?p=5" "Mozilla/5.0 (X11; Ubuntu; Linux x86_64; rv:86.0) Gecko/20100101 Firefox/86.0"
10.143.3.65 - - [21/Jan/2022:20:13:44 +0000] "GET / HTTP/1.1" 200 6202 "-" "Mozilla/5.0 (X11; Ubuntu; Linux x86_64; rv:86.0) Gecko/20100101 Firefox/86.0"
10.143.3.65 - - [21/Jan/2022:21:03:25 +0000] "GET / HTTP/1.1" 200 6202 "-" "Mozilla/5.0 (X11; Ubuntu; Linux x86_64; rv:86.0) Gecko/20100101 Firefox/86.0"
10.143.2.4 - - [21/Jan/2022:21:03:25 +0000] "POST /wp-cron.php?doing_wp_cron=1642799005.5356318950653076171875 HTTP/1.1" 200 150 "-" "WordPress/5.8.3; https://intranet.smith.russellmitchell.com"
10.143.3.65 - - [21/Jan/2022:21:03:25 +0000] "GET /wp-content/themes/go/dist/css/style-shared.min.css?ver=1.5.2 HTTP/1.1" 200 6990 "http://intranet.smith.russellmitchell.com/" "Mozilla/5.0 (X11; Ubuntu; Linux x86_64; rv:86.0) Gecko/20100101 Firefox/86.0"
172.19.131.174 - - [21/Jan/2022:21:08:43 +0000] "GET / HTTP/1.1" 200 6202 "-" "Mozilla/5.0 (X11; Linux x86_64) AppleWebKit/537.36 (KHTML, like Gecko) HeadlessChrome/97.0.4692.71 Safari/537.36"
10.143.3.65 - - [21/Jan/2022:21:25:52 +0000] "GET / HTTP/1.1" 200 6202 "-" "Mozilla/5.0 (X11; Ubuntu; Linux x86_64; rv:86.0) Gecko/20100101 Firefox/86.0"
10.143.2.4 - - [21/Jan/2022:21:25:52 +0000] "POST /wp-cron.php?doing_wp_cron=1642800352.7855300903320312500000 HTTP/1.1" 200 150 "-" "WordPress/5.8.3; https://intranet.smith.russellmitchell.com"
10.143.3.65 - - [21/Jan/2022:21:25:52 +0000] "GET /wp-includes/css/dist/block-library/style.min.css?ver=5.8.3 HTTP/1.1" 200 10846 "http://intranet.smith.russellmitchell.com/" "Mozilla/5.0 (X11; Ubuntu; Linux x86_64; rv:86.0) Gecko/20100101 Firefox/86.0"
10.143.3.65 - - [21/Jan/2022:21:25:53 +0000] "GET /wp-content/themes/go/dist/css/design-styles/style-traditional.min.css?ver=1.5.2 HTTP/1.1" 200 1412 "http://intranet.smith.russellmitchell.com/" "Mozilla/5.0 (X11; Ubuntu; Linux x86_64; rv:86.0) Gecko/20100101 Firefox/86.0"
10.143.3.65 - - [21/Jan/2022:21:25:53 +0000] "GET /wp-includes/js/wp-embed.min.js?ver=5.8.3 HTTP/1.1" 200 1099 "http://intranet.smith.russellmitchell.com/" "Mozilla/5.0 (X11; Ubuntu; Linux x86_64; rv:86.0) Gecko/20100101 Firefox/86.0"
10.143.3.65 - - [21/Jan/2022:21:25:53 +0000] "GET /wp-content/themes/go/dist/js/frontend.min.js?ver=1.5.2 HTTP/1.1" 200 2916 "http://intranet.smith.russellmitchell.com/" "Mozilla/5.0 (X11; Ubuntu; Linux x86_64; rv:86.0) Gecko/20100101 Firefox/86.0"
10.143.3.65 - - [21/Jan/2022:21:25:53 +0000] "GET /wp-includes/js/wp-emoji-release.min.js?ver=5.8.3 HTTP/1.1" 200 5266 "http://intranet.smith.russellmitchell.com/" "Mozilla/5.0 (X11; Ubuntu; Linux x86_64; rv:86.0) Gecko/20100101 Firefox/86.0"
10.143.3.65 - - [21/Jan/2022:21:25:52 +0000] "GET /wp-content/themes/go/dist/css/style-shared.min.css?ver=1.5.2 HTTP/1.1" 200 23203 "http://intranet.smith.russellmitchell.com/" "Mozilla/5.0 (X11; Ubuntu; Linux x86_64; rv:86.0) Gecko/20100101 Firefox/86.0"
10.143.3.65 - - [21/Jan/2022:21:25:53 +0000] "GET /favicon.ico HTTP/1.1" 404 396 "http://intranet.smith.russellmitchell.com/" "Mozilla/5.0 (X11; Ubuntu; Linux x86_64; rv:86.0) Gecko/20100101 Firefox/86.0"
172.19.131.174 - - [21/Jan/2022:21:47:36 +0000] "GET / HTTP/1.1" 200 6202 "-" "Mozilla/5.0 (X11; Ubuntu; Linux x86_64; rv:86.0) Gecko/20100101 Firefox/86.0"
10.143.2.4 - - [21/Jan/2022:21:47:36 +0000] "POST /wp-cron.php?doing_wp_cron=1642801656.7267689704895019531250 HTTP/1.1" 200 150 "-" "WordPress/5.8.3; https://intranet.smith.russellmitchell.com"
172.19.131.174 - - [21/Jan/2022:21:47:36 +0000] "GET /wp-includes/css/dist/block-library/style.min.css?ver=5.8.3 HTTP/1.1" 200 10846 "http://intranet.smith.russellmitchell.com/" "Mozilla/5.0 (X11; Ubuntu; Linux x86_64; rv:86.0) Gecko/20100101 Firefox/86.0"
172.19.131.174 - - [21/Jan/2022:21:47:36 +0000] "GET /wp-content/themes/go/dist/js/frontend.min.js?ver=1.5.2 HTTP/1.1" 200 2916 "http://intranet.smith.russellmitchell.com/" "Mozilla/5.0 (X11; Ubuntu; Linux x86_64; rv:86.0) Gecko/20100101 Firefox/86.0"
172.19.131.174 - - [21/Jan/2022:21:47:36 +0000] "GET /wp-includes/js/wp-emoji-release.min.js?ver=5.8.3 HTTP/1.1" 200 5266 "http://intranet.smith.russellmitchell.com/" "Mozilla/5.0 (X11; Ubuntu; Linux x86_64; rv:86.0) Gecko/20100101 Firefox/86.0"
172.19.131.174 - - [21/Jan/2022:21:47:36 +0000] "GET /wp-content/themes/go/dist/css/design-styles/style-traditional.min.css?ver=1.5.2 HTTP/1.1" 200 1412 "http://intranet.smith.russellmitchell.com/" "Mozilla/5.0 (X11; Ubuntu; Linux x86_64; rv:86.0) Gecko/20100101 Firefox/86.0"
172.19.131.174 - - [21/Jan/2022:21:47:36 +0000] "GET /wp-includes/js/wp-embed.min.js?ver=5.8.3 HTTP/1.1" 200 1099 "http://intranet.smith.russellmitchell.com/" "Mozilla/5.0 (X11; Ubuntu; Linux x86_64; rv:86.0) Gecko/20100101 Firefox/86.0"
172.19.131.174 - - [21/Jan/2022:21:47:36 +0000] "GET /wp-content/themes/go/dist/css/style-shared.min.css?ver=1.5.2 HTTP/1.1" 200 23204 "http://intranet.smith.russellmitchell.com/" "Mozilla/5.0 (X11; Ubuntu; Linux x86_64; rv:86.0) Gecko/20100101 Firefox/86.0"
172.19.131.174 - - [21/Jan/2022:21:47:37 +0000] "GET /favicon.ico HTTP/1.1" 404 396 "http://intranet.smith.russellmitchell.com/" "Mozilla/5.0 (X11; Ubuntu; Linux x86_64; rv:86.0) Gecko/20100101 Firefox/86.0"
::1 - - [21/Jan/2022:21:47:42 +0000] "OPTIONS * HTTP/1.0" 200 110 "-" "Apache/2.4.29 (Ubuntu) OpenSSL/1.1.1 (internal dummy connection)"
172.19.131.174 - - [21/Jan/2022:22:22:43 +0000] "GET /?p=5 HTTP/1.1" 200 27576 "-" "Mozilla/5.0 (X11; Ubuntu; Linux x86_64; rv:86.0) Gecko/20100101 Firefox/86.0"
172.19.131.174 - - [21/Jan/2022:22:22:43 +0000] "GET /wp-includes/css/dist/block-library/style.min.css?ver=5.8.3 HTTP/1.1" 200 10934 "https://intranet.smith.russellmitchell.com/?p=5" "Mozilla/5.0 (X11; Ubuntu; Linux x86_64; rv:86.0) Gecko/20100101 Firefox/86.0"
172.19.131.174 - - [21/Jan/2022:22:22:43 +0000] "GET /wp-content/plugins/wpdiscuz/themes/default/style.css?ver=7.0.4 HTTP/1.1" 200 19726 "https://intranet.smith.russellmitchell.com/?p=5" "Mozilla/5.0 (X11; Ubuntu; Linux x86_64; rv:86.0) Gecko/20100101 Firefox/86.0"
172.19.131.174 - - [21/Jan/2022:22:22:43 +0000] "GET /wp-content/plugins/wpdiscuz/assets/third-party/font-awesome-5.13.0/css/fa.min.css?ver=7.0.4 HTTP/1.1" 200 2888 "https://intranet.smith.russellmitchell.com/?p=5" "Mozilla/5.0 (X11; Ubuntu; Linux x86_64; rv:86.0) Gecko/20100101 Firefox/86.0"
172.19.131.174 - - [21/Jan/2022:22:22:43 +0000] "GET /wp-includes/js/jquery/jquery-migrate.min.js?ver=3.3.2 HTTP/1.1" 200 5146 "https://intranet.smith.russellmitchell.com/?p=5" "Mozilla/5.0 (X11; Ubuntu; Linux x86_64; rv:86.0) Gecko/20100101 Firefox/86.0"
172.19.131.174 - - [21/Jan/2022:22:22:43 +0000] "GET /wp-includes/js/wp-emoji-release.min.js?ver=5.8.3 HTTP/1.1" 200 5331 "https://intranet.smith.russellmitchell.com/?p=5" "Mozilla/5.0 (X11; Ubuntu; Linux x86_64; rv:86.0) Gecko/20100101 Firefox/86.0"
172.19.131.174 - - [21/Jan/2022:22:22:43 +0000] "GET /wp-content/themes/go/dist/css/design-styles/style-traditional.min.css?ver=1.5.2 HTTP/1.1" 200 2009 "https://intranet.smith.russellmitchell.com/?p=5" "Mozilla/5.0 (X11; Ubuntu; Linux x86_64; rv:86.0) Gecko/20100101 Firefox/86.0"
172.19.131.174 - - [21/Jan/2022:22:22:43 +0000] "GET /wp-content/plugins/wpdiscuz/assets/css/wpdiscuz-combo.min.css?ver=5.8.3 HTTP/1.1" 200 7375 "https://intranet.smith.russellmitchell.com/?p=5" "Mozilla/5.0 (X11; Ubuntu; Linux x86_64; rv:86.0) Gecko/20100101 Firefox/86.0"
172.19.131.174 - - [21/Jan/2022:22:22:43 +0000] "GET /wp-content/themes/go/dist/css/style-shared.min.css?ver=1.5.2 HTTP/1.1" 200 23889 "https://intranet.smith.russellmitchell.com/?p=5" "Mozilla/5.0 (X11; Ubuntu; Linux x86_64; rv:86.0) Gecko/20100101 Firefox/86.0"
172.19.131.174 - - [21/Jan/2022:22:22:43 +0000] "GET /wp-includes/js/jquery/jquery.min.js?ver=3.6.0 HTTP/1.1" 200 31953 "https://intranet.smith.russellmitchell.com/?p=5" "Mozilla/5.0 (X11; Ubuntu; Linux x86_64; rv:86.0) Gecko/20100101 Firefox/86.0"
172.19.131.174 - - [21/Jan/2022:22:22:43 +0000] "GET /wp-includes/js/comment-reply.min.js?ver=5.8.3 HTTP/1.1" 200 1702 "https://intranet.smith.russellmitchell.com/?p=5" "Mozilla/5.0 (X11; Ubuntu; Linux x86_64; rv:86.0) Gecko/20100101 Firefox/86.0"
172.19.131.174 - - [21/Jan/2022:22:22:43 +0000] "GET /wp-includes/js/wp-embed.min.js?ver=5.8.3 HTTP/1.1" 200 1120 "https://intranet.smith.russellmitchell.com/?p=5" "Mozilla/5.0 (X11; Ubuntu; Linux x86_64; rv:86.0) Gecko/20100101 Firefox/86.0"
172.19.131.174 - - [21/Jan/2022:22:22:43 +0000] "GET /wp-content/themes/go/dist/js/frontend.min.js?ver=1.5.2 HTTP/1.1" 200 2981 "https://intranet.smith.russellmitchell.com/?p=5" "Mozilla/5.0 (X11; Ubuntu; Linux x86_64; rv:86.0) Gecko/20100101 Firefox/86.0"
172.19.131.174 - - [21/Jan/2022:22:22:43 +0000] "GET /wp-content/plugins/wpdiscuz/assets/js/wpdiscuz-combo.min.js?ver=7.0.4 HTTP/1.1" 200 71266 "https://intranet.smith.russellmitchell.com/?p=5" "Mozilla/5.0 (X11; Ubuntu; Linux x86_64; rv:86.0) Gecko/20100101 Firefox/86.0"
172.19.131.174 - - [21/Jan/2022:22:22:43 +0000] "GET /wp-content/plugins/wpdiscuz/themes/default/css/fonts/sqr721c-webfont.woff2 HTTP/1.1" 200 18908 "https://intranet.smith.russellmitchell.com/wp-content/plugins/wpdiscuz/themes/default/style.css?ver=7.0.4" "Mozilla/5.0 (X11; Ubuntu; Linux x86_64; rv:86.0) Gecko/20100101 Firefox/86.0"
172.19.131.174 - - [21/Jan/2022:22:22:43 +0000] "GET /wp-content/plugins/wpdiscuz/assets/third-party/font-awesome-5.13.0/webfonts/fa-regular-400.woff2 HTTP/1.1" 200 13874 "https://intranet.smith.russellmitchell.com/wp-content/plugins/wpdiscuz/assets/third-party/font-awesome-5.13.0/css/fa.min.css?ver=7.0.4" "Mozilla/5.0 (X11; Ubuntu; Linux x86_64; rv:86.0) Gecko/20100101 Firefox/86.0"
172.19.131.174 - - [21/Jan/2022:22:22:43 +0000] "GET /wp-content/plugins/wpdiscuz/assets/third-party/font-awesome-5.13.0/webfonts/fa-solid-900.woff2 HTTP/1.1" 200 79823 "https://intranet.smith.russellmitchell.com/wp-content/plugins/wpdiscuz/assets/third-party/font-awesome-5.13.0/css/fa.min.css?ver=7.0.4" "Mozilla/5.0 (X11; Ubuntu; Linux x86_64; rv:86.0) Gecko/20100101 Firefox/86.0"
172.19.131.174 - - [21/Jan/2022:22:22:43 +0000] "GET /wp-content/plugins/wpdiscuz/assets/third-party/font-awesome-5.13.0/webfonts/fa-brands-400.woff2 HTTP/1.1" 200 76991 "https://intranet.smith.russellmitchell.com/wp-content/plugins/wpdiscuz/assets/third-party/font-awesome-5.13.0/css/fa.min.css?ver=7.0.4" "Mozilla/5.0 (X11; Ubuntu; Linux x86_64; rv:86.0) Gecko/20100101 Firefox/86.0"
172.19.131.174 - - [21/Jan/2022:22:22:43 +0000] "GET /favicon.ico HTTP/1.1" 404 418 "https://intranet.smith.russellmitchell.com/?p=5" "Mozilla/5.0 (X11; Ubuntu; Linux x86_64; rv:86.0) Gecko/20100101 Firefox/86.0"
::1 - - [21/Jan/2022:22:22:49 +0000] "OPTIONS * HTTP/1.0" 200 110 "-" "Apache/2.4.29 (Ubuntu) OpenSSL/1.1.1 (internal dummy connection)"
172.19.131.174 - - [21/Jan/2022:22:26:47 +0000] "GET /wp-content/plugins/wpdiscuz/assets/img/loading.gif HTTP/1.1" 200 4069 "https://intranet.smith.russellmitchell.com/wp-content/plugins/wpdiscuz/themes/default/style.css?ver=7.0.4" "Mozilla/5.0 (X11; Ubuntu; Linux x86_64; rv:86.0) Gecko/20100101 Firefox/86.0"
172.19.131.174 - - [21/Jan/2022:22:26:47 +0000] "POST /wp-admin/admin-ajax.php HTTP/1.1" 200 5679 "https://intranet.smith.russellmitchell.com/?p=5" "Mozilla/5.0 (X11; Ubuntu; Linux x86_64; rv:86.0) Gecko/20100101 Firefox/86.0"
172.19.131.174 - - [21/Jan/2022:22:26:47 +0000] "POST /wp-admin/admin-ajax.php HTTP/1.1" 200 549 "https://intranet.smith.russellmitchell.com/?p=5" "Mozilla/5.0 (X11; Ubuntu; Linux x86_64; rv:86.0) Gecko/20100101 Firefox/86.0"
172.19.131.174 - - [21/Jan/2022:22:27:30 +0000] "POST /wp-admin/admin-ajax.php HTTP/1.1" 200 5487 "https://intranet.smith.russellmitchell.com/?p=5" "Mozilla/5.0 (X11; Ubuntu; Linux x86_64; rv:86.0) Gecko/20100101 Firefox/86.0"
172.19.131.174 - - [21/Jan/2022:22:27:30 +0000] "POST /wp-admin/admin-ajax.php HTTP/1.1" 200 549 "https://intranet.smith.russellmitchell.com/?p=5" "Mozilla/5.0 (X11; Ubuntu; Linux x86_64; rv:86.0) Gecko/20100101 Firefox/86.0"
172.19.131.174 - - [21/Jan/2022:22:27:56 +0000] "POST /wp-admin/admin-ajax.php HTTP/1.1" 200 1237 "https://intranet.smith.russellmitchell.com/?p=5" "Mozilla/5.0 (X11; Ubuntu; Linux x86_64; rv:86.0) Gecko/20100101 Firefox/86.0"
172.19.131.174 - - [21/Jan/2022:22:28:04 +0000] "GET / HTTP/1.1" 200 6203 "-" "Mozilla/5.0 (X11; Ubuntu; Linux x86_64; rv:86.0) Gecko/20100101 Firefox/86.0"
172.19.131.174 - - [21/Jan/2022:22:28:04 +0000] "GET /favicon.ico HTTP/1.1" 404 396 "http://intranet.smith.russellmitchell.com/" "Mozilla/5.0 (X11; Ubuntu; Linux x86_64; rv:86.0) Gecko/20100101 Firefox/86.0"
172.19.131.174 - - [21/Jan/2022:22:33:55 +0000] "GET / HTTP/1.1" 200 6203 "-" "Mozilla/5.0 (X11; Ubuntu; Linux x86_64; rv:86.0) Gecko/20100101 Firefox/86.0"
10.143.2.4 - - [21/Jan/2022:22:33:55 +0000] "POST /wp-cron.php?doing_wp_cron=1642804435.8960139751434326171875 HTTP/1.1" 200 150 "-" "WordPress/5.8.3; https://intranet.smith.russellmitchell.com"
172.19.131.174 - - [21/Jan/2022:22:33:56 +0000] "GET /wp-includes/css/dist/block-library/style.min.css?ver=5.8.3 HTTP/1.1" 200 10846 "http://intranet.smith.russellmitchell.com/" "Mozilla/5.0 (X11; Ubuntu; Linux x86_64; rv:86.0) Gecko/20100101 Firefox/86.0"
172.19.131.174 - - [21/Jan/2022:22:33:56 +0000] "GET /wp-includes/js/wp-embed.min.js?ver=5.8.3 HTTP/1.1" 200 1099 "http://intranet.smith.russellmitchell.com/" "Mozilla/5.0 (X11; Ubuntu; Linux x86_64; rv:86.0) Gecko/20100101 Firefox/86.0"
172.19.131.174 - - [21/Jan/2022:22:33:56 +0000] "GET /wp-content/themes/go/dist/css/design-styles/style-traditional.min.css?ver=1.5.2 HTTP/1.1" 200 1412 "http://intranet.smith.russellmitchell.com/" "Mozilla/5.0 (X11; Ubuntu; Linux x86_64; rv:86.0) Gecko/20100101 Firefox/86.0"
172.19.131.174 - - [21/Jan/2022:22:33:56 +0000] "GET /wp-content/themes/go/dist/js/frontend.min.js?ver=1.5.2 HTTP/1.1" 200 2916 "http://intranet.smith.russellmitchell.com/" "Mozilla/5.0 (X11; Ubuntu; Linux x86_64; rv:86.0) Gecko/20100101 Firefox/86.0"
172.19.131.174 - - [21/Jan/2022:22:33:56 +0000] "GET /wp-includes/js/wp-emoji-release.min.js?ver=5.8.3 HTTP/1.1" 200 5266 "http://intranet.smith.russellmitchell.com/" "Mozilla/5.0 (X11; Ubuntu; Linux x86_64; rv:86.0) Gecko/20100101 Firefox/86.0"
172.19.131.174 - - [21/Jan/2022:22:33:56 +0000] "GET /wp-content/themes/go/dist/css/style-shared.min.css?ver=1.5.2 HTTP/1.1" 200 23204 "http://intranet.smith.russellmitchell.com/" "Mozilla/5.0 (X11; Ubuntu; Linux x86_64; rv:86.0) Gecko/20100101 Firefox/86.0"
172.19.131.174 - - [21/Jan/2022:22:33:56 +0000] "GET /favicon.ico HTTP/1.1" 404 396 "http://intranet.smith.russellmitchell.com/" "Mozilla/5.0 (X11; Ubuntu; Linux x86_64; rv:86.0) Gecko/20100101 Firefox/86.0"
::1 - - [21/Jan/2022:22:34:01 +0000] "OPTIONS * HTTP/1.0" 200 110 "-" "Apache/2.4.29 (Ubuntu) OpenSSL/1.1.1 (internal dummy connection)"
10.143.3.65 - - [22/Jan/2022:05:58:13 +0000] "GET / HTTP/1.1" 200 6203 "-" "Mozilla/5.0 (X11; Ubuntu; Linux x86_64; rv:86.0) Gecko/20100101 Firefox/86.0"
10.143.3.65 - - [22/Jan/2022:05:58:13 +0000] "GET /wp-includes/css/dist/block-library/style.min.css?ver=5.8.3 HTTP/1.1" 200 10846 "http://intranet.smith.russellmitchell.com/" "Mozilla/5.0 (X11; Ubuntu; Linux x86_64; rv:86.0) Gecko/20100101 Firefox/86.0"
10.143.3.65 - - [22/Jan/2022:05:58:13 +0000] "GET /wp-includes/js/wp-embed.min.js?ver=5.8.3 HTTP/1.1" 200 1099 "http://intranet.smith.russellmitchell.com/" "Mozilla/5.0 (X11; Ubuntu; Linux x86_64; rv:86.0) Gecko/20100101 Firefox/86.0"
10.143.3.65 - - [22/Jan/2022:05:58:13 +0000] "GET /wp-content/themes/go/dist/css/design-styles/style-traditional.min.css?ver=1.5.2 HTTP/1.1" 200 1412 "http://intranet.smith.russellmitchell.com/" "Mozilla/5.0 (X11; Ubuntu; Linux x86_64; rv:86.0) Gecko/20100101 Firefox/86.0"
10.143.3.65 - - [22/Jan/2022:05:58:13 +0000] "GET /wp-content/themes/go/dist/js/frontend.min.js?ver=1.5.2 HTTP/1.1" 200 2916 "http://intranet.smith.russellmitchell.com/" "Mozilla/5.0 (X11; Ubuntu; Linux x86_64; rv:86.0) Gecko/20100101 Firefox/86.0"
10.143.2.4 - - [22/Jan/2022:05:58:13 +0000] "GET / HTTP/1.1" 200 9138 "-" "WordPress/5.8.3; https://intranet.smith.russellmitchell.com"
10.143.3.65 - - [22/Jan/2022:05:58:13 +0000] "GET /wp-content/themes/go/dist/css/style-shared.min.css?ver=1.5.2 HTTP/1.1" 200 23204 "http://intranet.smith.russellmitchell.com/" "Mozilla/5.0 (X11; Ubuntu; Linux x86_64; rv:86.0) Gecko/20100101 Firefox/86.0"
10.143.3.65 - - [22/Jan/2022:05:58:13 +0000] "GET /wp-includes/js/wp-emoji-release.min.js?ver=5.8.3 HTTP/1.1" 200 5265 "http://intranet.smith.russellmitchell.com/" "Mozilla/5.0 (X11; Ubuntu; Linux x86_64; rv:86.0) Gecko/20100101 Firefox/86.0"
10.143.3.65 - - [22/Jan/2022:05:58:13 +0000] "GET /favicon.ico HTTP/1.1" 404 396 "http://intranet.smith.russellmitchell.com/" "Mozilla/5.0 (X11; Ubuntu; Linux x86_64; rv:86.0) Gecko/20100101 Firefox/86.0"
10.143.2.4 - - [22/Jan/2022:05:58:13 +0000] "POST /wp-cron.php?doing_wp_cron=1642831093.1843619346618652343750 HTTP/1.1" 200 150 "-" "WordPress/5.8.3; https://intranet.smith.russellmitchell.com"
::1 - - [22/Jan/2022:05:58:19 +0000] "OPTIONS * HTTP/1.0" 200 110 "-" "Apache/2.4.29 (Ubuntu) OpenSSL/1.1.1 (internal dummy connection)"
10.143.3.65 - - [22/Jan/2022:06:01:42 +0000] "GET /?p=5 HTTP/1.1" 200 27667 "-" "Mozilla/5.0 (X11; Ubuntu; Linux x86_64; rv:86.0) Gecko/20100101 Firefox/86.0"
10.143.3.65 - - [22/Jan/2022:06:01:43 +0000] "GET /wp-includes/css/dist/block-library/style.min.css?ver=5.8.3 HTTP/1.1" 200 10934 "https://intranet.smith.russellmitchell.com/?p=5" "Mozilla/5.0 (X11; Ubuntu; Linux x86_64; rv:86.0) Gecko/20100101 Firefox/86.0"
10.143.3.65 - - [22/Jan/2022:06:01:43 +0000] "GET /wp-content/plugins/wpdiscuz/themes/default/style.css?ver=7.0.4 HTTP/1.1" 200 19726 "https://intranet.smith.russellmitchell.com/?p=5" "Mozilla/5.0 (X11; Ubuntu; Linux x86_64; rv:86.0) Gecko/20100101 Firefox/86.0"
10.143.3.65 - - [22/Jan/2022:06:01:43 +0000] "GET /wp-content/plugins/wpdiscuz/assets/third-party/font-awesome-5.13.0/css/fa.min.css?ver=7.0.4 HTTP/1.1" 200 2888 "https://intranet.smith.russellmitchell.com/?p=5" "Mozilla/5.0 (X11; Ubuntu; Linux x86_64; rv:86.0) Gecko/20100101 Firefox/86.0"
10.143.3.65 - - [22/Jan/2022:06:01:43 +0000] "GET /wp-content/themes/go/dist/css/style-shared.min.css?ver=1.5.2 HTTP/1.1" 200 23313 "https://intranet.smith.russellmitchell.com/?p=5" "Mozilla/5.0 (X11; Ubuntu; Linux x86_64; rv:86.0) Gecko/20100101 Firefox/86.0"
10.143.3.65 - - [22/Jan/2022:06:01:43 +0000] "GET /wp-includes/js/wp-emoji-release.min.js?ver=5.8.3 HTTP/1.1" 200 5907 "https://intranet.smith.russellmitchell.com/?p=5" "Mozilla/5.0 (X11; Ubuntu; Linux x86_64; rv:86.0) Gecko/20100101 Firefox/86.0"
10.143.3.65 - - [22/Jan/2022:06:01:43 +0000] "GET /wp-content/themes/go/dist/css/design-styles/style-traditional.min.css?ver=1.5.2 HTTP/1.1" 200 2009 "https://intranet.smith.russellmitchell.com/?p=5" "Mozilla/5.0 (X11; Ubuntu; Linux x86_64; rv:86.0) Gecko/20100101 Firefox/86.0"
10.143.3.65 - - [22/Jan/2022:06:01:43 +0000] "GET /wp-includes/js/jquery/jquery-migrate.min.js?ver=3.3.2 HTTP/1.1" 200 5146 "https://intranet.smith.russellmitchell.com/?p=5" "Mozilla/5.0 (X11; Ubuntu; Linux x86_64; rv:86.0) Gecko/20100101 Firefox/86.0"
10.143.3.65 - - [22/Jan/2022:06:01:43 +0000] "GET /wp-content/plugins/wpdiscuz/assets/css/wpdiscuz-combo.min.css?ver=5.8.3 HTTP/1.1" 200 7375 "https://intranet.smith.russellmitchell.com/?p=5" "Mozilla/5.0 (X11; Ubuntu; Linux x86_64; rv:86.0) Gecko/20100101 Firefox/86.0"
10.143.3.65 - - [22/Jan/2022:06:01:43 +0000] "GET /wp-includes/js/comment-reply.min.js?ver=5.8.3 HTTP/1.1" 200 1702 "https://intranet.smith.russellmitchell.com/?p=5" "Mozilla/5.0 (X11; Ubuntu; Linux x86_64; rv:86.0) Gecko/20100101 Firefox/86.0"
10.143.3.65 - - [22/Jan/2022:06:01:43 +0000] "GET /wp-includes/js/wp-embed.min.js?ver=5.8.3 HTTP/1.1" 200 1120 "https://intranet.smith.russellmitchell.com/?p=5" "Mozilla/5.0 (X11; Ubuntu; Linux x86_64; rv:86.0) Gecko/20100101 Firefox/86.0"
10.143.3.65 - - [22/Jan/2022:06:01:43 +0000] "GET /wp-content/themes/go/dist/js/frontend.min.js?ver=1.5.2 HTTP/1.1" 200 2981 "https://intranet.smith.russellmitchell.com/?p=5" "Mozilla/5.0 (X11; Ubuntu; Linux x86_64; rv:86.0) Gecko/20100101 Firefox/86.0"
10.143.3.65 - - [22/Jan/2022:06:01:43 +0000] "GET /wp-includes/js/jquery/jquery.min.js?ver=3.6.0 HTTP/1.1" 200 31953 "https://intranet.smith.russellmitchell.com/?p=5" "Mozilla/5.0 (X11; Ubuntu; Linux x86_64; rv:86.0) Gecko/20100101 Firefox/86.0"
10.143.3.65 - - [22/Jan/2022:06:01:43 +0000] "GET /wp-content/plugins/wpdiscuz/assets/js/wpdiscuz-combo.min.js?ver=7.0.4 HTTP/1.1" 200 71266 "https://intranet.smith.russellmitchell.com/?p=5" "Mozilla/5.0 (X11; Ubuntu; Linux x86_64; rv:86.0) Gecko/20100101 Firefox/86.0"
10.143.3.65 - - [22/Jan/2022:06:01:43 +0000] "GET /wp-content/plugins/wpdiscuz/themes/default/css/fonts/sqr721c-webfont.woff2 HTTP/1.1" 200 18908 "https://intranet.smith.russellmitchell.com/wp-content/plugins/wpdiscuz/themes/default/style.css?ver=7.0.4" "Mozilla/5.0 (X11; Ubuntu; Linux x86_64; rv:86.0) Gecko/20100101 Firefox/86.0"
10.143.3.65 - - [22/Jan/2022:06:01:43 +0000] "GET /wp-content/plugins/wpdiscuz/assets/third-party/font-awesome-5.13.0/webfonts/fa-regular-400.woff2 HTTP/1.1" 200 13874 "https://intranet.smith.russellmitchell.com/wp-content/plugins/wpdiscuz/assets/third-party/font-awesome-5.13.0/css/fa.min.css?ver=7.0.4" "Mozilla/5.0 (X11; Ubuntu; Linux x86_64; rv:86.0) Gecko/20100101 Firefox/86.0"
10.143.3.65 - - [22/Jan/2022:06:01:43 +0000] "GET /wp-content/plugins/wpdiscuz/assets/third-party/font-awesome-5.13.0/webfonts/fa-solid-900.woff2 HTTP/1.1" 200 79823 "https://intranet.smith.russellmitchell.com/wp-content/plugins/wpdiscuz/assets/third-party/font-awesome-5.13.0/css/fa.min.css?ver=7.0.4" "Mozilla/5.0 (X11; Ubuntu; Linux x86_64; rv:86.0) Gecko/20100101 Firefox/86.0"
10.143.3.65 - - [22/Jan/2022:06:01:43 +0000] "GET /wp-content/plugins/wpdiscuz/assets/third-party/font-awesome-5.13.0/webfonts/fa-brands-400.woff2 HTTP/1.1" 200 76991 "https://intranet.smith.russellmitchell.com/wp-content/plugins/wpdiscuz/assets/third-party/font-awesome-5.13.0/css/fa.min.css?ver=7.0.4" "Mozilla/5.0 (X11; Ubuntu; Linux x86_64; rv:86.0) Gecko/20100101 Firefox/86.0"
10.143.3.65 - - [22/Jan/2022:06:01:43 +0000] "GET /favicon.ico HTTP/1.1" 404 418 "https://intranet.smith.russellmitchell.com/?p=5" "Mozilla/5.0 (X11; Ubuntu; Linux x86_64; rv:86.0) Gecko/20100101 Firefox/86.0"
::1 - - [22/Jan/2022:06:01:48 +0000] "OPTIONS * HTTP/1.0" 200 110 "-" "Apache/2.4.29 (Ubuntu) OpenSSL/1.1.1 (internal dummy connection)"
10.143.3.65 - - [22/Jan/2022:06:05:39 +0000] "GET /wp-content/plugins/wpdiscuz/assets/img/loading.gif HTTP/1.1" 200 4069 "https://intranet.smith.russellmitchell.com/wp-content/plugins/wpdiscuz/themes/default/style.css?ver=7.0.4" "Mozilla/5.0 (X11; Ubuntu; Linux x86_64; rv:86.0) Gecko/20100101 Firefox/86.0"
10.143.3.65 - - [22/Jan/2022:06:05:39 +0000] "POST /wp-admin/admin-ajax.php HTTP/1.1" 200 5683 "https://intranet.smith.russellmitchell.com/?p=5" "Mozilla/5.0 (X11; Ubuntu; Linux x86_64; rv:86.0) Gecko/20100101 Firefox/86.0"
10.143.3.65 - - [22/Jan/2022:06:05:39 +0000] "POST /wp-admin/admin-ajax.php HTTP/1.1" 200 549 "https://intranet.smith.russellmitchell.com/?p=5" "Mozilla/5.0 (X11; Ubuntu; Linux x86_64; rv:86.0) Gecko/20100101 Firefox/86.0"
10.143.3.65 - - [22/Jan/2022:06:07:17 +0000] "POST /wp-admin/admin-ajax.php HTTP/1.1" 200 5783 "https://intranet.smith.russellmitchell.com/?p=5" "Mozilla/5.0 (X11; Ubuntu; Linux x86_64; rv:86.0) Gecko/20100101 Firefox/86.0"
10.143.3.65 - - [22/Jan/2022:06:07:17 +0000] "POST /wp-admin/admin-ajax.php HTTP/1.1" 200 549 "https://intranet.smith.russellmitchell.com/?p=5" "Mozilla/5.0 (X11; Ubuntu; Linux x86_64; rv:86.0) Gecko/20100101 Firefox/86.0"
10.143.3.65 - - [22/Jan/2022:06:08:15 +0000] "GET / HTTP/1.1" 200 6202 "-" "Mozilla/5.0 (X11; Ubuntu; Linux x86_64; rv:86.0) Gecko/20100101 Firefox/86.0"
10.143.3.65 - - [22/Jan/2022:06:08:15 +0000] "GET /wp-content/themes/go/dist/js/frontend.min.js?ver=1.5.2 HTTP/1.1" 200 2915 "http://intranet.smith.russellmitchell.com/" "Mozilla/5.0 (X11; Ubuntu; Linux x86_64; rv:86.0) Gecko/20100101 Firefox/86.0"
10.143.3.65 - - [22/Jan/2022:06:08:15 +0000] "GET /wp-includes/js/wp-embed.min.js?ver=5.8.3 HTTP/1.1" 200 1098 "http://intranet.smith.russellmitchell.com/" "Mozilla/5.0 (X11; Ubuntu; Linux x86_64; rv:86.0) Gecko/20100101 Firefox/86.0"
10.143.3.65 - - [22/Jan/2022:06:08:15 +0000] "GET /wp-includes/js/wp-emoji-release.min.js?ver=5.8.3 HTTP/1.1" 200 5265 "http://intranet.smith.russellmitchell.com/" "Mozilla/5.0 (X11; Ubuntu; Linux x86_64; rv:86.0) Gecko/20100101 Firefox/86.0"
10.143.3.65 - - [22/Jan/2022:06:08:15 +0000] "GET /favicon.ico HTTP/1.1" 404 396 "http://intranet.smith.russellmitchell.com/" "Mozilla/5.0 (X11; Ubuntu; Linux x86_64; rv:86.0) Gecko/20100101 Firefox/86.0"
10.143.3.65 - - [22/Jan/2022:06:11:58 +0000] "GET /?p=5 HTTP/1.1" 200 25636 "-" "Mozilla/5.0 (X11; Ubuntu; Linux x86_64; rv:86.0) Gecko/20100101 Firefox/86.0"
10.143.3.65 - - [22/Jan/2022:06:11:58 +0000] "GET /wp-includes/css/dist/block-library/style.min.css?ver=5.8.3 HTTP/1.1" 200 10934 "https://intranet.smith.russellmitchell.com/?p=5" "Mozilla/5.0 (X11; Ubuntu; Linux x86_64; rv:86.0) Gecko/20100101 Firefox/86.0"
10.143.3.65 - - [22/Jan/2022:06:15:29 +0000] "POST /wp-admin/admin-ajax.php HTTP/1.1" 200 5668 "https://intranet.smith.russellmitchell.com/?p=5" "Mozilla/5.0 (X11; Ubuntu; Linux x86_64; rv:86.0) Gecko/20100101 Firefox/86.0"
10.143.3.65 - - [22/Jan/2022:06:15:30 +0000] "POST /wp-admin/admin-ajax.php HTTP/1.1" 200 549 "https://intranet.smith.russellmitchell.com/?p=5" "Mozilla/5.0 (X11; Ubuntu; Linux x86_64; rv:86.0) Gecko/20100101 Firefox/86.0"
10.143.3.65 - - [22/Jan/2022:06:15:52 +0000] "POST /wp-admin/admin-ajax.php HTTP/1.1" 200 1239 "https://intranet.smith.russellmitchell.com/?p=5" "Mozilla/5.0 (X11; Ubuntu; Linux x86_64; rv:86.0) Gecko/20100101 Firefox/86.0"
10.143.3.65 - - [22/Jan/2022:06:15:59 +0000] "POST /wp-admin/admin-ajax.php HTTP/1.1" 200 1237 "https://intranet.smith.russellmitchell.com/?p=5" "Mozilla/5.0 (X11; Ubuntu; Linux x86_64; rv:86.0) Gecko/20100101 Firefox/86.0"
10.143.3.65 - - [22/Jan/2022:06:16:08 +0000] "GET / HTTP/1.1" 200 6202 "-" "Mozilla/5.0 (X11; Ubuntu; Linux x86_64; rv:86.0) Gecko/20100101 Firefox/86.0"
10.143.3.65 - - [22/Jan/2022:06:16:08 +0000] "GET /favicon.ico HTTP/1.1" 404 396 "http://intranet.smith.russellmitchell.com/" "Mozilla/5.0 (X11; Ubuntu; Linux x86_64; rv:86.0) Gecko/20100101 Firefox/86.0"
10.143.2.4 - - [22/Jan/2022:07:26:48 +0000] "POST /wp-cron.php?doing_wp_cron=1642836408.1728169918060302734375 HTTP/1.1" 200 150 "-" "WordPress/5.8.3; https://intranet.smith.russellmitchell.com"
10.143.2.25 - - [22/Jan/2022:07:26:47 +0000] "GET / HTTP/1.1" 200 6202 "-" "Mozilla/5.0 (X11; Linux x86_64) AppleWebKit/537.36 (KHTML, like Gecko) HeadlessChrome/97.0.4692.71 Safari/537.36"
10.143.2.25 - - [22/Jan/2022:07:26:48 +0000] "GET /wp-includes/js/wp-embed.min.js?ver=5.8.3 HTTP/1.1" 200 1099 "http://intranet.smith.russellmitchell.com/" "Mozilla/5.0 (X11; Linux x86_64) AppleWebKit/537.36 (KHTML, like Gecko) HeadlessChrome/97.0.4692.71 Safari/537.36"
10.143.2.25 - - [22/Jan/2022:07:26:48 +0000] "GET /wp-content/themes/go/dist/css/design-styles/style-traditional.min.css?ver=1.5.2 HTTP/1.1" 200 1412 "http://intranet.smith.russellmitchell.com/" "Mozilla/5.0 (X11; Linux x86_64) AppleWebKit/537.36 (KHTML, like Gecko) HeadlessChrome/97.0.4692.71 Safari/537.36"
10.143.2.25 - - [22/Jan/2022:07:26:48 +0000] "GET /wp-content/themes/go/dist/js/frontend.min.js?ver=1.5.2 HTTP/1.1" 200 2916 "http://intranet.smith.russellmitchell.com/" "Mozilla/5.0 (X11; Linux x86_64) AppleWebKit/537.36 (KHTML, like Gecko) HeadlessChrome/97.0.4692.71 Safari/537.36"
10.143.2.25 - - [22/Jan/2022:07:26:48 +0000] "GET /wp-includes/css/dist/block-library/style.min.css?ver=5.8.3 HTTP/1.1" 200 10846 "http://intranet.smith.russellmitchell.com/" "Mozilla/5.0 (X11; Linux x86_64) AppleWebKit/537.36 (KHTML, like Gecko) HeadlessChrome/97.0.4692.71 Safari/537.36"
10.143.2.25 - - [22/Jan/2022:07:26:48 +0000] "GET /wp-content/themes/go/dist/css/style-shared.min.css?ver=1.5.2 HTTP/1.1" 200 23204 "http://intranet.smith.russellmitchell.com/" "Mozilla/5.0 (X11; Linux x86_64) AppleWebKit/537.36 (KHTML, like Gecko) HeadlessChrome/97.0.4692.71 Safari/537.36"
10.143.2.25 - - [22/Jan/2022:07:26:48 +0000] "GET /wp-includes/js/wp-emoji-release.min.js?ver=5.8.3 HTTP/1.1" 200 5265 "http://intranet.smith.russellmitchell.com/" "Mozilla/5.0 (X11; Linux x86_64) AppleWebKit/537.36 (KHTML, like Gecko) HeadlessChrome/97.0.4692.71 Safari/537.36"
10.143.2.25 - - [22/Jan/2022:07:30:54 +0000] "GET /?p=5 HTTP/1.1" 200 27965 "-" "Mozilla/5.0 (X11; Linux x86_64) AppleWebKit/537.36 (KHTML, like Gecko) HeadlessChrome/97.0.4692.71 Safari/537.36"
10.143.2.25 - - [22/Jan/2022:07:30:54 +0000] "GET /wp-includes/css/dist/block-library/style.min.css?ver=5.8.3 HTTP/1.1" 200 10934 "https://intranet.smith.russellmitchell.com/?p=5" "Mozilla/5.0 (X11; Linux x86_64) AppleWebKit/537.36 (KHTML, like Gecko) HeadlessChrome/97.0.4692.71 Safari/537.36"
10.143.2.25 - - [22/Jan/2022:07:30:54 +0000] "GET /wp-content/plugins/wpdiscuz/themes/default/style.css?ver=7.0.4 HTTP/1.1" 200 19726 "https://intranet.smith.russellmitchell.com/?p=5" "Mozilla/5.0 (X11; Linux x86_64) AppleWebKit/537.36 (KHTML, like Gecko) HeadlessChrome/97.0.4692.71 Safari/537.36"
10.143.2.25 - - [22/Jan/2022:07:30:54 +0000] "GET /wp-content/plugins/wpdiscuz/assets/third-party/font-awesome-5.13.0/css/fa.min.css?ver=7.0.4 HTTP/1.1" 200 3464 "https://intranet.smith.russellmitchell.com/?p=5" "Mozilla/5.0 (X11; Linux x86_64) AppleWebKit/537.36 (KHTML, like Gecko) HeadlessChrome/97.0.4692.71 Safari/537.36"
10.143.2.25 - - [22/Jan/2022:07:30:54 +0000] "GET /wp-includes/js/jquery/jquery-migrate.min.js?ver=3.3.2 HTTP/1.1" 200 4570 "https://intranet.smith.russellmitchell.com/?p=5" "Mozilla/5.0 (X11; Linux x86_64) AppleWebKit/537.36 (KHTML, like Gecko) HeadlessChrome/97.0.4692.71 Safari/537.36"
10.143.2.25 - - [22/Jan/2022:07:30:54 +0000] "GET /wp-content/themes/go/dist/css/design-styles/style-traditional.min.css?ver=1.5.2 HTTP/1.1" 200 2009 "https://intranet.smith.russellmitchell.com/?p=5" "Mozilla/5.0 (X11; Linux x86_64) AppleWebKit/537.36 (KHTML, like Gecko) HeadlessChrome/97.0.4692.71 Safari/537.36"
10.143.2.25 - - [22/Jan/2022:07:30:54 +0000] "GET /wp-content/plugins/wpdiscuz/assets/css/wpdiscuz-combo.min.css?ver=5.8.3 HTTP/1.1" 200 7375 "https://intranet.smith.russellmitchell.com/?p=5" "Mozilla/5.0 (X11; Linux x86_64) AppleWebKit/537.36 (KHTML, like Gecko) HeadlessChrome/97.0.4692.71 Safari/537.36"
10.143.2.25 - - [22/Jan/2022:07:30:54 +0000] "GET /wp-includes/js/jquery/jquery.min.js?ver=3.6.0 HTTP/1.1" 200 31377 "https://intranet.smith.russellmitchell.com/?p=5" "Mozilla/5.0 (X11; Linux x86_64) AppleWebKit/537.36 (KHTML, like Gecko) HeadlessChrome/97.0.4692.71 Safari/537.36"
10.143.2.25 - - [22/Jan/2022:07:30:54 +0000] "GET /wp-content/themes/go/dist/css/style-shared.min.css?ver=1.5.2 HTTP/1.1" 200 23889 "https://intranet.smith.russellmitchell.com/?p=5" "Mozilla/5.0 (X11; Linux x86_64) AppleWebKit/537.36 (KHTML, like Gecko) HeadlessChrome/97.0.4692.71 Safari/537.36"
10.143.2.25 - - [22/Jan/2022:07:30:54 +0000] "GET /wp-includes/js/wp-emoji-release.min.js?ver=5.8.3 HTTP/1.1" 200 5331 "https://intranet.smith.russellmitchell.com/?p=5" "Mozilla/5.0 (X11; Linux x86_64) AppleWebKit/537.36 (KHTML, like Gecko) HeadlessChrome/97.0.4692.71 Safari/537.36"
10.143.2.25 - - [22/Jan/2022:07:30:54 +0000] "GET /wp-content/plugins/wpdiscuz/themes/default/css/fonts/sqr721c-webfont.woff2 HTTP/1.1" 200 18908 "https://intranet.smith.russellmitchell.com/wp-content/plugins/wpdiscuz/themes/default/style.css?ver=7.0.4" "Mozilla/5.0 (X11; Linux x86_64) AppleWebKit/537.36 (KHTML, like Gecko) HeadlessChrome/97.0.4692.71 Safari/537.36"
10.143.2.25 - - [22/Jan/2022:07:30:54 +0000] "GET /wp-content/plugins/wpdiscuz/assets/third-party/font-awesome-5.13.0/webfonts/fa-regular-400.woff2 HTTP/1.1" 200 13874 "https://intranet.smith.russellmitchell.com/wp-content/plugins/wpdiscuz/assets/third-party/font-awesome-5.13.0/css/fa.min.css?ver=7.0.4" "Mozilla/5.0 (X11; Linux x86_64) AppleWebKit/537.36 (KHTML, like Gecko) HeadlessChrome/97.0.4692.71 Safari/537.36"
10.143.2.25 - - [22/Jan/2022:07:30:54 +0000] "GET /wp-content/plugins/wpdiscuz/assets/third-party/font-awesome-5.13.0/webfonts/fa-solid-900.woff2 HTTP/1.1" 200 79823 "https://intranet.smith.russellmitchell.com/wp-content/plugins/wpdiscuz/assets/third-party/font-awesome-5.13.0/css/fa.min.css?ver=7.0.4" "Mozilla/5.0 (X11; Linux x86_64) AppleWebKit/537.36 (KHTML, like Gecko) HeadlessChrome/97.0.4692.71 Safari/537.36"
10.143.2.25 - - [22/Jan/2022:07:30:54 +0000] "GET /wp-content/plugins/wpdiscuz/assets/third-party/font-awesome-5.13.0/webfonts/fa-brands-400.woff2 HTTP/1.1" 200 76991 "https://intranet.smith.russellmitchell.com/wp-content/plugins/wpdiscuz/assets/third-party/font-awesome-5.13.0/css/fa.min.css?ver=7.0.4" "Mozilla/5.0 (X11; Linux x86_64) AppleWebKit/537.36 (KHTML, like Gecko) HeadlessChrome/97.0.4692.71 Safari/537.36"
10.143.2.25 - - [22/Jan/2022:07:30:54 +0000] "GET /wp-content/themes/go/dist/js/frontend.min.js?ver=1.5.2 HTTP/1.1" 200 2981 "https://intranet.smith.russellmitchell.com/?p=5" "Mozilla/5.0 (X11; Linux x86_64) AppleWebKit/537.36 (KHTML, like Gecko) HeadlessChrome/97.0.4692.71 Safari/537.36"
10.143.2.25 - - [22/Jan/2022:07:30:54 +0000] "GET /wp-includes/js/wp-embed.min.js?ver=5.8.3 HTTP/1.1" 200 1120 "https://intranet.smith.russellmitchell.com/?p=5" "Mozilla/5.0 (X11; Linux x86_64) AppleWebKit/537.36 (KHTML, like Gecko) HeadlessChrome/97.0.4692.71 Safari/537.36"
10.143.2.25 - - [22/Jan/2022:07:30:54 +0000] "GET /wp-includes/js/comment-reply.min.js?ver=5.8.3 HTTP/1.1" 200 1702 "https://intranet.smith.russellmitchell.com/?p=5" "Mozilla/5.0 (X11; Linux x86_64) AppleWebKit/537.36 (KHTML, like Gecko) HeadlessChrome/97.0.4692.71 Safari/537.36"
10.143.2.25 - - [22/Jan/2022:07:30:54 +0000] "GET /wp-content/plugins/wpdiscuz/assets/js/wpdiscuz-combo.min.js?ver=7.0.4 HTTP/1.1" 200 71266 "https://intranet.smith.russellmitchell.com/?p=5" "Mozilla/5.0 (X11; Linux x86_64) AppleWebKit/537.36 (KHTML, like Gecko) HeadlessChrome/97.0.4692.71 Safari/537.36"
10.143.2.25 - - [22/Jan/2022:07:31:14 +0000] "-" 408 3020 "-" "-"
::1 - - [22/Jan/2022:07:31:16 +0000] "OPTIONS * HTTP/1.0" 200 110 "-" "Apache/2.4.29 (Ubuntu) OpenSSL/1.1.1 (internal dummy connection)"
10.143.2.25 - - [22/Jan/2022:07:33:14 +0000] "GET / HTTP/1.1" 200 6202 "-" "Mozilla/5.0 (X11; Linux x86_64) AppleWebKit/537.36 (KHTML, like Gecko) HeadlessChrome/97.0.4692.71 Safari/537.36"
172.19.131.174 - - [22/Jan/2022:07:48:19 +0000] "GET / HTTP/1.1" 200 6202 "-" "Mozilla/5.0 (X11; Linux x86_64) AppleWebKit/537.36 (KHTML, like Gecko) HeadlessChrome/97.0.4692.71 Safari/537.36"
172.19.131.174 - - [22/Jan/2022:07:48:19 +0000] "GET /wp-content/themes/go/dist/js/frontend.min.js?ver=1.5.2 HTTP/1.1" 200 2916 "http://intranet.smith.russellmitchell.com/" "Mozilla/5.0 (X11; Linux x86_64) AppleWebKit/537.36 (KHTML, like Gecko) HeadlessChrome/97.0.4692.71 Safari/537.36"
172.19.131.174 - - [22/Jan/2022:07:48:19 +0000] "GET /wp-includes/js/wp-embed.min.js?ver=5.8.3 HTTP/1.1" 200 1099 "http://intranet.smith.russellmitchell.com/" "Mozilla/5.0 (X11; Linux x86_64) AppleWebKit/537.36 (KHTML, like Gecko) HeadlessChrome/97.0.4692.71 Safari/537.36"
172.19.131.174 - - [22/Jan/2022:07:48:19 +0000] "GET /wp-content/themes/go/dist/css/design-styles/style-traditional.min.css?ver=1.5.2 HTTP/1.1" 200 1412 "http://intranet.smith.russellmitchell.com/" "Mozilla/5.0 (X11; Linux x86_64) AppleWebKit/537.36 (KHTML, like Gecko) HeadlessChrome/97.0.4692.71 Safari/537.36"
