172.19.131.174 - - [22/Jan/2022:07:48:19 +0000] "GET /wp-includes/css/dist/block-library/style.min.css?ver=5.8.3 HTTP/1.1" 200 10846 "http://intranet.smith.russellmitchell.com/" "Mozilla/5.0 (X11; Linux x86_64) AppleWebKit/537.36 (KHTML, like Gecko) HeadlessChrome/97.0.4692.71 Safari/537.36"
172.19.131.174 - - [22/Jan/2022:07:48:19 +0000] "GET /wp-content/themes/go/dist/css/style-shared.min.css?ver=1.5.2 HTTP/1.1" 200 23204 "http://intranet.smith.russellmitchell.com/" "Mozilla/5.0 (X11; Linux x86_64) AppleWebKit/537.36 (KHTML, like Gecko) HeadlessChrome/97.0.4692.71 Safari/537.36"
172.19.131.174 - - [22/Jan/2022:07:48:20 +0000] "GET /wp-includes/js/wp-emoji-release.min.js?ver=5.8.3 HTTP/1.1" 200 5265 "http://intranet.smith.russellmitchell.com/" "Mozilla/5.0 (X11; Linux x86_64) AppleWebKit/537.36 (KHTML, like Gecko) HeadlessChrome/97.0.4692.71 Safari/537.36"
10.143.3.65 - - [22/Jan/2022:07:48:46 +0000] "GET / HTTP/1.1" 200 6202 "-" "Mozilla/5.0 (X11; Ubuntu; Linux x86_64; rv:86.0) Gecko/20100101 Firefox/86.0"
10.143.3.65 - - [22/Jan/2022:07:48:46 +0000] "GET /wp-includes/css/dist/block-library/style.min.css?ver=5.8.3 HTTP/1.1" 200 10846 "http://intranet.smith.russellmitchell.com/" "Mozilla/5.0 (X11; Ubuntu; Linux x86_64; rv:86.0) Gecko/20100101 Firefox/86.0"
10.143.3.65 - - [22/Jan/2022:07:48:46 +0000] "GET /wp-includes/js/wp-embed.min.js?ver=5.8.3 HTTP/1.1" 200 1099 "http://intranet.smith.russellmitchell.com/" "Mozilla/5.0 (X11; Ubuntu; Linux x86_64; rv:86.0) Gecko/20100101 Firefox/86.0"
10.143.3.65 - - [22/Jan/2022:07:48:46 +0000] "GET /wp-content/themes/go/dist/css/design-styles/style-traditional.min.css?ver=1.5.2 HTTP/1.1" 200 1412 "http://intranet.smith.russellmitchell.com/" "Mozilla/5.0 (X11; Ubuntu; Linux x86_64; rv:86.0) Gecko/20100101 Firefox/86.0"
10.143.3.65 - - [22/Jan/2022:07:48:46 +0000] "GET /wp-content/themes/go/dist/js/frontend.min.js?ver=1.5.2 HTTP/1.1" 200 2916 "http://intranet.smith.russellmitchell.com/" "Mozilla/5.0 (X11; Ubuntu; Linux x86_64; rv:86.0) Gecko/20100101 Firefox/86.0"
10.143.3.65 - - [22/Jan/2022:07:48:46 +0000] "GET /wp-includes/js/wp-emoji-release.min.js?ver=5.8.3 HTTP/1.1" 200 5265 "http://intranet.smith.russellmitchell.com/" "Mozilla/5.0 (X11; Ubuntu; Linux x86_64; rv:86.0) Gecko/20100101 Firefox/86.0"
10.143.3.65 - - [22/Jan/2022:07:48:46 +0000] "GET /wp-content/themes/go/dist/css/style-shared.min.css?ver=1.5.2 HTTP/1.1" 200 23204 "http://intranet.smith.russellmitchell.com/" "Mozilla/5.0 (X11; Ubuntu; Linux x86_64; rv:86.0) Gecko/20100101 Firefox/86.0"
10.143.3.65 - - [22/Jan/2022:07:48:46 +0000] "GET /favicon.ico HTTP/1.1" 404 396 "http://intranet.smith.russellmitchell.com/" "Mozilla/5.0 (X11; Ubuntu; Linux x86_64; rv:86.0) Gecko/20100101 Firefox/86.0"
10.143.3.65 - - [22/Jan/2022:07:51:40 +0000] "GET /?p=5 HTTP/1.1" 200 28020 "-" "Mozilla/5.0 (X11; Ubuntu; Linux x86_64; rv:86.0) Gecko/20100101 Firefox/86.0"
10.143.3.65 - - [22/Jan/2022:07:51:41 +0000] "GET /wp-includes/css/dist/block-library/style.min.css?ver=5.8.3 HTTP/1.1" 200 10934 "https://intranet.smith.russellmitchell.com/?p=5" "Mozilla/5.0 (X11; Ubuntu; Linux x86_64; rv:86.0) Gecko/20100101 Firefox/86.0"
10.143.3.65 - - [22/Jan/2022:07:51:41 +0000] "GET /wp-content/plugins/wpdiscuz/themes/default/style.css?ver=7.0.4 HTTP/1.1" 200 19726 "https://intranet.smith.russellmitchell.com/?p=5" "Mozilla/5.0 (X11; Ubuntu; Linux x86_64; rv:86.0) Gecko/20100101 Firefox/86.0"
10.143.3.65 - - [22/Jan/2022:07:51:41 +0000] "GET /wp-content/plugins/wpdiscuz/assets/third-party/font-awesome-5.13.0/css/fa.min.css?ver=7.0.4 HTTP/1.1" 200 2888 "https://intranet.smith.russellmitchell.com/?p=5" "Mozilla/5.0 (X11; Ubuntu; Linux x86_64; rv:86.0) Gecko/20100101 Firefox/86.0"
10.143.3.65 - - [22/Jan/2022:07:51:41 +0000] "GET /wp-content/plugins/wpdiscuz/assets/css/wpdiscuz-combo.min.css?ver=5.8.3 HTTP/1.1" 200 7375 "https://intranet.smith.russellmitchell.com/?p=5" "Mozilla/5.0 (X11; Ubuntu; Linux x86_64; rv:86.0) Gecko/20100101 Firefox/86.0"
10.143.3.65 - - [22/Jan/2022:07:51:41 +0000] "GET /wp-includes/js/wp-emoji-release.min.js?ver=5.8.3 HTTP/1.1" 200 5331 "https://intranet.smith.russellmitchell.com/?p=5" "Mozilla/5.0 (X11; Ubuntu; Linux x86_64; rv:86.0) Gecko/20100101 Firefox/86.0"
10.143.3.65 - - [22/Jan/2022:07:51:41 +0000] "GET /wp-content/themes/go/dist/css/design-styles/style-traditional.min.css?ver=1.5.2 HTTP/1.1" 200 2009 "https://intranet.smith.russellmitchell.com/?p=5" "Mozilla/5.0 (X11; Ubuntu; Linux x86_64; rv:86.0) Gecko/20100101 Firefox/86.0"
10.143.3.65 - - [22/Jan/2022:07:51:41 +0000] "GET /wp-includes/js/jquery/jquery-migrate.min.js?ver=3.3.2 HTTP/1.1" 200 5146 "https://intranet.smith.russellmitchell.com/?p=5" "Mozilla/5.0 (X11; Ubuntu; Linux x86_64; rv:86.0) Gecko/20100101 Firefox/86.0"
10.143.3.65 - - [22/Jan/2022:07:51:41 +0000] "GET /wp-includes/js/comment-reply.min.js?ver=5.8.3 HTTP/1.1" 200 1702 "https://intranet.smith.russellmitchell.com/?p=5" "Mozilla/5.0 (X11; Ubuntu; Linux x86_64; rv:86.0) Gecko/20100101 Firefox/86.0"
10.143.3.65 - - [22/Jan/2022:07:51:41 +0000] "GET /wp-includes/js/wp-embed.min.js?ver=5.8.3 HTTP/1.1" 200 1120 "https://intranet.smith.russellmitchell.com/?p=5" "Mozilla/5.0 (X11; Ubuntu; Linux x86_64; rv:86.0) Gecko/20100101 Firefox/86.0"
10.143.3.65 - - [22/Jan/2022:07:51:41 +0000] "GET /wp-content/themes/go/dist/js/frontend.min.js?ver=1.5.2 HTTP/1.1" 200 2981 "https://intranet.smith.russellmitchell.com/?p=5" "Mozilla/5.0 (X11; Ubuntu; Linux x86_64; rv:86.0) Gecko/20100101 Firefox/86.0"
10.143.3.65 - - [22/Jan/2022:07:51:41 +0000] "GET /wp-includes/js/jquery/jquery.min.js?ver=3.6.0 HTTP/1.1" 200 31953 "https://intranet.smith.russellmitchell.com/?p=5" "Mozilla/5.0 (X11; Ubuntu; Linux x86_64; rv:86.0) Gecko/20100101 Firefox/86.0"
10.143.3.65 - - [22/Jan/2022:07:51:41 +0000] "GET /wp-content/themes/go/dist/css/style-shared.min.css?ver=1.5.2 HTTP/1.1" 200 23889 "https://intranet.smith.russellmitchell.com/?p=5" "Mozilla/5.0 (X11; Ubuntu; Linux x86_64; rv:86.0) Gecko/20100101 Firefox/86.0"
10.143.3.65 - - [22/Jan/2022:07:51:41 +0000] "GET /wp-content/plugins/wpdiscuz/assets/js/wpdiscuz-combo.min.js?ver=7.0.4 HTTP/1.1" 200 71266 "https://intranet.smith.russellmitchell.com/?p=5" "Mozilla/5.0 (X11; Ubuntu; Linux x86_64; rv:86.0) Gecko/20100101 Firefox/86.0"
10.143.3.65 - - [22/Jan/2022:07:51:41 +0000] "GET /wp-content/plugins/wpdiscuz/themes/default/css/fonts/sqr721c-webfont.woff2 HTTP/1.1" 200 18908 "https://intranet.smith.russellmitchell.com/wp-content/plugins/wpdiscuz/themes/default/style.css?ver=7.0.4" "Mozilla/5.0 (X11; Ubuntu; Linux x86_64; rv:86.0) Gecko/20100101 Firefox/86.0"
10.143.3.65 - - [22/Jan/2022:07:51:41 +0000] "GET /wp-content/plugins/wpdiscuz/assets/third-party/font-awesome-5.13.0/webfonts/fa-regular-400.woff2 HTTP/1.1" 200 13874 "https://intranet.smith.russellmitchell.com/wp-content/plugins/wpdiscuz/assets/third-party/font-awesome-5.13.0/css/fa.min.css?ver=7.0.4" "Mozilla/5.0 (X11; Ubuntu; Linux x86_64; rv:86.0) Gecko/20100101 Firefox/86.0"
10.143.3.65 - - [22/Jan/2022:07:51:41 +0000] "GET /wp-content/plugins/wpdiscuz/assets/third-party/font-awesome-5.13.0/webfonts/fa-solid-900.woff2 HTTP/1.1" 200 79823 "https://intranet.smith.russellmitchell.com/wp-content/plugins/wpdiscuz/assets/third-party/font-awesome-5.13.0/css/fa.min.css?ver=7.0.4" "Mozilla/5.0 (X11; Ubuntu; Linux x86_64; rv:86.0) Gecko/20100101 Firefox/86.0"
10.143.3.65 - - [22/Jan/2022:07:51:41 +0000] "GET /wp-content/plugins/wpdiscuz/assets/third-party/font-awesome-5.13.0/webfonts/fa-brands-400.woff2 HTTP/1.1" 200 76991 "https://intranet.smith.russellmitchell.com/wp-content/plugins/wpdiscuz/assets/third-party/font-awesome-5.13.0/css/fa.min.css?ver=7.0.4" "Mozilla/5.0 (X11; Ubuntu; Linux x86_64; rv:86.0) Gecko/20100101 Firefox/86.0"
10.143.3.65 - - [22/Jan/2022:07:51:41 +0000] "GET /favicon.ico HTTP/1.1" 404 418 "https://intranet.smith.russellmitchell.com/?p=5" "Mozilla/5.0 (X11; Ubuntu; Linux x86_64; rv:86.0) Gecko/20100101 Firefox/86.0"
::1 - - [22/Jan/2022:07:51:46 +0000] "OPTIONS * HTTP/1.0" 200 110 "-" "Apache/2.4.29 (Ubuntu) OpenSSL/1.1.1 (internal dummy connection)"
10.143.3.65 - - [22/Jan/2022:07:54:51 +0000] "GET /wp-content/plugins/wpdiscuz/assets/img/loading.gif HTTP/1.1" 200 4069 "https://intranet.smith.russellmitchell.com/wp-content/plugins/wpdiscuz/themes/default/style.css?ver=7.0.4" "Mozilla/5.0 (X11; Ubuntu; Linux x86_64; rv:86.0) Gecko/20100101 Firefox/86.0"
10.143.3.65 - - [22/Jan/2022:07:54:51 +0000] "POST /wp-admin/admin-ajax.php HTTP/1.1" 200 5493 "https://intranet.smith.russellmitchell.com/?p=5" "Mozilla/5.0 (X11; Ubuntu; Linux x86_64; rv:86.0) Gecko/20100101 Firefox/86.0"
10.143.3.65 - - [22/Jan/2022:07:54:52 +0000] "POST /wp-admin/admin-ajax.php HTTP/1.1" 200 549 "https://intranet.smith.russellmitchell.com/?p=5" "Mozilla/5.0 (X11; Ubuntu; Linux x86_64; rv:86.0) Gecko/20100101 Firefox/86.0"
10.143.3.65 - - [22/Jan/2022:07:55:39 +0000] "GET / HTTP/1.1" 200 6202 "-" "Mozilla/5.0 (X11; Ubuntu; Linux x86_64; rv:86.0) Gecko/20100101 Firefox/86.0"
10.143.2.25 - - [22/Jan/2022:08:05:45 +0000] "GET /?p=5 HTTP/1.1" 200 27937 "-" "Mozilla/5.0 (X11; Linux x86_64) AppleWebKit/537.36 (KHTML, like Gecko) HeadlessChrome/97.0.4692.71 Safari/537.36"
10.143.2.25 - - [22/Jan/2022:08:05:46 +0000] "GET /wp-content/plugins/wpdiscuz/assets/third-party/font-awesome-5.13.0/css/fa.min.css?ver=7.0.4 HTTP/1.1" 200 3464 "https://intranet.smith.russellmitchell.com/?p=5" "Mozilla/5.0 (X11; Linux x86_64) AppleWebKit/537.36 (KHTML, like Gecko) HeadlessChrome/97.0.4692.71 Safari/537.36"
10.143.2.25 - - [22/Jan/2022:08:05:46 +0000] "GET /wp-content/plugins/wpdiscuz/assets/css/wpdiscuz-combo.min.css?ver=5.8.3 HTTP/1.1" 200 6799 "https://intranet.smith.russellmitchell.com/?p=5" "Mozilla/5.0 (X11; Linux x86_64) AppleWebKit/537.36 (KHTML, like Gecko) HeadlessChrome/97.0.4692.71 Safari/537.36"
10.143.2.25 - - [22/Jan/2022:08:05:46 +0000] "GET /wp-includes/css/dist/block-library/style.min.css?ver=5.8.3 HTTP/1.1" 200 10934 "https://intranet.smith.russellmitchell.com/?p=5" "Mozilla/5.0 (X11; Linux x86_64) AppleWebKit/537.36 (KHTML, like Gecko) HeadlessChrome/97.0.4692.71 Safari/537.36"
10.143.2.25 - - [22/Jan/2022:08:05:46 +0000] "GET /wp-content/themes/go/dist/css/design-styles/style-traditional.min.css?ver=1.5.2 HTTP/1.1" 200 1433 "https://intranet.smith.russellmitchell.com/?p=5" "Mozilla/5.0 (X11; Linux x86_64) AppleWebKit/537.36 (KHTML, like Gecko) HeadlessChrome/97.0.4692.71 Safari/537.36"
10.143.2.25 - - [22/Jan/2022:08:05:46 +0000] "GET /wp-content/plugins/wpdiscuz/themes/default/style.css?ver=7.0.4 HTTP/1.1" 200 20302 "https://intranet.smith.russellmitchell.com/?p=5" "Mozilla/5.0 (X11; Linux x86_64) AppleWebKit/537.36 (KHTML, like Gecko) HeadlessChrome/97.0.4692.71 Safari/537.36"
10.143.2.25 - - [22/Jan/2022:08:05:46 +0000] "GET /wp-includes/js/jquery/jquery-migrate.min.js?ver=3.3.2 HTTP/1.1" 200 4570 "https://intranet.smith.russellmitchell.com/?p=5" "Mozilla/5.0 (X11; Linux x86_64) AppleWebKit/537.36 (KHTML, like Gecko) HeadlessChrome/97.0.4692.71 Safari/537.36"
10.143.2.25 - - [22/Jan/2022:08:05:46 +0000] "GET /wp-content/themes/go/dist/css/style-shared.min.css?ver=1.5.2 HTTP/1.1" 200 23313 "https://intranet.smith.russellmitchell.com/?p=5" "Mozilla/5.0 (X11; Linux x86_64) AppleWebKit/537.36 (KHTML, like Gecko) HeadlessChrome/97.0.4692.71 Safari/537.36"
10.143.2.25 - - [22/Jan/2022:08:05:46 +0000] "GET /wp-includes/js/jquery/jquery.min.js?ver=3.6.0 HTTP/1.1" 200 31377 "https://intranet.smith.russellmitchell.com/?p=5" "Mozilla/5.0 (X11; Linux x86_64) AppleWebKit/537.36 (KHTML, like Gecko) HeadlessChrome/97.0.4692.71 Safari/537.36"
10.143.2.25 - - [22/Jan/2022:08:05:46 +0000] "GET /wp-includes/js/wp-emoji-release.min.js?ver=5.8.3 HTTP/1.1" 200 5331 "https://intranet.smith.russellmitchell.com/?p=5" "Mozilla/5.0 (X11; Linux x86_64) AppleWebKit/537.36 (KHTML, like Gecko) HeadlessChrome/97.0.4692.71 Safari/537.36"
10.143.2.25 - - [22/Jan/2022:08:05:46 +0000] "GET /wp-content/plugins/wpdiscuz/themes/default/css/fonts/sqr721c-webfont.woff2 HTTP/1.1" 200 18908 "https://intranet.smith.russellmitchell.com/wp-content/plugins/wpdiscuz/themes/default/style.css?ver=7.0.4" "Mozilla/5.0 (X11; Linux x86_64) AppleWebKit/537.36 (KHTML, like Gecko) HeadlessChrome/97.0.4692.71 Safari/537.36"
10.143.2.25 - - [22/Jan/2022:08:05:46 +0000] "GET /wp-content/plugins/wpdiscuz/assets/third-party/font-awesome-5.13.0/webfonts/fa-solid-900.woff2 HTTP/1.1" 200 79823 "https://intranet.smith.russellmitchell.com/wp-content/plugins/wpdiscuz/assets/third-party/font-awesome-5.13.0/css/fa.min.css?ver=7.0.4" "Mozilla/5.0 (X11; Linux x86_64) AppleWebKit/537.36 (KHTML, like Gecko) HeadlessChrome/97.0.4692.71 Safari/537.36"
10.143.2.25 - - [22/Jan/2022:08:05:46 +0000] "GET /wp-content/plugins/wpdiscuz/assets/third-party/font-awesome-5.13.0/webfonts/fa-regular-400.woff2 HTTP/1.1" 200 13874 "https://intranet.smith.russellmitchell.com/wp-content/plugins/wpdiscuz/assets/third-party/font-awesome-5.13.0/css/fa.min.css?ver=7.0.4" "Mozilla/5.0 (X11; Linux x86_64) AppleWebKit/537.36 (KHTML, like Gecko) HeadlessChrome/97.0.4692.71 Safari/537.36"
10.143.2.25 - - [22/Jan/2022:08:05:46 +0000] "GET /wp-content/plugins/wpdiscuz/assets/third-party/font-awesome-5.13.0/webfonts/fa-brands-400.woff2 HTTP/1.1" 200 76991 "https://intranet.smith.russellmitchell.com/wp-content/plugins/wpdiscuz/assets/third-party/font-awesome-5.13.0/css/fa.min.css?ver=7.0.4" "Mozilla/5.0 (X11; Linux x86_64) AppleWebKit/537.36 (KHTML, like Gecko) HeadlessChrome/97.0.4692.71 Safari/537.36"
10.143.2.25 - - [22/Jan/2022:08:05:46 +0000] "GET /wp-includes/js/comment-reply.min.js?ver=5.8.3 HTTP/1.1" 200 1702 "https://intranet.smith.russellmitchell.com/?p=5" "Mozilla/5.0 (X11; Linux x86_64) AppleWebKit/537.36 (KHTML, like Gecko) HeadlessChrome/97.0.4692.71 Safari/537.36"
10.143.2.25 - - [22/Jan/2022:08:05:46 +0000] "GET /wp-content/themes/go/dist/js/frontend.min.js?ver=1.5.2 HTTP/1.1" 200 2981 "https://intranet.smith.russellmitchell.com/?p=5" "Mozilla/5.0 (X11; Linux x86_64) AppleWebKit/537.36 (KHTML, like Gecko) HeadlessChrome/97.0.4692.71 Safari/537.36"
10.143.2.25 - - [22/Jan/2022:08:05:46 +0000] "GET /wp-includes/js/wp-embed.min.js?ver=5.8.3 HTTP/1.1" 200 4141 "https://intranet.smith.russellmitchell.com/?p=5" "Mozilla/5.0 (X11; Linux x86_64) AppleWebKit/537.36 (KHTML, like Gecko) HeadlessChrome/97.0.4692.71 Safari/537.36"
10.143.2.25 - - [22/Jan/2022:08:05:46 +0000] "GET /wp-content/plugins/wpdiscuz/assets/js/wpdiscuz-combo.min.js?ver=7.0.4 HTTP/1.1" 200 71266 "https://intranet.smith.russellmitchell.com/?p=5" "Mozilla/5.0 (X11; Linux x86_64) AppleWebKit/537.36 (KHTML, like Gecko) HeadlessChrome/97.0.4692.71 Safari/537.36"
10.143.2.25 - - [22/Jan/2022:08:06:06 +0000] "-" 408 3020 "-" "-"
10.143.2.25 - - [22/Jan/2022:08:06:06 +0000] "-" 408 3020 "-" "-"
::1 - - [22/Jan/2022:08:06:08 +0000] "OPTIONS * HTTP/1.0" 200 110 "-" "Apache/2.4.29 (Ubuntu) OpenSSL/1.1.1 (internal dummy connection)"
10.143.2.25 - - [22/Jan/2022:08:08:52 +0000] "GET /wp-content/plugins/wpdiscuz/assets/img/loading.gif HTTP/1.1" 200 4069 "https://intranet.smith.russellmitchell.com/wp-content/plugins/wpdiscuz/themes/default/style.css?ver=7.0.4" "Mozilla/5.0 (X11; Linux x86_64) AppleWebKit/537.36 (KHTML, like Gecko) HeadlessChrome/97.0.4692.71 Safari/537.36"
10.143.2.25 - - [22/Jan/2022:08:08:52 +0000] "POST /wp-admin/admin-ajax.php HTTP/1.1" 200 1237 "https://intranet.smith.russellmitchell.com/?p=5" "Mozilla/5.0 (X11; Linux x86_64) AppleWebKit/537.36 (KHTML, like Gecko) HeadlessChrome/97.0.4692.71 Safari/537.36"
10.143.2.25 - - [22/Jan/2022:08:09:01 +0000] "GET / HTTP/1.1" 200 6202 "-" "Mozilla/5.0 (X11; Linux x86_64) AppleWebKit/537.36 (KHTML, like Gecko) HeadlessChrome/97.0.4692.71 Safari/537.36"
10.143.2.91 - - [22/Jan/2022:08:28:13 +0000] "GET / HTTP/1.1" 200 6202 "-" "Mozilla/5.0 (X11; Ubuntu; Linux x86_64; rv:86.0) Gecko/20100101 Firefox/86.0"
10.143.2.4 - - [22/Jan/2022:08:28:13 +0000] "POST /wp-cron.php?doing_wp_cron=1642840093.4438259601593017578125 HTTP/1.1" 200 150 "-" "WordPress/5.8.3; https://intranet.smith.russellmitchell.com"
10.143.2.91 - - [22/Jan/2022:08:28:13 +0000] "GET /wp-includes/css/dist/block-library/style.min.css?ver=5.8.3 HTTP/1.1" 200 10846 "http://intranet.smith.russellmitchell.com/" "Mozilla/5.0 (X11; Ubuntu; Linux x86_64; rv:86.0) Gecko/20100101 Firefox/86.0"
10.143.2.91 - - [22/Jan/2022:08:28:13 +0000] "GET /wp-content/themes/go/dist/css/design-styles/style-traditional.min.css?ver=1.5.2 HTTP/1.1" 200 1412 "http://intranet.smith.russellmitchell.com/" "Mozilla/5.0 (X11; Ubuntu; Linux x86_64; rv:86.0) Gecko/20100101 Firefox/86.0"
10.143.2.91 - - [22/Jan/2022:08:28:13 +0000] "GET /wp-content/themes/go/dist/js/frontend.min.js?ver=1.5.2 HTTP/1.1" 200 2916 "http://intranet.smith.russellmitchell.com/" "Mozilla/5.0 (X11; Ubuntu; Linux x86_64; rv:86.0) Gecko/20100101 Firefox/86.0"
10.143.2.91 - - [22/Jan/2022:08:28:13 +0000] "GET /wp-includes/js/wp-embed.min.js?ver=5.8.3 HTTP/1.1" 200 1099 "http://intranet.smith.russellmitchell.com/" "Mozilla/5.0 (X11; Ubuntu; Linux x86_64; rv:86.0) Gecko/20100101 Firefox/86.0"
10.143.2.91 - - [22/Jan/2022:08:28:13 +0000] "GET /wp-includes/js/wp-emoji-release.min.js?ver=5.8.3 HTTP/1.1" 200 5266 "http://intranet.smith.russellmitchell.com/" "Mozilla/5.0 (X11; Ubuntu; Linux x86_64; rv:86.0) Gecko/20100101 Firefox/86.0"
10.143.2.91 - - [22/Jan/2022:08:28:13 +0000] "GET /wp-content/themes/go/dist/css/style-shared.min.css?ver=1.5.2 HTTP/1.1" 200 23204 "http://intranet.smith.russellmitchell.com/" "Mozilla/5.0 (X11; Ubuntu; Linux x86_64; rv:86.0) Gecko/20100101 Firefox/86.0"
10.143.2.91 - - [22/Jan/2022:08:28:14 +0000] "GET /favicon.ico HTTP/1.1" 404 396 "http://intranet.smith.russellmitchell.com/" "Mozilla/5.0 (X11; Ubuntu; Linux x86_64; rv:86.0) Gecko/20100101 Firefox/86.0"
::1 - - [22/Jan/2022:08:28:19 +0000] "OPTIONS * HTTP/1.0" 200 110 "-" "Apache/2.4.29 (Ubuntu) OpenSSL/1.1.1 (internal dummy connection)"
10.143.2.91 - - [22/Jan/2022:08:33:19 +0000] "GET /?p=5 HTTP/1.1" 200 27937 "-" "Mozilla/5.0 (X11; Ubuntu; Linux x86_64; rv:86.0) Gecko/20100101 Firefox/86.0"
10.143.2.91 - - [22/Jan/2022:08:33:19 +0000] "GET /wp-includes/css/dist/block-library/style.min.css?ver=5.8.3 HTTP/1.1" 200 10934 "https://intranet.smith.russellmitchell.com/?p=5" "Mozilla/5.0 (X11; Ubuntu; Linux x86_64; rv:86.0) Gecko/20100101 Firefox/86.0"
10.143.2.91 - - [22/Jan/2022:08:33:19 +0000] "GET /wp-content/plugins/wpdiscuz/themes/default/style.css?ver=7.0.4 HTTP/1.1" 200 19726 "https://intranet.smith.russellmitchell.com/?p=5" "Mozilla/5.0 (X11; Ubuntu; Linux x86_64; rv:86.0) Gecko/20100101 Firefox/86.0"
10.143.2.91 - - [22/Jan/2022:08:33:19 +0000] "GET /wp-content/plugins/wpdiscuz/assets/third-party/font-awesome-5.13.0/css/fa.min.css?ver=7.0.4 HTTP/1.1" 200 2888 "https://intranet.smith.russellmitchell.com/?p=5" "Mozilla/5.0 (X11; Ubuntu; Linux x86_64; rv:86.0) Gecko/20100101 Firefox/86.0"
10.143.2.91 - - [22/Jan/2022:08:33:19 +0000] "GET /wp-content/plugins/wpdiscuz/assets/css/wpdiscuz-combo.min.css?ver=5.8.3 HTTP/1.1" 200 7375 "https://intranet.smith.russellmitchell.com/?p=5" "Mozilla/5.0 (X11; Ubuntu; Linux x86_64; rv:86.0) Gecko/20100101 Firefox/86.0"
10.143.2.91 - - [22/Jan/2022:08:33:19 +0000] "GET /wp-includes/js/jquery/jquery-migrate.min.js?ver=3.3.2 HTTP/1.1" 200 4570 "https://intranet.smith.russellmitchell.com/?p=5" "Mozilla/5.0 (X11; Ubuntu; Linux x86_64; rv:86.0) Gecko/20100101 Firefox/86.0"
10.143.2.91 - - [22/Jan/2022:08:33:19 +0000] "GET /wp-includes/js/wp-emoji-release.min.js?ver=5.8.3 HTTP/1.1" 200 5907 "https://intranet.smith.russellmitchell.com/?p=5" "Mozilla/5.0 (X11; Ubuntu; Linux x86_64; rv:86.0) Gecko/20100101 Firefox/86.0"
10.143.2.91 - - [22/Jan/2022:08:33:19 +0000] "GET /wp-content/themes/go/dist/js/frontend.min.js?ver=1.5.2 HTTP/1.1" 200 2981 "https://intranet.smith.russellmitchell.com/?p=5" "Mozilla/5.0 (X11; Ubuntu; Linux x86_64; rv:86.0) Gecko/20100101 Firefox/86.0"
10.143.2.91 - - [22/Jan/2022:08:33:19 +0000] "GET /wp-content/themes/go/dist/css/design-styles/style-traditional.min.css?ver=1.5.2 HTTP/1.1" 200 2009 "https://intranet.smith.russellmitchell.com/?p=5" "Mozilla/5.0 (X11; Ubuntu; Linux x86_64; rv:86.0) Gecko/20100101 Firefox/86.0"
10.143.2.91 - - [22/Jan/2022:08:33:19 +0000] "GET /wp-includes/js/wp-embed.min.js?ver=5.8.3 HTTP/1.1" 200 1120 "https://intranet.smith.russellmitchell.com/?p=5" "Mozilla/5.0 (X11; Ubuntu; Linux x86_64; rv:86.0) Gecko/20100101 Firefox/86.0"
10.143.2.91 - - [22/Jan/2022:08:33:19 +0000] "GET /wp-includes/js/comment-reply.min.js?ver=5.8.3 HTTP/1.1" 200 1702 "https://intranet.smith.russellmitchell.com/?p=5" "Mozilla/5.0 (X11; Ubuntu; Linux x86_64; rv:86.0) Gecko/20100101 Firefox/86.0"
10.143.2.91 - - [22/Jan/2022:08:33:19 +0000] "GET /wp-content/themes/go/dist/css/style-shared.min.css?ver=1.5.2 HTTP/1.1" 200 23889 "https://intranet.smith.russellmitchell.com/?p=5" "Mozilla/5.0 (X11; Ubuntu; Linux x86_64; rv:86.0) Gecko/20100101 Firefox/86.0"
10.143.2.91 - - [22/Jan/2022:08:33:19 +0000] "GET /wp-includes/js/jquery/jquery.min.js?ver=3.6.0 HTTP/1.1" 200 31953 "https://intranet.smith.russellmitchell.com/?p=5" "Mozilla/5.0 (X11; Ubuntu; Linux x86_64; rv:86.0) Gecko/20100101 Firefox/86.0"
10.143.2.91 - - [22/Jan/2022:08:33:19 +0000] "GET /wp-content/plugins/wpdiscuz/assets/js/wpdiscuz-combo.min.js?ver=7.0.4 HTTP/1.1" 200 71266 "https://intranet.smith.russellmitchell.com/?p=5" "Mozilla/5.0 (X11; Ubuntu; Linux x86_64; rv:86.0) Gecko/20100101 Firefox/86.0"
10.143.2.91 - - [22/Jan/2022:08:33:19 +0000] "GET /wp-content/plugins/wpdiscuz/themes/default/css/fonts/sqr721c-webfont.woff2 HTTP/1.1" 200 18908 "https://intranet.smith.russellmitchell.com/wp-content/plugins/wpdiscuz/themes/default/style.css?ver=7.0.4" "Mozilla/5.0 (X11; Ubuntu; Linux x86_64; rv:86.0) Gecko/20100101 Firefox/86.0"
10.143.2.91 - - [22/Jan/2022:08:33:19 +0000] "GET /wp-content/plugins/wpdiscuz/assets/third-party/font-awesome-5.13.0/webfonts/fa-regular-400.woff2 HTTP/1.1" 200 13874 "https://intranet.smith.russellmitchell.com/wp-content/plugins/wpdiscuz/assets/third-party/font-awesome-5.13.0/css/fa.min.css?ver=7.0.4" "Mozilla/5.0 (X11; Ubuntu; Linux x86_64; rv:86.0) Gecko/20100101 Firefox/86.0"
10.143.2.91 - - [22/Jan/2022:08:33:19 +0000] "GET /wp-content/plugins/wpdiscuz/assets/third-party/font-awesome-5.13.0/webfonts/fa-solid-900.woff2 HTTP/1.1" 200 79823 "https://intranet.smith.russellmitchell.com/wp-content/plugins/wpdiscuz/assets/third-party/font-awesome-5.13.0/css/fa.min.css?ver=7.0.4" "Mozilla/5.0 (X11; Ubuntu; Linux x86_64; rv:86.0) Gecko/20100101 Firefox/86.0"
10.143.2.91 - - [22/Jan/2022:08:33:19 +0000] "GET /wp-content/plugins/wpdiscuz/assets/third-party/font-awesome-5.13.0/webfonts/fa-brands-400.woff2 HTTP/1.1" 200 76991 "https://intranet.smith.russellmitchell.com/wp-content/plugins/wpdiscuz/assets/third-party/font-awesome-5.13.0/css/fa.min.css?ver=7.0.4" "Mozilla/5.0 (X11; Ubuntu; Linux x86_64; rv:86.0) Gecko/20100101 Firefox/86.0"
10.143.2.91 - - [22/Jan/2022:08:33:19 +0000] "GET /favicon.ico HTTP/1.1" 404 418 "https://intranet.smith.russellmitchell.com/?p=5" "Mozilla/5.0 (X11; Ubuntu; Linux x86_64; rv:86.0) Gecko/20100101 Firefox/86.0"
::1 - - [22/Jan/2022:08:33:25 +0000] "OPTIONS * HTTP/1.0" 200 110 "-" "Apache/2.4.29 (Ubuntu) OpenSSL/1.1.1 (internal dummy connection)"
10.143.2.91 - - [22/Jan/2022:08:38:56 +0000] "GET /wp-content/plugins/wpdiscuz/assets/img/loading.gif HTTP/1.1" 200 6514 "https://intranet.smith.russellmitchell.com/wp-content/plugins/wpdiscuz/themes/default/style.css?ver=7.0.4" "Mozilla/5.0 (X11; Ubuntu; Linux x86_64; rv:86.0) Gecko/20100101 Firefox/86.0"
10.143.2.91 - - [22/Jan/2022:08:38:56 +0000] "POST /wp-admin/admin-ajax.php HTTP/1.1" 200 3684 "https://intranet.smith.russellmitchell.com/?p=5" "Mozilla/5.0 (X11; Ubuntu; Linux x86_64; rv:86.0) Gecko/20100101 Firefox/86.0"
10.143.2.91 - - [22/Jan/2022:08:39:04 +0000] "GET / HTTP/1.1" 200 6202 "-" "Mozilla/5.0 (X11; Ubuntu; Linux x86_64; rv:86.0) Gecko/20100101 Firefox/86.0"
10.143.2.91 - - [22/Jan/2022:08:42:01 +0000] "GET /?p=5 HTTP/1.1" 200 25506 "-" "Mozilla/5.0 (X11; Ubuntu; Linux x86_64; rv:86.0) Gecko/20100101 Firefox/86.0"
10.143.2.91 - - [22/Jan/2022:08:42:01 +0000] "GET /wp-content/plugins/wpdiscuz/assets/third-party/font-awesome-5.13.0/css/fa.min.css?ver=7.0.4 HTTP/1.1" 200 2888 "https://intranet.smith.russellmitchell.com/?p=5" "Mozilla/5.0 (X11; Ubuntu; Linux x86_64; rv:86.0) Gecko/20100101 Firefox/86.0"
10.143.2.91 - - [22/Jan/2022:08:44:22 +0000] "POST /wp-admin/admin-ajax.php HTTP/1.1" 200 5791 "https://intranet.smith.russellmitchell.com/?p=5" "Mozilla/5.0 (X11; Ubuntu; Linux x86_64; rv:86.0) Gecko/20100101 Firefox/86.0"
10.143.2.91 - - [22/Jan/2022:08:44:22 +0000] "POST /wp-admin/admin-ajax.php HTTP/1.1" 200 549 "https://intranet.smith.russellmitchell.com/?p=5" "Mozilla/5.0 (X11; Ubuntu; Linux x86_64; rv:86.0) Gecko/20100101 Firefox/86.0"
10.143.2.91 - - [22/Jan/2022:08:44:40 +0000] "GET / HTTP/1.1" 200 6203 "-" "Mozilla/5.0 (X11; Ubuntu; Linux x86_64; rv:86.0) Gecko/20100101 Firefox/86.0"
10.143.2.91 - - [22/Jan/2022:08:50:03 +0000] "GET /?p=5 HTTP/1.1" 200 28226 "-" "Mozilla/5.0 (X11; Ubuntu; Linux x86_64; rv:86.0) Gecko/20100101 Firefox/86.0"
10.143.2.25 - - [22/Jan/2022:08:52:09 +0000] "GET / HTTP/1.1" 200 6203 "-" "Mozilla/5.0 (X11; Linux x86_64) AppleWebKit/537.36 (KHTML, like Gecko) HeadlessChrome/97.0.4692.71 Safari/537.36"
10.143.2.25 - - [22/Jan/2022:08:53:47 +0000] "GET /?p=5 HTTP/1.1" 200 28101 "-" "Mozilla/5.0 (X11; Linux x86_64) AppleWebKit/537.36 (KHTML, like Gecko) HeadlessChrome/97.0.4692.71 Safari/537.36"
10.143.2.25 - - [22/Jan/2022:08:53:48 +0000] "GET /wp-includes/css/dist/block-library/style.min.css?ver=5.8.3 HTTP/1.1" 200 10934 "https://intranet.smith.russellmitchell.com/?p=5" "Mozilla/5.0 (X11; Linux x86_64) AppleWebKit/537.36 (KHTML, like Gecko) HeadlessChrome/97.0.4692.71 Safari/537.36"
10.143.2.25 - - [22/Jan/2022:08:53:48 +0000] "GET /wp-content/plugins/wpdiscuz/themes/default/style.css?ver=7.0.4 HTTP/1.1" 200 20302 "https://intranet.smith.russellmitchell.com/?p=5" "Mozilla/5.0 (X11; Linux x86_64) AppleWebKit/537.36 (KHTML, like Gecko) HeadlessChrome/97.0.4692.71 Safari/537.36"
10.143.2.25 - - [22/Jan/2022:08:53:48 +0000] "GET /wp-content/plugins/wpdiscuz/assets/third-party/font-awesome-5.13.0/css/fa.min.css?ver=7.0.4 HTTP/1.1" 200 3464 "https://intranet.smith.russellmitchell.com/?p=5" "Mozilla/5.0 (X11; Linux x86_64) AppleWebKit/537.36 (KHTML, like Gecko) HeadlessChrome/97.0.4692.71 Safari/537.36"
10.143.2.25 - - [22/Jan/2022:08:53:48 +0000] "GET /wp-content/themes/go/dist/css/design-styles/style-traditional.min.css?ver=1.5.2 HTTP/1.1" 200 2009 "https://intranet.smith.russellmitchell.com/?p=5" "Mozilla/5.0 (X11; Linux x86_64) AppleWebKit/537.36 (KHTML, like Gecko) HeadlessChrome/97.0.4692.71 Safari/537.36"
10.143.2.25 - - [22/Jan/2022:08:53:48 +0000] "GET /wp-includes/js/jquery/jquery-migrate.min.js?ver=3.3.2 HTTP/1.1" 200 4570 "https://intranet.smith.russellmitchell.com/?p=5" "Mozilla/5.0 (X11; Linux x86_64) AppleWebKit/537.36 (KHTML, like Gecko) HeadlessChrome/97.0.4692.71 Safari/537.36"
10.143.2.25 - - [22/Jan/2022:08:53:48 +0000] "GET /wp-content/plugins/wpdiscuz/assets/css/wpdiscuz-combo.min.css?ver=5.8.3 HTTP/1.1" 200 9820 "https://intranet.smith.russellmitchell.com/?p=5" "Mozilla/5.0 (X11; Linux x86_64) AppleWebKit/537.36 (KHTML, like Gecko) HeadlessChrome/97.0.4692.71 Safari/537.36"
10.143.2.25 - - [22/Jan/2022:08:53:48 +0000] "GET /wp-includes/js/jquery/jquery.min.js?ver=3.6.0 HTTP/1.1" 200 31377 "https://intranet.smith.russellmitchell.com/?p=5" "Mozilla/5.0 (X11; Linux x86_64) AppleWebKit/537.36 (KHTML, like Gecko) HeadlessChrome/97.0.4692.71 Safari/537.36"
10.143.2.25 - - [22/Jan/2022:08:53:48 +0000] "GET /wp-content/themes/go/dist/css/style-shared.min.css?ver=1.5.2 HTTP/1.1" 200 23889 "https://intranet.smith.russellmitchell.com/?p=5" "Mozilla/5.0 (X11; Linux x86_64) AppleWebKit/537.36 (KHTML, like Gecko) HeadlessChrome/97.0.4692.71 Safari/537.36"
10.143.2.25 - - [22/Jan/2022:08:53:48 +0000] "GET /wp-includes/js/wp-emoji-release.min.js?ver=5.8.3 HTTP/1.1" 200 5331 "https://intranet.smith.russellmitchell.com/?p=5" "Mozilla/5.0 (X11; Linux x86_64) AppleWebKit/537.36 (KHTML, like Gecko) HeadlessChrome/97.0.4692.71 Safari/537.36"
10.143.2.25 - - [22/Jan/2022:08:53:48 +0000] "GET /wp-content/plugins/wpdiscuz/themes/default/css/fonts/sqr721c-webfont.woff2 HTTP/1.1" 200 18908 "https://intranet.smith.russellmitchell.com/wp-content/plugins/wpdiscuz/themes/default/style.css?ver=7.0.4" "Mozilla/5.0 (X11; Linux x86_64) AppleWebKit/537.36 (KHTML, like Gecko) HeadlessChrome/97.0.4692.71 Safari/537.36"
10.143.2.25 - - [22/Jan/2022:08:53:48 +0000] "GET /wp-content/plugins/wpdiscuz/assets/third-party/font-awesome-5.13.0/webfonts/fa-regular-400.woff2 HTTP/1.1" 200 13874 "https://intranet.smith.russellmitchell.com/wp-content/plugins/wpdiscuz/assets/third-party/font-awesome-5.13.0/css/fa.min.css?ver=7.0.4" "Mozilla/5.0 (X11; Linux x86_64) AppleWebKit/537.36 (KHTML, like Gecko) HeadlessChrome/97.0.4692.71 Safari/537.36"
10.143.2.25 - - [22/Jan/2022:08:53:48 +0000] "GET /wp-content/plugins/wpdiscuz/assets/third-party/font-awesome-5.13.0/webfonts/fa-brands-400.woff2 HTTP/1.1" 200 76991 "https://intranet.smith.russellmitchell.com/wp-content/plugins/wpdiscuz/assets/third-party/font-awesome-5.13.0/css/fa.min.css?ver=7.0.4" "Mozilla/5.0 (X11; Linux x86_64) AppleWebKit/537.36 (KHTML, like Gecko) HeadlessChrome/97.0.4692.71 Safari/537.36"
10.143.2.25 - - [22/Jan/2022:08:53:48 +0000] "GET /wp-content/plugins/wpdiscuz/assets/third-party/font-awesome-5.13.0/webfonts/fa-solid-900.woff2 HTTP/1.1" 200 79823 "https://intranet.smith.russellmitchell.com/wp-content/plugins/wpdiscuz/assets/third-party/font-awesome-5.13.0/css/fa.min.css?ver=7.0.4" "Mozilla/5.0 (X11; Linux x86_64) AppleWebKit/537.36 (KHTML, like Gecko) HeadlessChrome/97.0.4692.71 Safari/537.36"
10.143.2.25 - - [22/Jan/2022:08:53:48 +0000] "GET /wp-content/themes/go/dist/js/frontend.min.js?ver=1.5.2 HTTP/1.1" 200 2981 "https://intranet.smith.russellmitchell.com/?p=5" "Mozilla/5.0 (X11; Linux x86_64) AppleWebKit/537.36 (KHTML, like Gecko) HeadlessChrome/97.0.4692.71 Safari/537.36"
10.143.2.25 - - [22/Jan/2022:08:53:48 +0000] "GET /wp-includes/js/comment-reply.min.js?ver=5.8.3 HTTP/1.1" 200 1702 "https://intranet.smith.russellmitchell.com/?p=5" "Mozilla/5.0 (X11; Linux x86_64) AppleWebKit/537.36 (KHTML, like Gecko) HeadlessChrome/97.0.4692.71 Safari/537.36"
10.143.2.25 - - [22/Jan/2022:08:53:48 +0000] "GET /wp-includes/js/wp-embed.min.js?ver=5.8.3 HTTP/1.1" 200 1120 "https://intranet.smith.russellmitchell.com/?p=5" "Mozilla/5.0 (X11; Linux x86_64) AppleWebKit/537.36 (KHTML, like Gecko) HeadlessChrome/97.0.4692.71 Safari/537.36"
10.143.2.25 - - [22/Jan/2022:08:53:48 +0000] "GET /wp-content/plugins/wpdiscuz/assets/js/wpdiscuz-combo.min.js?ver=7.0.4 HTTP/1.1" 200 71266 "https://intranet.smith.russellmitchell.com/?p=5" "Mozilla/5.0 (X11; Linux x86_64) AppleWebKit/537.36 (KHTML, like Gecko) HeadlessChrome/97.0.4692.71 Safari/537.36"
::1 - - [22/Jan/2022:08:53:56 +0000] "OPTIONS * HTTP/1.0" 200 110 "-" "Apache/2.4.29 (Ubuntu) OpenSSL/1.1.1 (internal dummy connection)"
10.143.2.91 - - [22/Jan/2022:08:54:35 +0000] "POST /wp-admin/admin-ajax.php HTTP/1.1" 200 1237 "https://intranet.smith.russellmitchell.com/?p=5" "Mozilla/5.0 (X11; Ubuntu; Linux x86_64; rv:86.0) Gecko/20100101 Firefox/86.0"
10.143.2.91 - - [22/Jan/2022:08:54:44 +0000] "GET / HTTP/1.1" 200 6203 "-" "Mozilla/5.0 (X11; Ubuntu; Linux x86_64; rv:86.0) Gecko/20100101 Firefox/86.0"
10.143.2.25 - - [22/Jan/2022:08:55:20 +0000] "GET /wp-content/plugins/wpdiscuz/assets/img/loading.gif HTTP/1.1" 200 4069 "https://intranet.smith.russellmitchell.com/wp-content/plugins/wpdiscuz/themes/default/style.css?ver=7.0.4" "Mozilla/5.0 (X11; Linux x86_64) AppleWebKit/537.36 (KHTML, like Gecko) HeadlessChrome/97.0.4692.71 Safari/537.36"
10.143.2.25 - - [22/Jan/2022:08:55:20 +0000] "POST /wp-admin/admin-ajax.php HTTP/1.1" 200 1237 "https://intranet.smith.russellmitchell.com/?p=5" "Mozilla/5.0 (X11; Linux x86_64) AppleWebKit/537.36 (KHTML, like Gecko) HeadlessChrome/97.0.4692.71 Safari/537.36"
10.143.2.25 - - [22/Jan/2022:08:55:58 +0000] "POST /wp-admin/admin-ajax.php HTTP/1.1" 200 5698 "https://intranet.smith.russellmitchell.com/?p=5" "Mozilla/5.0 (X11; Linux x86_64) AppleWebKit/537.36 (KHTML, like Gecko) HeadlessChrome/97.0.4692.71 Safari/537.36"
10.143.2.25 - - [22/Jan/2022:08:55:58 +0000] "POST /wp-admin/admin-ajax.php HTTP/1.1" 200 549 "https://intranet.smith.russellmitchell.com/?p=5" "Mozilla/5.0 (X11; Linux x86_64) AppleWebKit/537.36 (KHTML, like Gecko) HeadlessChrome/97.0.4692.71 Safari/537.36"
10.143.2.25 - - [22/Jan/2022:08:56:43 +0000] "GET / HTTP/1.1" 200 6203 "-" "Mozilla/5.0 (X11; Linux x86_64) AppleWebKit/537.36 (KHTML, like Gecko) HeadlessChrome/97.0.4692.71 Safari/537.36"
10.143.2.25 - - [22/Jan/2022:09:03:38 +0000] "GET /?p=5 HTTP/1.1" 200 28349 "-" "Mozilla/5.0 (X11; Linux x86_64) AppleWebKit/537.36 (KHTML, like Gecko) HeadlessChrome/97.0.4692.71 Safari/537.36"
10.143.2.25 - - [22/Jan/2022:09:03:38 +0000] "GET /wp-content/plugins/wpdiscuz/assets/third-party/font-awesome-5.13.0/css/fa.min.css?ver=7.0.4 HTTP/1.1" 200 3464 "https://intranet.smith.russellmitchell.com/?p=5" "Mozilla/5.0 (X11; Linux x86_64) AppleWebKit/537.36 (KHTML, like Gecko) HeadlessChrome/97.0.4692.71 Safari/537.36"
10.143.2.25 - - [22/Jan/2022:09:03:38 +0000] "GET /wp-content/plugins/wpdiscuz/assets/css/wpdiscuz-combo.min.css?ver=5.8.3 HTTP/1.1" 200 6799 "https://intranet.smith.russellmitchell.com/?p=5" "Mozilla/5.0 (X11; Linux x86_64) AppleWebKit/537.36 (KHTML, like Gecko) HeadlessChrome/97.0.4692.71 Safari/537.36"
10.143.2.25 - - [22/Jan/2022:09:03:38 +0000] "GET /wp-includes/css/dist/block-library/style.min.css?ver=5.8.3 HTTP/1.1" 200 10934 "https://intranet.smith.russellmitchell.com/?p=5" "Mozilla/5.0 (X11; Linux x86_64) AppleWebKit/537.36 (KHTML, like Gecko) HeadlessChrome/97.0.4692.71 Safari/537.36"
10.143.2.25 - - [22/Jan/2022:09:03:38 +0000] "GET /wp-content/themes/go/dist/css/design-styles/style-traditional.min.css?ver=1.5.2 HTTP/1.1" 200 1433 "https://intranet.smith.russellmitchell.com/?p=5" "Mozilla/5.0 (X11; Linux x86_64) AppleWebKit/537.36 (KHTML, like Gecko) HeadlessChrome/97.0.4692.71 Safari/537.36"
10.143.2.25 - - [22/Jan/2022:09:03:38 +0000] "GET /wp-content/plugins/wpdiscuz/themes/default/style.css?ver=7.0.4 HTTP/1.1" 200 20302 "https://intranet.smith.russellmitchell.com/?p=5" "Mozilla/5.0 (X11; Linux x86_64) AppleWebKit/537.36 (KHTML, like Gecko) HeadlessChrome/97.0.4692.71 Safari/537.36"
10.143.2.25 - - [22/Jan/2022:09:03:38 +0000] "GET /wp-includes/js/jquery/jquery-migrate.min.js?ver=3.3.2 HTTP/1.1" 200 7591 "https://intranet.smith.russellmitchell.com/?p=5" "Mozilla/5.0 (X11; Linux x86_64) AppleWebKit/537.36 (KHTML, like Gecko) HeadlessChrome/97.0.4692.71 Safari/537.36"
10.143.2.25 - - [22/Jan/2022:09:03:38 +0000] "GET /wp-content/themes/go/dist/css/style-shared.min.css?ver=1.5.2 HTTP/1.1" 200 23313 "https://intranet.smith.russellmitchell.com/?p=5" "Mozilla/5.0 (X11; Linux x86_64) AppleWebKit/537.36 (KHTML, like Gecko) HeadlessChrome/97.0.4692.71 Safari/537.36"
10.143.2.25 - - [22/Jan/2022:09:03:38 +0000] "GET /wp-includes/js/jquery/jquery.min.js?ver=3.6.0 HTTP/1.1" 200 31377 "https://intranet.smith.russellmitchell.com/?p=5" "Mozilla/5.0 (X11; Linux x86_64) AppleWebKit/537.36 (KHTML, like Gecko) HeadlessChrome/97.0.4692.71 Safari/537.36"
10.143.2.25 - - [22/Jan/2022:09:03:38 +0000] "GET /wp-includes/js/wp-emoji-release.min.js?ver=5.8.3 HTTP/1.1" 200 5331 "https://intranet.smith.russellmitchell.com/?p=5" "Mozilla/5.0 (X11; Linux x86_64) AppleWebKit/537.36 (KHTML, like Gecko) HeadlessChrome/97.0.4692.71 Safari/537.36"
10.143.2.25 - - [22/Jan/2022:09:03:39 +0000] "GET /wp-content/plugins/wpdiscuz/themes/default/css/fonts/sqr721c-webfont.woff2 HTTP/1.1" 200 18908 "https://intranet.smith.russellmitchell.com/wp-content/plugins/wpdiscuz/themes/default/style.css?ver=7.0.4" "Mozilla/5.0 (X11; Linux x86_64) AppleWebKit/537.36 (KHTML, like Gecko) HeadlessChrome/97.0.4692.71 Safari/537.36"
10.143.2.25 - - [22/Jan/2022:09:03:39 +0000] "GET /wp-content/plugins/wpdiscuz/assets/third-party/font-awesome-5.13.0/webfonts/fa-regular-400.woff2 HTTP/1.1" 200 13874 "https://intranet.smith.russellmitchell.com/wp-content/plugins/wpdiscuz/assets/third-party/font-awesome-5.13.0/css/fa.min.css?ver=7.0.4" "Mozilla/5.0 (X11; Linux x86_64) AppleWebKit/537.36 (KHTML, like Gecko) HeadlessChrome/97.0.4692.71 Safari/537.36"
10.143.2.25 - - [22/Jan/2022:09:03:39 +0000] "GET /wp-content/plugins/wpdiscuz/assets/third-party/font-awesome-5.13.0/webfonts/fa-brands-400.woff2 HTTP/1.1" 200 76991 "https://intranet.smith.russellmitchell.com/wp-content/plugins/wpdiscuz/assets/third-party/font-awesome-5.13.0/css/fa.min.css?ver=7.0.4" "Mozilla/5.0 (X11; Linux x86_64) AppleWebKit/537.36 (KHTML, like Gecko) HeadlessChrome/97.0.4692.71 Safari/537.36"
10.143.2.25 - - [22/Jan/2022:09:03:39 +0000] "GET /wp-content/plugins/wpdiscuz/assets/third-party/font-awesome-5.13.0/webfonts/fa-solid-900.woff2 HTTP/1.1" 200 79823 "https://intranet.smith.russellmitchell.com/wp-content/plugins/wpdiscuz/assets/third-party/font-awesome-5.13.0/css/fa.min.css?ver=7.0.4" "Mozilla/5.0 (X11; Linux x86_64) AppleWebKit/537.36 (KHTML, like Gecko) HeadlessChrome/97.0.4692.71 Safari/537.36"
10.143.2.25 - - [22/Jan/2022:09:03:39 +0000] "GET /wp-content/themes/go/dist/js/frontend.min.js?ver=1.5.2 HTTP/1.1" 200 2981 "https://intranet.smith.russellmitchell.com/?p=5" "Mozilla/5.0 (X11; Linux x86_64) AppleWebKit/537.36 (KHTML, like Gecko) HeadlessChrome/97.0.4692.71 Safari/537.36"
10.143.2.25 - - [22/Jan/2022:09:03:39 +0000] "GET /wp-includes/js/comment-reply.min.js?ver=5.8.3 HTTP/1.1" 200 1702 "https://intranet.smith.russellmitchell.com/?p=5" "Mozilla/5.0 (X11; Linux x86_64) AppleWebKit/537.36 (KHTML, like Gecko) HeadlessChrome/97.0.4692.71 Safari/537.36"
10.143.2.25 - - [22/Jan/2022:09:03:39 +0000] "GET /wp-includes/js/wp-embed.min.js?ver=5.8.3 HTTP/1.1" 200 1120 "https://intranet.smith.russellmitchell.com/?p=5" "Mozilla/5.0 (X11; Linux x86_64) AppleWebKit/537.36 (KHTML, like Gecko) HeadlessChrome/97.0.4692.71 Safari/537.36"
10.143.2.25 - - [22/Jan/2022:09:03:39 +0000] "GET /wp-content/plugins/wpdiscuz/assets/js/wpdiscuz-combo.min.js?ver=7.0.4 HTTP/1.1" 200 71266 "https://intranet.smith.russellmitchell.com/?p=5" "Mozilla/5.0 (X11; Linux x86_64) AppleWebKit/537.36 (KHTML, like Gecko) HeadlessChrome/97.0.4692.71 Safari/537.36"
10.143.2.25 - - [22/Jan/2022:09:03:58 +0000] "-" 408 3020 "-" "-"
10.143.2.25 - - [22/Jan/2022:09:03:58 +0000] "-" 408 3020 "-" "-"
::1 - - [22/Jan/2022:09:04:01 +0000] "OPTIONS * HTTP/1.0" 200 110 "-" "Apache/2.4.29 (Ubuntu) OpenSSL/1.1.1 (internal dummy connection)"
10.143.2.25 - - [22/Jan/2022:09:05:59 +0000] "GET /wp-content/plugins/wpdiscuz/assets/img/loading.gif HTTP/1.1" 200 4069 "https://intranet.smith.russellmitchell.com/wp-content/plugins/wpdiscuz/themes/default/style.css?ver=7.0.4" "Mozilla/5.0 (X11; Linux x86_64) AppleWebKit/537.36 (KHTML, like Gecko) HeadlessChrome/97.0.4692.71 Safari/537.36"
10.143.2.25 - - [22/Jan/2022:09:05:59 +0000] "POST /wp-admin/admin-ajax.php HTTP/1.1" 200 5748 "https://intranet.smith.russellmitchell.com/?p=5" "Mozilla/5.0 (X11; Linux x86_64) AppleWebKit/537.36 (KHTML, like Gecko) HeadlessChrome/97.0.4692.71 Safari/537.36"
10.143.2.25 - - [22/Jan/2022:09:05:59 +0000] "POST /wp-admin/admin-ajax.php HTTP/1.1" 200 549 "https://intranet.smith.russellmitchell.com/?p=5" "Mozilla/5.0 (X11; Linux x86_64) AppleWebKit/537.36 (KHTML, like Gecko) HeadlessChrome/97.0.4692.71 Safari/537.36"
10.143.2.25 - - [22/Jan/2022:09:07:23 +0000] "POST /wp-admin/admin-ajax.php HTTP/1.1" 200 5769 "https://intranet.smith.russellmitchell.com/?p=5" "Mozilla/5.0 (X11; Linux x86_64) AppleWebKit/537.36 (KHTML, like Gecko) HeadlessChrome/97.0.4692.71 Safari/537.36"
10.143.2.25 - - [22/Jan/2022:09:07:24 +0000] "POST /wp-admin/admin-ajax.php HTTP/1.1" 200 549 "https://intranet.smith.russellmitchell.com/?p=5" "Mozilla/5.0 (X11; Linux x86_64) AppleWebKit/537.36 (KHTML, like Gecko) HeadlessChrome/97.0.4692.71 Safari/537.36"
10.143.2.25 - - [22/Jan/2022:09:07:57 +0000] "GET / HTTP/1.1" 200 6203 "-" "Mozilla/5.0 (X11; Linux x86_64) AppleWebKit/537.36 (KHTML, like Gecko) HeadlessChrome/97.0.4692.71 Safari/537.36"
10.143.2.25 - - [22/Jan/2022:09:09:46 +0000] "GET /?p=5 HTTP/1.1" 200 26227 "-" "Mozilla/5.0 (X11; Linux x86_64) AppleWebKit/537.36 (KHTML, like Gecko) HeadlessChrome/97.0.4692.71 Safari/537.36"
10.143.2.25 - - [22/Jan/2022:09:09:47 +0000] "GET /wp-includes/css/dist/block-library/style.min.css?ver=5.8.3 HTTP/1.1" 200 10934 "https://intranet.smith.russellmitchell.com/?p=5" "Mozilla/5.0 (X11; Linux x86_64) AppleWebKit/537.36 (KHTML, like Gecko) HeadlessChrome/97.0.4692.71 Safari/537.36"
10.143.2.25 - - [22/Jan/2022:09:09:47 +0000] "GET /wp-content/plugins/wpdiscuz/themes/default/style.css?ver=7.0.4 HTTP/1.1" 200 20302 "https://intranet.smith.russellmitchell.com/?p=5" "Mozilla/5.0 (X11; Linux x86_64) AppleWebKit/537.36 (KHTML, like Gecko) HeadlessChrome/97.0.4692.71 Safari/537.36"
10.143.2.25 - - [22/Jan/2022:09:09:47 +0000] "GET /wp-content/plugins/wpdiscuz/assets/third-party/font-awesome-5.13.0/css/fa.min.css?ver=7.0.4 HTTP/1.1" 200 3464 "https://intranet.smith.russellmitchell.com/?p=5" "Mozilla/5.0 (X11; Linux x86_64) AppleWebKit/537.36 (KHTML, like Gecko) HeadlessChrome/97.0.4692.71 Safari/537.36"
10.143.2.25 - - [22/Jan/2022:09:09:47 +0000] "GET /wp-content/themes/go/dist/css/design-styles/style-traditional.min.css?ver=1.5.2 HTTP/1.1" 200 2009 "https://intranet.smith.russellmitchell.com/?p=5" "Mozilla/5.0 (X11; Linux x86_64) AppleWebKit/537.36 (KHTML, like Gecko) HeadlessChrome/97.0.4692.71 Safari/537.36"
10.143.2.25 - - [22/Jan/2022:09:09:47 +0000] "GET /wp-content/plugins/wpdiscuz/assets/css/wpdiscuz-combo.min.css?ver=5.8.3 HTTP/1.1" 200 9820 "https://intranet.smith.russellmitchell.com/?p=5" "Mozilla/5.0 (X11; Linux x86_64) AppleWebKit/537.36 (KHTML, like Gecko) HeadlessChrome/97.0.4692.71 Safari/537.36"
10.143.2.25 - - [22/Jan/2022:09:09:47 +0000] "GET /wp-includes/js/jquery/jquery.min.js?ver=3.6.0 HTTP/1.1" 200 31377 "https://intranet.smith.russellmitchell.com/?p=5" "Mozilla/5.0 (X11; Linux x86_64) AppleWebKit/537.36 (KHTML, like Gecko) HeadlessChrome/97.0.4692.71 Safari/537.36"
10.143.2.25 - - [22/Jan/2022:09:09:47 +0000] "GET /wp-content/themes/go/dist/css/style-shared.min.css?ver=1.5.2 HTTP/1.1" 200 23889 "https://intranet.smith.russellmitchell.com/?p=5" "Mozilla/5.0 (X11; Linux x86_64) AppleWebKit/537.36 (KHTML, like Gecko) HeadlessChrome/97.0.4692.71 Safari/537.36"
10.143.2.25 - - [22/Jan/2022:09:09:47 +0000] "GET /wp-includes/js/jquery/jquery-migrate.min.js?ver=3.3.2 HTTP/1.1" 200 4570 "https://intranet.smith.russellmitchell.com/?p=5" "Mozilla/5.0 (X11; Linux x86_64) AppleWebKit/537.36 (KHTML, like Gecko) HeadlessChrome/97.0.4692.71 Safari/537.36"
10.143.2.25 - - [22/Jan/2022:09:09:47 +0000] "GET /wp-includes/js/wp-emoji-release.min.js?ver=5.8.3 HTTP/1.1" 200 5331 "https://intranet.smith.russellmitchell.com/?p=5" "Mozilla/5.0 (X11; Linux x86_64) AppleWebKit/537.36 (KHTML, like Gecko) HeadlessChrome/97.0.4692.71 Safari/537.36"
10.143.2.25 - - [22/Jan/2022:09:09:47 +0000] "GET /wp-content/plugins/wpdiscuz/themes/default/css/fonts/sqr721c-webfont.woff2 HTTP/1.1" 200 18908 "https://intranet.smith.russellmitchell.com/wp-content/plugins/wpdiscuz/themes/default/style.css?ver=7.0.4" "Mozilla/5.0 (X11; Linux x86_64) AppleWebKit/537.36 (KHTML, like Gecko) HeadlessChrome/97.0.4692.71 Safari/537.36"
10.143.2.25 - - [22/Jan/2022:09:09:47 +0000] "GET /wp-content/plugins/wpdiscuz/assets/third-party/font-awesome-5.13.0/webfonts/fa-regular-400.woff2 HTTP/1.1" 200 13874 "https://intranet.smith.russellmitchell.com/wp-content/plugins/wpdiscuz/assets/third-party/font-awesome-5.13.0/css/fa.min.css?ver=7.0.4" "Mozilla/5.0 (X11; Linux x86_64) AppleWebKit/537.36 (KHTML, like Gecko) HeadlessChrome/97.0.4692.71 Safari/537.36"
10.143.2.25 - - [22/Jan/2022:09:09:47 +0000] "GET /wp-content/plugins/wpdiscuz/assets/third-party/font-awesome-5.13.0/webfonts/fa-solid-900.woff2 HTTP/1.1" 200 79823 "https://intranet.smith.russellmitchell.com/wp-content/plugins/wpdiscuz/assets/third-party/font-awesome-5.13.0/css/fa.min.css?ver=7.0.4" "Mozilla/5.0 (X11; Linux x86_64) AppleWebKit/537.36 (KHTML, like Gecko) HeadlessChrome/97.0.4692.71 Safari/537.36"
10.143.2.25 - - [22/Jan/2022:09:09:47 +0000] "GET /wp-content/plugins/wpdiscuz/assets/third-party/font-awesome-5.13.0/webfonts/fa-brands-400.woff2 HTTP/1.1" 200 76991 "https://intranet.smith.russellmitchell.com/wp-content/plugins/wpdiscuz/assets/third-party/font-awesome-5.13.0/css/fa.min.css?ver=7.0.4" "Mozilla/5.0 (X11; Linux x86_64) AppleWebKit/537.36 (KHTML, like Gecko) HeadlessChrome/97.0.4692.71 Safari/537.36"
10.143.2.25 - - [22/Jan/2022:09:09:47 +0000] "GET /wp-includes/js/comment-reply.min.js?ver=5.8.3 HTTP/1.1" 200 1702 "https://intranet.smith.russellmitchell.com/?p=5" "Mozilla/5.0 (X11; Linux x86_64) AppleWebKit/537.36 (KHTML, like Gecko) HeadlessChrome/97.0.4692.71 Safari/537.36"
10.143.2.25 - - [22/Jan/2022:09:09:47 +0000] "GET /wp-content/themes/go/dist/js/frontend.min.js?ver=1.5.2 HTTP/1.1" 200 2981 "https://intranet.smith.russellmitchell.com/?p=5" "Mozilla/5.0 (X11; Linux x86_64) AppleWebKit/537.36 (KHTML, like Gecko) HeadlessChrome/97.0.4692.71 Safari/537.36"
10.143.2.25 - - [22/Jan/2022:09:09:47 +0000] "GET /wp-includes/js/wp-embed.min.js?ver=5.8.3 HTTP/1.1" 200 1120 "https://intranet.smith.russellmitchell.com/?p=5" "Mozilla/5.0 (X11; Linux x86_64) AppleWebKit/537.36 (KHTML, like Gecko) HeadlessChrome/97.0.4692.71 Safari/537.36"
10.143.2.25 - - [22/Jan/2022:09:09:47 +0000] "GET /wp-content/plugins/wpdiscuz/assets/js/wpdiscuz-combo.min.js?ver=7.0.4 HTTP/1.1" 200 71266 "https://intranet.smith.russellmitchell.com/?p=5" "Mozilla/5.0 (X11; Linux x86_64) AppleWebKit/537.36 (KHTML, like Gecko) HeadlessChrome/97.0.4692.71 Safari/537.36"
::1 - - [22/Jan/2022:09:09:55 +0000] "OPTIONS * HTTP/1.0" 200 110 "-" "Apache/2.4.29 (Ubuntu) OpenSSL/1.1.1 (internal dummy connection)"
10.143.2.25 - - [22/Jan/2022:09:15:37 +0000] "GET /wp-content/plugins/wpdiscuz/assets/img/loading.gif HTTP/1.1" 200 6514 "https://intranet.smith.russellmitchell.com/wp-content/plugins/wpdiscuz/themes/default/style.css?ver=7.0.4" "Mozilla/5.0 (X11; Linux x86_64) AppleWebKit/537.36 (KHTML, like Gecko) HeadlessChrome/97.0.4692.71 Safari/537.36"
10.143.2.25 - - [22/Jan/2022:09:15:37 +0000] "POST /wp-admin/admin-ajax.php HTTP/1.1" 200 8129 "https://intranet.smith.russellmitchell.com/?p=5" "Mozilla/5.0 (X11; Linux x86_64) AppleWebKit/537.36 (KHTML, like Gecko) HeadlessChrome/97.0.4692.71 Safari/537.36"
10.143.2.25 - - [22/Jan/2022:09:15:37 +0000] "POST /wp-admin/admin-ajax.php HTTP/1.1" 200 549 "https://intranet.smith.russellmitchell.com/?p=5" "Mozilla/5.0 (X11; Linux x86_64) AppleWebKit/537.36 (KHTML, like Gecko) HeadlessChrome/97.0.4692.71 Safari/537.36"
10.143.2.25 - - [22/Jan/2022:09:16:19 +0000] "GET / HTTP/1.1" 200 6203 "-" "Mozilla/5.0 (X11; Linux x86_64) AppleWebKit/537.36 (KHTML, like Gecko) HeadlessChrome/97.0.4692.71 Safari/537.36"
172.19.131.174 - - [22/Jan/2022:09:20:16 +0000] "GET / HTTP/1.1" 200 6203 "-" "Mozilla/5.0 (X11; Ubuntu; Linux x86_64; rv:86.0) Gecko/20100101 Firefox/86.0"
172.19.131.174 - - [22/Jan/2022:09:20:16 +0000] "GET /wp-includes/js/wp-emoji-release.min.js?ver=5.8.3 HTTP/1.1" 200 5265 "http://intranet.smith.russellmitchell.com/" "Mozilla/5.0 (X11; Ubuntu; Linux x86_64; rv:86.0) Gecko/20100101 Firefox/86.0"
172.19.131.174 - - [22/Jan/2022:09:20:16 +0000] "GET /wp-includes/js/wp-embed.min.js?ver=5.8.3 HTTP/1.1" 200 1099 "http://intranet.smith.russellmitchell.com/" "Mozilla/5.0 (X11; Ubuntu; Linux x86_64; rv:86.0) Gecko/20100101 Firefox/86.0"
172.19.131.174 - - [22/Jan/2022:09:20:16 +0000] "GET /wp-content/themes/go/dist/css/design-styles/style-traditional.min.css?ver=1.5.2 HTTP/1.1" 200 1412 "http://intranet.smith.russellmitchell.com/" "Mozilla/5.0 (X11; Ubuntu; Linux x86_64; rv:86.0) Gecko/20100101 Firefox/86.0"
172.19.131.174 - - [22/Jan/2022:09:20:16 +0000] "GET /wp-content/themes/go/dist/js/frontend.min.js?ver=1.5.2 HTTP/1.1" 200 2916 "http://intranet.smith.russellmitchell.com/" "Mozilla/5.0 (X11; Ubuntu; Linux x86_64; rv:86.0) Gecko/20100101 Firefox/86.0"
172.19.131.174 - - [22/Jan/2022:09:20:16 +0000] "GET /wp-includes/css/dist/block-library/style.min.css?ver=5.8.3 HTTP/1.1" 200 10847 "http://intranet.smith.russellmitchell.com/" "Mozilla/5.0 (X11; Ubuntu; Linux x86_64; rv:86.0) Gecko/20100101 Firefox/86.0"
172.19.131.174 - - [22/Jan/2022:09:20:16 +0000] "GET /wp-content/themes/go/dist/css/style-shared.min.css?ver=1.5.2 HTTP/1.1" 200 23204 "http://intranet.smith.russellmitchell.com/" "Mozilla/5.0 (X11; Ubuntu; Linux x86_64; rv:86.0) Gecko/20100101 Firefox/86.0"
172.19.131.174 - - [22/Jan/2022:09:20:17 +0000] "GET /favicon.ico HTTP/1.1" 404 396 "http://intranet.smith.russellmitchell.com/" "Mozilla/5.0 (X11; Ubuntu; Linux x86_64; rv:86.0) Gecko/20100101 Firefox/86.0"
::1 - - [22/Jan/2022:09:20:22 +0000] "OPTIONS * HTTP/1.0" 200 110 "-" "Apache/2.4.29 (Ubuntu) OpenSSL/1.1.1 (internal dummy connection)"
10.143.3.65 - - [22/Jan/2022:09:34:35 +0000] "GET / HTTP/1.1" 200 6203 "-" "Mozilla/5.0 (X11; Ubuntu; Linux x86_64; rv:86.0) Gecko/20100101 Firefox/86.0"
10.143.2.4 - - [22/Jan/2022:09:34:35 +0000] "POST /wp-cron.php?doing_wp_cron=1642844075.5731470584869384765625 HTTP/1.1" 200 150 "-" "WordPress/5.8.3; https://intranet.smith.russellmitchell.com"
10.143.3.65 - - [22/Jan/2022:09:34:35 +0000] "GET /wp-content/themes/go/dist/css/style-shared.min.css?ver=1.5.2 HTTP/1.1" 200 4194 "http://intranet.smith.russellmitchell.com/" "Mozilla/5.0 (X11; Ubuntu; Linux x86_64; rv:86.0) Gecko/20100101 Firefox/86.0"
